Archive member included to satisfy reference by file (symbol)

c:/devkitPro/libctru/lib\libsfil.a(sfil_png.o)
                              main.o (sfil_load_PNG_buffer)
c:/devkitPro/portlibs/armv6k/lib\libpng.a(png.o)
                              c:/devkitPro/libctru/lib\libsfil.a(sfil_png.o) (png_set_sig_bytes)
c:/devkitPro/portlibs/armv6k/lib\libpng.a(pngerror.o)
                              c:/devkitPro/portlibs/armv6k/lib\libpng.a(png.o) (png_safecat)
c:/devkitPro/portlibs/armv6k/lib\libpng.a(pngget.o)
                              c:/devkitPro/libctru/lib\libsfil.a(sfil_png.o) (png_get_valid)
c:/devkitPro/portlibs/armv6k/lib\libpng.a(pngmem.o)
                              c:/devkitPro/portlibs/armv6k/lib\libpng.a(png.o) (png_calloc)
c:/devkitPro/portlibs/armv6k/lib\libpng.a(pngread.o)
                              c:/devkitPro/libctru/lib\libsfil.a(sfil_png.o) (png_create_read_struct)
c:/devkitPro/portlibs/armv6k/lib\libpng.a(pngrio.o)
                              c:/devkitPro/libctru/lib\libsfil.a(sfil_png.o) (png_set_read_fn)
c:/devkitPro/portlibs/armv6k/lib\libpng.a(pngrtran.o)
                              c:/devkitPro/portlibs/armv6k/lib\libpng.a(pngread.o) (png_set_background_fixed)
c:/devkitPro/portlibs/armv6k/lib\libpng.a(pngrutil.o)
                              c:/devkitPro/portlibs/armv6k/lib\libpng.a(pngread.o) (png_read_sig)
c:/devkitPro/portlibs/armv6k/lib\libpng.a(pngset.o)
                              c:/devkitPro/portlibs/armv6k/lib\libpng.a(pngrutil.o) (png_set_bKGD)
c:/devkitPro/portlibs/armv6k/lib\libpng.a(pngtrans.o)
                              c:/devkitPro/portlibs/armv6k/lib\libpng.a(pngread.o) (png_set_bgr)
c:/devkitPro/portlibs/armv6k/lib\libpng.a(pngwrite.o)
                              c:/devkitPro/portlibs/armv6k/lib\libpng.a(png.o) (png_destroy_write_struct)
c:/devkitPro/portlibs/armv6k/lib\libpng.a(pngwtran.o)
                              c:/devkitPro/portlibs/armv6k/lib\libpng.a(pngwrite.o) (png_do_write_transformations)
c:/devkitPro/portlibs/armv6k/lib\libpng.a(pngwutil.o)
                              c:/devkitPro/portlibs/armv6k/lib\libpng.a(png.o) (png_save_uint_32)
c:/devkitPro/portlibs/armv6k/lib\libpng.a(pngwio.o)
                              c:/devkitPro/portlibs/armv6k/lib\libpng.a(pngwutil.o) (png_write_data)
c:/devkitPro/portlibs/armv6k/lib\libz.a(adler32.o)
                              c:/devkitPro/portlibs/armv6k/lib\libpng.a(png.o) (adler32)
c:/devkitPro/portlibs/armv6k/lib\libz.a(crc32.o)
                              c:/devkitPro/portlibs/armv6k/lib\libpng.a(png.o) (crc32)
c:/devkitPro/portlibs/armv6k/lib\libz.a(deflate.o)
                              c:/devkitPro/portlibs/armv6k/lib\libpng.a(pngwutil.o) (deflateReset)
c:/devkitPro/portlibs/armv6k/lib\libz.a(inflate.o)
                              c:/devkitPro/portlibs/armv6k/lib\libpng.a(png.o) (inflateReset)
c:/devkitPro/portlibs/armv6k/lib\libz.a(inftrees.o)
                              c:/devkitPro/portlibs/armv6k/lib\libz.a(inflate.o) (inflate_table)
c:/devkitPro/portlibs/armv6k/lib\libz.a(trees.o)
                              c:/devkitPro/portlibs/armv6k/lib\libz.a(deflate.o) (_tr_init)
c:/devkitPro/portlibs/armv6k/lib\libz.a(zutil.o)
                              c:/devkitPro/portlibs/armv6k/lib\libz.a(deflate.o) (zcalloc)
c:/devkitPro/portlibs/armv6k/lib\libz.a(inffast.o)
                              c:/devkitPro/portlibs/armv6k/lib\libz.a(inflate.o) (inflate_fast)
c:/devkitPro/libctru/lib\libsf2d.a(sf2d.o)
                              main.o (sf2d_fini)
c:/devkitPro/libctru/lib\libsf2d.a(sf2d_texture.o)
                              c:/devkitPro/libctru/lib\libsfil.a(sfil_png.o) (sf2d_create_texture)
c:/devkitPro/libctru/lib\libsf2d.a(shader.shbin.o)
                              c:/devkitPro/libctru/lib\libsf2d.a(sf2d.o) (shader_shbin_size)
c:/devkitPro/libctru/lib\libcitro3d.a(uniforms.o)
                              c:/devkitPro/libctru/lib\libsf2d.a(sf2d.o) (C3D_FVUnifDirty)
c:/devkitPro/libctru/lib\libcitro3d.a(attribs.o)
                              c:/devkitPro/libctru/lib\libsf2d.a(sf2d_texture.o) (AttrInfo_Init)
c:/devkitPro/libctru/lib\libcitro3d.a(effect.o)
                              c:/devkitPro/libctru/lib\libsf2d.a(sf2d.o) (C3D_CullFace)
c:/devkitPro/libctru/lib\libcitro3d.a(drawArrays.o)
                              c:/devkitPro/libctru/lib\libsf2d.a(sf2d_texture.o) (C3D_DrawArrays)
c:/devkitPro/libctru/lib\libcitro3d.a(buffers.o)
                              c:/devkitPro/libctru/lib\libsf2d.a(sf2d_texture.o) (BufInfo_Init)
c:/devkitPro/libctru/lib\libcitro3d.a(texenv.o)
                              c:/devkitPro/libctru/lib\libsf2d.a(sf2d_texture.o) (C3D_GetTexEnv)
c:/devkitPro/libctru/lib\libcitro3d.a(texture.o)
                              c:/devkitPro/libctru/lib\libsf2d.a(sf2d_texture.o) (C3D_TexInit)
c:/devkitPro/libctru/lib\libcitro3d.a(renderqueue.o)
                              c:/devkitPro/libctru/lib\libsf2d.a(sf2d.o) (C3D_FrameBegin)
[...]
Memory Configuration

Name             Origin             Length             Attributes
*default*        0x00000000         0xffffffff

Linker script and memory map

                0x00100000                PROVIDE (__start__, 0x100000)
                0x00100000                . = __start__

.text           0x00100000    0x3d4f0
 *(.crt0)
 .crt0          0x00100000       0x94 c:/devkitpro/devkitarm/bin/../lib/gcc/arm-none-eabi/6.3.0/../../../../arm-none-eabi/lib/armv6k/fpu/3dsx_crt0.o
                0x00100000                _start
                0x00100008                __service_ptr
                0x0010000c                __apt_appid
                0x00100010                __heap_size
                0x00100014                __linear_heap_size
                0x00100018                __system_arglist
                0x0010001c                __system_runflags
 *(.init)
 .init          0x00100094        0xc c:/devkitpro/devkitarm/bin/../lib/gcc/arm-none-eabi/6.3.0/armv6k/fpu/crti.o
                0x00100094                _init
 .init          0x001000a0        0xc c:/devkitpro/devkitarm/bin/../lib/gcc/arm-none-eabi/6.3.0/armv6k/fpu/crtn.o
                0x001000ac                . = ALIGN (0x4)
 *(.text)
 .text          0x001000ac       0x64 c:/devkitPro/libctru/lib\libctru.a(stack_adjust.o)
                0x001000ac                initSystem
                0x001000f0                __ctru_exit
 .text          0x00100110      0x20c c:/devkitpro/devkitarm/bin/../lib/gcc/arm-none-eabi/6.3.0/armv6k/fpu\libgcc.a(_udivsi3.o)
                0x00100110                __aeabi_uidiv
                0x00100110                __udivsi3
                0x001002fc                __aeabi_uidivmod
 .text          0x0010031c      0x240 c:/devkitpro/devkitarm/bin/../lib/gcc/arm-none-eabi/6.3.0/armv6k/fpu\libgcc.a(_divsi3.o)
                0x0010031c                __divsi3
                0x0010031c                __aeabi_idiv
                0x0010053c                __aeabi_idivmod
 .text          0x0010055c        0x4 c:/devkitpro/devkitarm/bin/../lib/gcc/arm-none-eabi/6.3.0/armv6k/fpu\libgcc.a(_dvmd_tls.o)
                0x0010055c                __aeabi_idiv0
                0x0010055c                __aeabi_ldiv0
 .text          0x00100560      0x250 c:/devkitpro/devkitarm/bin/../lib/gcc/arm-none-eabi/6.3.0/armv6k/fpu\libgcc.a(_arm_addsubsf3.o)
                0x00100560                __aeabi_frsub
                0x00100568                __subsf3
                0x00100568                __aeabi_fsub
                0x0010056c                __aeabi_fadd
                0x0010056c                __addsf3
                0x001006fc                __aeabi_ui2f
                0x001006fc                __floatunsisf
                0x00100704                __aeabi_i2f
                0x00100704                __floatsisf
                0x00100724                __aeabi_ul2f
                0x00100724                __floatundisf
                0x00100734                __aeabi_l2f
                0x00100734                __floatdisf
 .text          0x001007b0       0x3c c:/devkitpro/devkitarm/bin/../lib/gcc/arm-none-eabi/6.3.0/armv6k/fpu\libgcc.a(_aeabi_uldivmod.o)
                0x001007b0                __aeabi_uldivmod
 .text          0x001007ec       0x2c c:/devkitpro/devkitarm/bin/../lib/gcc/arm-none-eabi/6.3.0/../../../../arm-none-eabi/lib/armv6k/fpu\libg.a(lib_a-setjmp.o)
                0x001007ec                setjmp
                0x00100800                longjmp
 *fill*         0x00100818        0x8 
 .text          0x00100820      0x390 c:/devkitpro/devkitarm/bin/../lib/gcc/arm-none-eabi/6.3.0/../../../../arm-none-eabi/lib/armv6k/fpu\libg.a(lib_a-strcmp.o)
                0x00100828                strcmp
 *(.text.*)
 .text.deregister_tm_clones
                0x00100bb0       0x30 c:/devkitpro/devkitarm/bin/../lib/gcc/arm-none-eabi/6.3.0/armv6k/fpu/crtbegin.o
 .text.register_tm_clones
                0x00100be0       0x38 c:/devkitpro/devkitarm/bin/../lib/gcc/arm-none-eabi/6.3.0/armv6k/fpu/crtbegin.o
 .text.__do_global_dtors_aux
                0x00100c18       0x44 c:/devkitpro/devkitarm/bin/../lib/gcc/arm-none-eabi/6.3.0/armv6k/fpu/crtbegin.o
 .text.frame_dummy
                0x00100c5c       0x5c c:/devkitpro/devkitarm/bin/../lib/gcc/arm-none-eabi/6.3.0/armv6k/fpu/crtbegin.o
 .text.startup  0x00100cb8      0x228 main.o
                0x00100cb8                main
 .text._sfil_load_PNG_generic
                0x00100ee0      0x2f8 c:/devkitPro/libctru/lib\libsfil.a(sfil_png.o)
 .text._sfil_read_png_buffer_fn
                0x001011d8       0x34 c:/devkitPro/libctru/lib\libsfil.a(sfil_png.o)
 .text.sfil_load_PNG_buffer
                0x0010120c       0x4c c:/devkitPro/libctru/lib\libsfil.a(sfil_png.o)
                0x0010120c                sfil_load_PNG_buffer
 .text.png_zalloc
                0x00101258       0x50 c:/devkitPro/portlibs/armv6k/lib\libpng.a(png.o)
                0x00101258                png_zalloc
 .text.png_zfree
                0x001012a8        0x4 c:/devkitPro/portlibs/armv6k/lib\libpng.a(png.o)
                0x001012a8                png_zfree
 *fill*         0x001012ac        0x4 
 .text.png_build_16bit_table
                0x001012b0      0x1d0 c:/devkitPro/portlibs/armv6k/lib\libpng.a(png.o)
 .text.png_colorspace_endpoints_match
                0x00101480      0x114 c:/devkitPro/portlibs/armv6k/lib\libpng.a(png.o)
 .text.png_free_data.part.3
                0x00101594      0x498 c:/devkitPro/portlibs/armv6k/lib\libpng.a(png.o)
 *fill*         0x00101a2c        0x4 
 .text.png_muldiv.part.9
                0x00101a30       0x88 c:/devkitPro/portlibs/armv6k/lib\libpng.a(png.o)
 .text.png_gamma_8bit_correct.part.15
                0x00101ab8       0x70 c:/devkitPro/portlibs/armv6k/lib\libpng.a(png.o)
 .text.png_icc_profile_error
                0x00101b28      0x200 c:/devkitPro/portlibs/armv6k/lib\libpng.a(png.o)
 .text.png_set_sig_bytes
                0x00101d28       0x3c c:/devkitPro/portlibs/armv6k/lib\libpng.a(png.o)
                0x00101d28                png_set_sig_bytes
 .text.png_sig_cmp
                0x00101d64       0x70 c:/devkitPro/portlibs/armv6k/lib\libpng.a(png.o)
                0x00101d64                png_sig_cmp
 .text.png_reset_crc
                0x00101dd4       0x20 c:/devkitPro/portlibs/armv6k/lib\libpng.a(png.o)
                0x00101dd4                png_reset_crc
 .text.png_calculate_crc
                0x00101df4       0x54 c:/devkitPro/portlibs/armv6k/lib\libpng.a(png.o)
                0x00101df4                png_calculate_crc
 .text.png_user_version_check
                0x00101e48      0x110 c:/devkitPro/portlibs/armv6k/lib\libpng.a(png.o)
                0x00101e48                png_user_version_check
 .text.png_create_png_struct
                0x00101f58      0x114 c:/devkitPro/portlibs/armv6k/lib\libpng.a(png.o)
                0x00101f58                png_create_png_struct
 .text.png_create_info_struct
                0x0010206c       0x40 c:/devkitPro/portlibs/armv6k/lib\libpng.a(png.o)
                0x0010206c                png_create_info_struct
 .text.png_destroy_info_struct
                0x001020ac      0x3a0 c:/devkitPro/portlibs/armv6k/lib\libpng.a(png.o)
                0x001020ac                png_destroy_info_struct
 .text.png_free_data
                0x0010244c       0x10 c:/devkitPro/portlibs/armv6k/lib\libpng.a(png.o)
                0x0010244c                png_free_data
 .text.png_get_io_ptr
                0x0010245c        0xc c:/devkitPro/portlibs/armv6k/lib\libpng.a(png.o)
                0x0010245c                png_get_io_ptr
 .text.png_chunk_unknown_handling
                0x00102468       0x94 c:/devkitPro/portlibs/armv6k/lib\libpng.a(png.o)
                0x00102468                png_chunk_unknown_handling
 .text.png_zstream_error
                0x001024fc       0xe4 c:/devkitPro/portlibs/armv6k/lib\libpng.a(png.o)
                0x001024fc                png_zstream_error
 .text.png_colorspace_set_gamma
                0x001025e0      0x158 c:/devkitPro/portlibs/armv6k/lib\libpng.a(png.o)
                0x001025e0                png_colorspace_set_gamma
 .text.png_colorspace_sync
                0x00102738       0x84 c:/devkitPro/portlibs/armv6k/lib\libpng.a(png.o)
                0x00102738                png_colorspace_sync
 *fill*         0x001027bc        0x4 
 .text.png_colorspace_set_sRGB
                0x001027c0      0x204 c:/devkitPro/portlibs/armv6k/lib\libpng.a(png.o)
                0x001027c0                png_colorspace_set_sRGB
 .text.png_icc_check_length
                0x001029c4      0x198 c:/devkitPro/portlibs/armv6k/lib\libpng.a(png.o)
                0x001029c4                png_icc_check_length
 .text.png_icc_check_header
                0x00102b5c      0x37c c:/devkitPro/portlibs/armv6k/lib\libpng.a(png.o)
                0x00102b5c                png_icc_check_header
 .text.png_icc_check_tag_table
                0x00102ed8      0x138 c:/devkitPro/portlibs/armv6k/lib\libpng.a(png.o)
                0x00102ed8                png_icc_check_tag_table
 .text.png_icc_set_sRGB
                0x00103010      0x250 c:/devkitPro/portlibs/armv6k/lib\libpng.a(png.o)
                0x00103010                png_icc_set_sRGB
 .text.png_colorspace_set_rgb_coefficients
                0x00103260      0x284 c:/devkitPro/portlibs/armv6k/lib\libpng.a(png.o)
                0x00103260                png_colorspace_set_rgb_coefficients
 .text.png_check_IHDR
                0x001034e4      0x2ac c:/devkitPro/portlibs/armv6k/lib\libpng.a(png.o)
                0x001034e4                png_check_IHDR
 .text.png_check_fp_number
                0x00103790      0x2a8 c:/devkitPro/portlibs/armv6k/lib\libpng.a(png.o)
                0x00103790                png_check_fp_number
 .text.png_check_fp_string
                0x00103a38      0x2d4 c:/devkitPro/portlibs/armv6k/lib\libpng.a(png.o)
                0x00103a38                png_check_fp_string
 *fill*         0x00103d0c        0x4 
 .text.png_muldiv
                0x00103d10       0xc8 c:/devkitPro/portlibs/armv6k/lib\libpng.a(png.o)
                0x00103d10                png_muldiv
 .text.png_reciprocal
                0x00103dd8       0x78 c:/devkitPro/portlibs/armv6k/lib\libpng.a(png.o)
                0x00103dd8                png_reciprocal
 .text.png_colorspace_set_chromaticities
                0x00103e50      0xb6c c:/devkitPro/portlibs/armv6k/lib\libpng.a(png.o)
                0x00103e50                png_colorspace_set_chromaticities
 .text.png_gamma_significant
                0x001049bc       0x20 c:/devkitPro/portlibs/armv6k/lib\libpng.a(png.o)
                0x001049bc                png_gamma_significant
 *fill*         0x001049dc        0x4 
 .text.png_reciprocal2
                0x001049e0       0xa0 c:/devkitPro/portlibs/armv6k/lib\libpng.a(png.o)
                0x001049e0                png_reciprocal2
 .text.png_gamma_8bit_correct
                0x00104a80       0x90 c:/devkitPro/portlibs/armv6k/lib\libpng.a(png.o)
                0x00104a80                png_gamma_8bit_correct
 .text.png_gamma_correct
                0x00104b10      0x104 c:/devkitPro/portlibs/armv6k/lib\libpng.a(png.o)
                0x00104b10                png_gamma_correct
 .text.png_destroy_gamma_table
                0x00104c14      0x134 c:/devkitPro/portlibs/armv6k/lib\libpng.a(png.o)
                0x00104c14                png_destroy_gamma_table
 .text.png_build_gamma_table
                0x00104d48      0x880 c:/devkitPro/portlibs/armv6k/lib\libpng.a(png.o)
                0x00104d48                png_build_gamma_table
 .text.png_format_buffer.isra.0
                0x001055c8      0x1f0 c:/devkitPro/portlibs/armv6k/lib\libpng.a(pngerror.o)
 .text.png_safecat
                0x001057b8       0x78 c:/devkitPro/portlibs/armv6k/lib\libpng.a(pngerror.o)
                0x001057b8                png_safecat
 .text.png_format_number
                0x00105830      0x170 c:/devkitPro/portlibs/armv6k/lib\libpng.a(pngerror.o)
                0x00105830                png_format_number
 .text.png_warning
                0x001059a0      0x14c c:/devkitPro/portlibs/armv6k/lib\libpng.a(pngerror.o)
                0x001059a0                png_warning
 .text.png_chunk_warning
                0x00105aec      0x1ac c:/devkitPro/portlibs/armv6k/lib\libpng.a(pngerror.o)
                0x00105aec                png_chunk_warning
 .text.png_free_jmpbuf
                0x00105c98       0x94 c:/devkitPro/portlibs/armv6k/lib\libpng.a(pngerror.o)
                0x00105c98                png_free_jmpbuf
 .text.png_longjmp
                0x00105d2c       0x2c c:/devkitPro/portlibs/armv6k/lib\libpng.a(pngerror.o)
                0x00105d2c                png_longjmp
 .text.png_error
                0x00105d58       0x60 c:/devkitPro/portlibs/armv6k/lib\libpng.a(pngerror.o)
                0x00105d58                png_error
 .text.png_app_warning
                0x00105db8      0x15c c:/devkitPro/portlibs/armv6k/lib\libpng.a(pngerror.o)
                0x00105db8                png_app_warning
 .text.png_app_error
                0x00105f14      0x15c c:/devkitPro/portlibs/armv6k/lib\libpng.a(pngerror.o)
                0x00105f14                png_app_error
 .text.png_chunk_error
                0x00106070       0x2c c:/devkitPro/portlibs/armv6k/lib\libpng.a(pngerror.o)
                0x00106070                png_chunk_error
 .text.png_chunk_benign_error
                0x0010609c      0x1a4 c:/devkitPro/portlibs/armv6k/lib\libpng.a(pngerror.o)
                0x0010609c                png_chunk_benign_error
 .text.png_benign_error
                0x00106240      0x2d4 c:/devkitPro/portlibs/armv6k/lib\libpng.a(pngerror.o)
                0x00106240                png_benign_error
 .text.png_set_longjmp_fn
                0x00106514       0xf0 c:/devkitPro/portlibs/armv6k/lib\libpng.a(pngerror.o)
                0x00106514                png_set_longjmp_fn
 .text.png_chunk_report
                0x00106604      0x2dc c:/devkitPro/portlibs/armv6k/lib\libpng.a(pngerror.o)
                0x00106604                png_chunk_report
 .text.png_set_error_fn
                0x001068e0       0x14 c:/devkitPro/portlibs/armv6k/lib\libpng.a(pngerror.o)
                0x001068e0                png_set_error_fn
 .text.png_get_valid
                0x001068f4       0x1c c:/devkitPro/portlibs/armv6k/lib\libpng.a(pngget.o)
                0x001068f4                png_get_valid
 .text.png_get_IHDR
                0x00106910       0xa0 c:/devkitPro/portlibs/armv6k/lib\libpng.a(pngget.o)
                0x00106910                png_get_IHDR
 .text.png_destroy_png_struct
                0x001069b0       0x64 c:/devkitPro/portlibs/armv6k/lib\libpng.a(pngmem.o)
                0x001069b0                png_destroy_png_struct
 .text.png_calloc
                0x00106a14       0x78 c:/devkitPro/portlibs/armv6k/lib\libpng.a(pngmem.o)
                0x00106a14                png_calloc
 .text.png_malloc_base
                0x00106a8c       0x30 c:/devkitPro/portlibs/armv6k/lib\libpng.a(pngmem.o)
                0x00106a8c                png_malloc_base
 .text.png_malloc_array
                0x00106abc       0x8c c:/devkitPro/portlibs/armv6k/lib\libpng.a(pngmem.o)
                0x00106abc                png_malloc_array
 .text.png_realloc_array
                0x00106b48      0x104 c:/devkitPro/portlibs/armv6k/lib\libpng.a(pngmem.o)
                0x00106b48                png_realloc_array
 .text.png_malloc
                0x00106c4c       0x5c c:/devkitPro/portlibs/armv6k/lib\libpng.a(pngmem.o)
                0x00106c4c                png_malloc
 .text.png_malloc_warn
                0x00106ca8       0x64 c:/devkitPro/portlibs/armv6k/lib\libpng.a(pngmem.o)
                0x00106ca8                png_malloc_warn
 .text.png_free
                0x00106d0c       0x24 c:/devkitPro/portlibs/armv6k/lib\libpng.a(pngmem.o)
                0x00106d0c                png_free
 .text.png_set_mem_fn
                0x00106d30       0x14 c:/devkitPro/portlibs/armv6k/lib\libpng.a(pngmem.o)
                0x00106d30                png_set_mem_fn
 .text.png_do_read_intrapixel
                0x00106d44      0x110 c:/devkitPro/portlibs/armv6k/lib\libpng.a(pngread.o)
 .text.png_read_info.part.3
                0x00106e54      0x408 c:/devkitPro/portlibs/armv6k/lib\libpng.a(pngread.o)
 .text.png_create_read_struct
                0x0010725c       0x58 c:/devkitPro/portlibs/armv6k/lib\libpng.a(pngread.o)
                0x0010725c                png_create_read_struct
 .text.png_read_info
                0x001072b4       0x10 c:/devkitPro/portlibs/armv6k/lib\libpng.a(pngread.o)
                0x001072b4                png_read_info
 .text.png_read_update_info
                0x001072c4       0x40 c:/devkitPro/portlibs/armv6k/lib\libpng.a(pngread.o)
                0x001072c4                png_read_update_info
 .text.png_read_image
                0x00107304      0x3bc c:/devkitPro/portlibs/armv6k/lib\libpng.a(pngread.o)
                0x00107304                png_read_image
 .text.png_destroy_read_struct
                0x001076c0      0x134 c:/devkitPro/portlibs/armv6k/lib\libpng.a(pngread.o)
                0x001076c0                png_destroy_read_struct
 .text.png_default_read_data
                0x001077f4       0x38 c:/devkitPro/portlibs/armv6k/lib\libpng.a(pngrio.o)
                0x001077f4                png_default_read_data
 .text.png_read_data
                0x0010782c       0x20 c:/devkitPro/portlibs/armv6k/lib\libpng.a(pngrio.o)
                0x0010782c                png_read_data
 .text.png_set_read_fn
                0x0010784c       0x50 c:/devkitPro/portlibs/armv6k/lib\libpng.a(pngrio.o)
                0x0010784c                png_set_read_fn
 .text.png_do_gray_to_rgb
                0x0010789c      0x218 c:/devkitPro/portlibs/armv6k/lib\libpng.a(pngrtran.o)
 .text.png_do_compose
                0x00107ab4     0x1170 c:/devkitPro/portlibs/armv6k/lib\libpng.a(pngrtran.o)
 .text.png_set_scale_16
                0x00108c24       0x38 c:/devkitPro/portlibs/armv6k/lib\libpng.a(pngrtran.o)
                0x00108c24                png_set_scale_16
 .text.png_set_expand
                0x00108c5c       0x3c c:/devkitPro/portlibs/armv6k/lib\libpng.a(pngrtran.o)
                0x00108c5c                png_set_expand
 .text.png_set_palette_to_rgb
                0x00108c98       0x3c c:/devkitPro/portlibs/armv6k/lib\libpng.a(pngrtran.o)
                0x00108c98                png_set_palette_to_rgb
 .text.png_set_tRNS_to_alpha
                0x00108cd4       0x3c c:/devkitPro/portlibs/armv6k/lib\libpng.a(pngrtran.o)
                0x00108cd4                png_set_tRNS_to_alpha
 .text.png_set_gray_to_rgb
                0x00108d10       0x38 c:/devkitPro/portlibs/armv6k/lib\libpng.a(pngrtran.o)
                0x00108d10                png_set_gray_to_rgb
 .text.png_init_read_transformations
                0x00108d48      0xcc4 c:/devkitPro/portlibs/armv6k/lib\libpng.a(pngrtran.o)
                0x00108d48                png_init_read_transformations
 .text.png_read_transform_info
                0x00109a0c      0x2c4 c:/devkitPro/portlibs/armv6k/lib\libpng.a(pngrtran.o)
                0x00109a0c                png_read_transform_info
 .text.png_do_read_transformations
                0x00109cd0     0x23f0 c:/devkitPro/portlibs/armv6k/lib\libpng.a(pngrtran.o)
                0x00109cd0                png_do_read_transformations
 .text.png_read_filter_row_sub
                0x0010c0c0      0x1d0 c:/devkitPro/portlibs/armv6k/lib\libpng.a(pngrutil.o)
 .text.png_read_filter_row_up
                0x0010c290      0x1ac c:/devkitPro/portlibs/armv6k/lib\libpng.a(pngrutil.o)
 .text.png_read_filter_row_avg
                0x0010c43c       0x80 c:/devkitPro/portlibs/armv6k/lib\libpng.a(pngrutil.o)
 .text.png_read_filter_row_paeth_1byte_pixel
                0x0010c4bc       0x8c c:/devkitPro/portlibs/armv6k/lib\libpng.a(pngrutil.o)
 .text.png_read_filter_row_paeth_multibyte_pixel
                0x0010c548      0x26c c:/devkitPro/portlibs/armv6k/lib\libpng.a(pngrutil.o)
 .text.png_inflate_claim
                0x0010c7b4      0x110 c:/devkitPro/portlibs/armv6k/lib\libpng.a(pngrutil.o)
 .text.png_inflate.constprop.7
                0x0010c8c4      0x1d0 c:/devkitPro/portlibs/armv6k/lib\libpng.a(pngrutil.o)
 .text.png_inflate_read.part.3.constprop.5
                0x0010ca94      0x158 c:/devkitPro/portlibs/armv6k/lib\libpng.a(pngrutil.o)
 .text.png_crc_finish.constprop.10
                0x0010cbec       0xdc c:/devkitPro/portlibs/armv6k/lib\libpng.a(pngrutil.o)
 .text.png_decompress_chunk.constprop.6
                0x0010ccc8      0x2c8 c:/devkitPro/portlibs/armv6k/lib\libpng.a(pngrutil.o)
 .text.png_read_sig
                0x0010cf90       0xac c:/devkitPro/portlibs/armv6k/lib\libpng.a(pngrutil.o)
                0x0010cf90                png_read_sig
 .text.png_read_chunk_header
                0x0010d03c      0x158 c:/devkitPro/portlibs/armv6k/lib\libpng.a(pngrutil.o)
                0x0010d03c                png_read_chunk_header
 .text.png_crc_finish
                0x0010d194      0x15c c:/devkitPro/portlibs/armv6k/lib\libpng.a(pngrutil.o)
                0x0010d194                png_crc_finish
 .text.png_handle_IHDR
                0x0010d2f0      0x178 c:/devkitPro/portlibs/armv6k/lib\libpng.a(pngrutil.o)
                0x0010d2f0                png_handle_IHDR
 .text.png_handle_PLTE
                0x0010d468      0x250 c:/devkitPro/portlibs/armv6k/lib\libpng.a(pngrutil.o)
                0x0010d468                png_handle_PLTE
 .text.png_handle_IEND
                0x0010d6b8       0x54 c:/devkitPro/portlibs/armv6k/lib\libpng.a(pngrutil.o)
                0x0010d6b8                png_handle_IEND
 .text.png_handle_gAMA
                0x0010d70c       0xe4 c:/devkitPro/portlibs/armv6k/lib\libpng.a(pngrutil.o)
                0x0010d70c                png_handle_gAMA
 .text.png_handle_sBIT
                0x0010d7f0      0x214 c:/devkitPro/portlibs/armv6k/lib\libpng.a(pngrutil.o)
                0x0010d7f0                png_handle_sBIT
 .text.png_handle_cHRM
                0x0010da04      0x300 c:/devkitPro/portlibs/armv6k/lib\libpng.a(pngrutil.o)
                0x0010da04                png_handle_cHRM
 .text.png_handle_sRGB
                0x0010dd04      0x108 c:/devkitPro/portlibs/armv6k/lib\libpng.a(pngrutil.o)
                0x0010dd04                png_handle_sRGB
 .text.png_handle_iCCP
                0x0010de0c      0x5dc c:/devkitPro/portlibs/armv6k/lib\libpng.a(pngrutil.o)
                0x0010de0c                png_handle_iCCP
 .text.png_handle_sPLT
                0x0010e3e8      0x33c c:/devkitPro/portlibs/armv6k/lib\libpng.a(pngrutil.o)
                0x0010e3e8                png_handle_sPLT
 .text.png_handle_tRNS
                0x0010e724      0x23c c:/devkitPro/portlibs/armv6k/lib\libpng.a(pngrutil.o)
                0x0010e724                png_handle_tRNS
 .text.png_handle_bKGD
                0x0010e960      0x224 c:/devkitPro/portlibs/armv6k/lib\libpng.a(pngrutil.o)
                0x0010e960                png_handle_bKGD
 .text.png_handle_hIST
                0x0010eb84      0x13c c:/devkitPro/portlibs/armv6k/lib\libpng.a(pngrutil.o)
                0x0010eb84                png_handle_hIST
 .text.png_handle_pHYs
                0x0010ecc0      0x13c c:/devkitPro/portlibs/armv6k/lib\libpng.a(pngrutil.o)
                0x0010ecc0                png_handle_pHYs
 .text.png_handle_oFFs
                0x0010edfc      0x15c c:/devkitPro/portlibs/armv6k/lib\libpng.a(pngrutil.o)
                0x0010edfc                png_handle_oFFs
 .text.png_handle_pCAL
                0x0010ef58      0x378 c:/devkitPro/portlibs/armv6k/lib\libpng.a(pngrutil.o)
                0x0010ef58                png_handle_pCAL
 .text.png_handle_sCAL
                0x0010f2d0      0x284 c:/devkitPro/portlibs/armv6k/lib\libpng.a(pngrutil.o)
                0x0010f2d0                png_handle_sCAL
 .text.png_handle_tIME
                0x0010f554      0x114 c:/devkitPro/portlibs/armv6k/lib\libpng.a(pngrutil.o)
                0x0010f554                png_handle_tIME
 .text.png_handle_tEXt
                0x0010f668      0x1c4 c:/devkitPro/portlibs/armv6k/lib\libpng.a(pngrutil.o)
                0x0010f668                png_handle_tEXt
 .text.png_handle_zTXt
                0x0010f82c      0x24c c:/devkitPro/portlibs/armv6k/lib\libpng.a(pngrutil.o)
                0x0010f82c                png_handle_zTXt
 .text.png_handle_iTXt
                0x0010fa78      0x348 c:/devkitPro/portlibs/armv6k/lib\libpng.a(pngrutil.o)
                0x0010fa78                png_handle_iTXt
 .text.png_handle_unknown
                0x0010fdc0      0x36c c:/devkitPro/portlibs/armv6k/lib\libpng.a(pngrutil.o)
                0x0010fdc0                png_handle_unknown
 .text.png_combine_row
                0x0011012c      0x4dc c:/devkitPro/portlibs/armv6k/lib\libpng.a(pngrutil.o)
                0x0011012c                png_combine_row
 .text.png_do_read_interlace
                0x00110608      0x484 c:/devkitPro/portlibs/armv6k/lib\libpng.a(pngrutil.o)
                0x00110608                png_do_read_interlace
 .text.png_read_filter_row
                0x00110a8c       0x90 c:/devkitPro/portlibs/armv6k/lib\libpng.a(pngrutil.o)
                0x00110a8c                png_read_filter_row
 .text.png_read_IDAT_data
                0x00110b1c      0x508 c:/devkitPro/portlibs/armv6k/lib\libpng.a(pngrutil.o)
                0x00110b1c                png_read_IDAT_data
 .text.png_read_finish_row
                0x00111024      0x368 c:/devkitPro/portlibs/armv6k/lib\libpng.a(pngrutil.o)
                0x00111024                png_read_finish_row
 .text.png_read_start_row
                0x0011138c      0x340 c:/devkitPro/portlibs/armv6k/lib\libpng.a(pngrutil.o)
                0x0011138c                png_read_start_row
 .text.png_set_bKGD
                0x001116cc       0x50 c:/devkitPro/portlibs/armv6k/lib\libpng.a(pngset.o)
                0x001116cc                png_set_bKGD
 .text.png_set_hIST
                0x0011171c       0xac c:/devkitPro/portlibs/armv6k/lib\libpng.a(pngset.o)
                0x0011171c                png_set_hIST
 .text.png_set_IHDR
                0x001117c8       0xdc c:/devkitPro/portlibs/armv6k/lib\libpng.a(pngset.o)
                0x001117c8                png_set_IHDR
 .text.png_set_oFFs
                0x001118a4       0x2c c:/devkitPro/portlibs/armv6k/lib\libpng.a(pngset.o)
                0x001118a4                png_set_oFFs
 .text.png_set_pCAL
                0x001118d0      0x268 c:/devkitPro/portlibs/armv6k/lib\libpng.a(pngset.o)
                0x001118d0                png_set_pCAL
 .text.png_set_sCAL_s
                0x00111b38      0x164 c:/devkitPro/portlibs/armv6k/lib\libpng.a(pngset.o)
                0x00111b38                png_set_sCAL_s
 .text.png_set_pHYs
                0x00111c9c       0x2c c:/devkitPro/portlibs/armv6k/lib\libpng.a(pngset.o)
                0x00111c9c                png_set_pHYs
 .text.png_set_PLTE
                0x00111cc8      0x13c c:/devkitPro/portlibs/armv6k/lib\libpng.a(pngset.o)
                0x00111cc8                png_set_PLTE
 .text.png_set_sBIT
                0x00111e04       0x44 c:/devkitPro/portlibs/armv6k/lib\libpng.a(pngset.o)
                0x00111e04                png_set_sBIT
 .text.png_set_text_2
                0x00111e48      0x334 c:/devkitPro/portlibs/armv6k/lib\libpng.a(pngset.o)
                0x00111e48                png_set_text_2
 .text.png_set_tIME
                0x0011217c       0xa0 c:/devkitPro/portlibs/armv6k/lib\libpng.a(pngset.o)
                0x0011217c                png_set_tIME
 .text.png_set_tRNS
                0x0011221c      0x138 c:/devkitPro/portlibs/armv6k/lib\libpng.a(pngset.o)
                0x0011221c                png_set_tRNS
 .text.png_set_sPLT
                0x00112354      0x184 c:/devkitPro/portlibs/armv6k/lib\libpng.a(pngset.o)
                0x00112354                png_set_sPLT
 .text.png_set_unknown_chunks
                0x001124d8      0x18c c:/devkitPro/portlibs/armv6k/lib\libpng.a(pngset.o)
                0x001124d8                png_set_unknown_chunks
 .text.png_set_packing
                0x00112664       0x28 c:/devkitPro/portlibs/armv6k/lib\libpng.a(pngtrans.o)
                0x00112664                png_set_packing
 .text.png_set_interlace_handling
                0x0011268c       0x30 c:/devkitPro/portlibs/armv6k/lib\libpng.a(pngtrans.o)
                0x0011268c                png_set_interlace_handling
 .text.png_set_filler
                0x001126bc       0x88 c:/devkitPro/portlibs/armv6k/lib\libpng.a(pngtrans.o)
                0x001126bc                png_set_filler
 .text.png_do_invert
                0x00112744      0x1ec c:/devkitPro/portlibs/armv6k/lib\libpng.a(pngtrans.o)
                0x00112744                png_do_invert
 .text.png_do_swap
                0x00112930       0x4c c:/devkitPro/portlibs/armv6k/lib\libpng.a(pngtrans.o)
                0x00112930                png_do_swap
 .text.png_do_packswap
                0x0011297c       0x6c c:/devkitPro/portlibs/armv6k/lib\libpng.a(pngtrans.o)
                0x0011297c                png_do_packswap
 .text.png_do_strip_channel
                0x001129e8      0x22c c:/devkitPro/portlibs/armv6k/lib\libpng.a(pngtrans.o)
                0x001129e8                png_do_strip_channel
 .text.png_do_bgr
                0x00112c14      0x13c c:/devkitPro/portlibs/armv6k/lib\libpng.a(pngtrans.o)
                0x00112c14                png_do_bgr
 .text.png_do_check_palette_indexes
                0x00112d50      0x1d0 c:/devkitPro/portlibs/armv6k/lib\libpng.a(pngtrans.o)
                0x00112d50                png_do_check_palette_indexes
 .text.adler32  0x00112f20      0x44c c:/devkitPro/portlibs/armv6k/lib\libz.a(adler32.o)
                0x00112f20                adler32
 .text.crc32    0x0011336c      0x59c c:/devkitPro/portlibs/armv6k/lib\libz.a(crc32.o)
                0x0011336c                crc32
 .text.inflateReset
                0x00113908       0x9c c:/devkitPro/portlibs/armv6k/lib\libz.a(inflate.o)
                0x00113908                inflateReset
 .text.inflateReset2
                0x001139a4      0x120 c:/devkitPro/portlibs/armv6k/lib\libz.a(inflate.o)
                0x001139a4                inflateReset2
 .text.inflateInit2_
                0x00113ac4      0x178 c:/devkitPro/portlibs/armv6k/lib\libz.a(inflate.o)
                0x00113ac4                inflateInit2_
 .text.inflate  0x00113c3c     0x1ffc c:/devkitPro/portlibs/armv6k/lib\libz.a(inflate.o)
                0x00113c3c                inflate
 .text.inflateEnd
                0x00115c38       0x60 c:/devkitPro/portlibs/armv6k/lib\libz.a(inflate.o)
                0x00115c38                inflateEnd
 .text.inflate_table
                0x00115c98      0xb64 c:/devkitPro/portlibs/armv6k/lib\libz.a(inftrees.o)
                0x00115c98                inflate_table
 .text.zcalloc  0x001167fc        0x8 c:/devkitPro/portlibs/armv6k/lib\libz.a(zutil.o)
                0x001167fc                zcalloc
 .text.zcfree   0x00116804        0x8 c:/devkitPro/portlibs/armv6k/lib\libz.a(zutil.o)
                0x00116804                zcfree
 .text.inflate_fast
                0x0011680c      0xdf0 c:/devkitPro/portlibs/armv6k/lib\libz.a(inffast.o)
                0x0011680c                inflate_fast
 .text.sf2d_fini
                0x001175fc       0x48 c:/devkitPro/libctru/lib\libsf2d.a(sf2d.o)
                0x001175fc                sf2d_fini
 .text.sf2d_start_frame_target
                0x00117644       0xa0 c:/devkitPro/libctru/lib\libsf2d.a(sf2d.o)
                0x00117644                sf2d_start_frame_target
 .text.sf2d_start_frame
                0x001176e4       0x38 c:/devkitPro/libctru/lib\libsf2d.a(sf2d.o)
                0x001176e4                sf2d_start_frame
 .text.sf2d_end_frame
                0x0011771c        0x4 c:/devkitPro/libctru/lib\libsf2d.a(sf2d.o)
                0x0011771c                sf2d_end_frame
 .text.sf2d_swapbuffers
                0x00117720       0xb0 c:/devkitPro/libctru/lib\libsf2d.a(sf2d.o)
                0x00117720                sf2d_swapbuffers
 .text.sf2d_pool_memalign
                0x001177d0       0x40 c:/devkitPro/libctru/lib\libsf2d.a(sf2d.o)
                0x001177d0                sf2d_pool_memalign
 .text.sf2d_set_clear_color
                0x00117810       0x38 c:/devkitPro/libctru/lib\libsf2d.a(sf2d.o)
                0x00117810                sf2d_set_clear_color
 .text.sf2d_init_advanced.part.0
                0x00117848      0x1ac c:/devkitPro/libctru/lib\libsf2d.a(sf2d.o)
 .text.sf2d_init
                0x001179f4       0x28 c:/devkitPro/libctru/lib\libsf2d.a(sf2d.o)
                0x001179f4                sf2d_init
 .text.sf2d_create_texture
                0x00117a1c      0x118 c:/devkitPro/libctru/lib\libsf2d.a(sf2d_texture.o)
                0x00117a1c                sf2d_create_texture
 .text.sf2d_create_rendertarget
                0x00117b34       0x94 c:/devkitPro/libctru/lib\libsf2d.a(sf2d_texture.o)
                0x00117b34                sf2d_create_rendertarget
 .text.sf2d_free_texture
                0x00117bc8       0x20 c:/devkitPro/libctru/lib\libsf2d.a(sf2d_texture.o)
                0x00117bc8                sf2d_free_texture
 .text.sf2d_clear_target
                0x00117be8       0x14 c:/devkitPro/libctru/lib\libsf2d.a(sf2d_texture.o)
                0x00117be8                sf2d_clear_target
 .text.sf2d_bind_texture
                0x00117bfc       0x54 c:/devkitPro/libctru/lib\libsf2d.a(sf2d_texture.o)
                0x00117bfc                sf2d_bind_texture
 .text.sf2d_draw_texture_rotate
                0x00117c50      0x1d4 c:/devkitPro/libctru/lib\libsf2d.a(sf2d_texture.o)
                0x00117c50                sf2d_draw_texture_rotate
 .text.sf2d_texture_tile32
                0x00117e24      0x110 c:/devkitPro/libctru/lib\libsf2d.a(sf2d_texture.o)
                0x00117e24                sf2d_texture_tile32
 .text.C3D_UpdateUniforms
                0x00117f34      0x2b4 c:/devkitPro/libctru/lib\libcitro3d.a(uniforms.o)
                0x00117f34                C3D_UpdateUniforms
 .text.C3Di_DirtyUniforms
                0x001181e8       0xc0 c:/devkitPro/libctru/lib\libcitro3d.a(uniforms.o)
                0x001181e8                C3Di_DirtyUniforms
 .text.C3Di_LoadShaderUniforms
                0x001182a8       0xe8 c:/devkitPro/libctru/lib\libcitro3d.a(uniforms.o)
                0x001182a8                C3Di_LoadShaderUniforms
 .text.C3Di_ClearShaderUniforms
                0x00118390       0x28 c:/devkitPro/libctru/lib\libcitro3d.a(uniforms.o)
                0x00118390                C3Di_ClearShaderUniforms
 .text.AttrInfo_Init
                0x001183b8       0x28 c:/devkitPro/libctru/lib\libcitro3d.a(attribs.o)
                0x001183b8                AttrInfo_Init
 .text.AttrInfo_AddLoader
                0x001183e0       0xac c:/devkitPro/libctru/lib\libcitro3d.a(attribs.o)
                0x001183e0                AttrInfo_AddLoader
 .text.C3D_GetAttrInfo
                0x0011848c       0x24 c:/devkitPro/libctru/lib\libcitro3d.a(attribs.o)
                0x0011848c                C3D_GetAttrInfo
 .text.C3Di_AttrInfoBind
                0x001184b0       0x80 c:/devkitPro/libctru/lib\libcitro3d.a(attribs.o)
                0x001184b0                C3Di_AttrInfoBind
 .text.C3D_DepthMap
                0x00118530       0x3c c:/devkitPro/libctru/lib\libcitro3d.a(effect.o)
                0x00118530                C3D_DepthMap
 .text.C3D_CullFace
                0x0011856c       0x1c c:/devkitPro/libctru/lib\libcitro3d.a(effect.o)
                0x0011856c                C3D_CullFace
 .text.C3D_StencilTest
                0x00118588       0x40 c:/devkitPro/libctru/lib\libcitro3d.a(effect.o)
                0x00118588                C3D_StencilTest
 .text.C3D_StencilOp
                0x001185c8       0x24 c:/devkitPro/libctru/lib\libcitro3d.a(effect.o)
                0x001185c8                C3D_StencilOp
 .text.C3D_BlendingColor
                0x001185ec       0x1c c:/devkitPro/libctru/lib\libcitro3d.a(effect.o)
                0x001185ec                C3D_BlendingColor
 .text.C3D_DepthTest
                0x00118608       0x2c c:/devkitPro/libctru/lib\libcitro3d.a(effect.o)
                0x00118608                C3D_DepthTest
 .text.C3D_AlphaTest
                0x00118634       0x2c c:/devkitPro/libctru/lib\libcitro3d.a(effect.o)
                0x00118634                C3D_AlphaTest
 .text.C3D_AlphaBlend
                0x00118660       0x50 c:/devkitPro/libctru/lib\libcitro3d.a(effect.o)
                0x00118660                C3D_AlphaBlend
 .text.C3D_FragOpMode
                0x001186b0       0x30 c:/devkitPro/libctru/lib\libcitro3d.a(effect.o)
                0x001186b0                C3D_FragOpMode
 .text.C3Di_EffectBind
                0x001186e0      0x11c c:/devkitPro/libctru/lib\libcitro3d.a(effect.o)
                0x001186e0                C3Di_EffectBind
 .text.C3D_DrawArrays
                0x001187fc      0x148 c:/devkitPro/libctru/lib\libcitro3d.a(drawArrays.o)
                0x001187fc                C3D_DrawArrays
 .text.BufInfo_Init
                0x00118944       0x20 c:/devkitPro/libctru/lib\libcitro3d.a(buffers.o)
                0x00118944                BufInfo_Init
 .text.BufInfo_Add
                0x00118964       0x84 c:/devkitPro/libctru/lib\libcitro3d.a(buffers.o)
                0x00118964                BufInfo_Add
 .text.C3D_GetBufInfo
                0x001189e8       0x24 c:/devkitPro/libctru/lib\libcitro3d.a(buffers.o)
                0x001189e8                C3D_GetBufInfo
 .text.C3Di_BufInfoBind
                0x00118a0c       0x48 c:/devkitPro/libctru/lib\libcitro3d.a(buffers.o)
                0x00118a0c                C3Di_BufInfoBind
 .text.TexEnv_Init
                0x00118a54       0x34 c:/devkitPro/libctru/lib\libcitro3d.a(texenv.o)
                0x00118a54                TexEnv_Init
 .text.C3D_GetTexEnv
                0x00118a88       0x34 c:/devkitPro/libctru/lib\libcitro3d.a(texenv.o)
                0x00118a88                C3D_GetTexEnv
 .text.C3Di_TexEnvBind
                0x00118abc       0x24 c:/devkitPro/libctru/lib\libcitro3d.a(texenv.o)
                0x00118abc                C3Di_TexEnvBind
 .text.C3D_TexInit
                0x00118ae0       0xb8 c:/devkitPro/libctru/lib\libcitro3d.a(texture.o)
                0x00118ae0                C3D_TexInit
 .text.C3D_TexInitVRAM
                0x00118b98       0xb8 c:/devkitPro/libctru/lib\libcitro3d.a(texture.o)
                0x00118b98                C3D_TexInitVRAM
 .text.C3D_TexSetWrap
                0x00118c50       0x28 c:/devkitPro/libctru/lib\libcitro3d.a(texture.o)
                0x00118c50                C3D_TexSetWrap
 .text.C3D_TexBind
                0x00118c78       0x34 c:/devkitPro/libctru/lib\libcitro3d.a(texture.o)
                0x00118c78                C3D_TexBind
 .text.C3D_TexDelete
                0x00118cac       0x3c c:/devkitPro/libctru/lib\libcitro3d.a(texture.o)
                0x00118cac                C3D_TexDelete
 .text.C3Di_RenderQueueWaitDone
                0x00118ce8       0x3c c:/devkitPro/libctru/lib\libcitro3d.a(renderqueue.o)
 .text.performTransfer.part.0
                0x00118d24       0x78 c:/devkitPro/libctru/lib\libcitro3d.a(renderqueue.o)
 .text.transferTarget
                0x00118d9c       0x50 c:/devkitPro/libctru/lib\libcitro3d.a(renderqueue.o)
 .text.onVBlank1
                0x00118dec       0x24 c:/devkitPro/libctru/lib\libcitro3d.a(renderqueue.o)
 .text.onVBlank0
                0x00118e10       0x8c c:/devkitPro/libctru/lib\libcitro3d.a(renderqueue.o)
 .text.performClear.part.2
                0x00118e9c       0x3c c:/devkitPro/libctru/lib\libcitro3d.a(renderqueue.o)
 .text.clearTarget
                0x00118ed8       0x4c c:/devkitPro/libctru/lib\libcitro3d.a(renderqueue.o)
 .text.updateFrameQueue.part.4
                0x00118f24       0xc0 c:/devkitPro/libctru/lib\libcitro3d.a(renderqueue.o)
 .text.onRenderFinish
                0x00118fe4       0xe0 c:/devkitPro/libctru/lib\libcitro3d.a(renderqueue.o)
 .text.onTransferFinish
                0x001190c4       0xbc c:/devkitPro/libctru/lib\libcitro3d.a(renderqueue.o)
 .text.checkRenderQueueInit.part.7
                0x00119180       0x5c c:/devkitPro/libctru/lib\libcitro3d.a(renderqueue.o)
 .text.onClearDone
                0x001191dc       0x70 c:/devkitPro/libctru/lib\libcitro3d.a(renderqueue.o)
 .text.C3D_FrameBegin
                0x0011924c       0x6c c:/devkitPro/libctru/lib\libcitro3d.a(renderqueue.o)
                0x0011924c                C3D_FrameBegin
 .text.C3D_FrameDrawOn
                0x001192b8       0x78 c:/devkitPro/libctru/lib\libcitro3d.a(renderqueue.o)
                0x001192b8                C3D_FrameDrawOn
 .text.C3D_FrameEnd
                0x00119330       0xcc c:/devkitPro/libctru/lib\libcitro3d.a(renderqueue.o)
                0x00119330                C3D_FrameEnd
 .text.C3D_RenderTargetCreate
                0x001193fc       0xe0 c:/devkitPro/libctru/lib\libcitro3d.a(renderqueue.o)
                0x001193fc                C3D_RenderTargetCreate
 .text.C3D_RenderTargetDelete
                0x001194dc       0x7c c:/devkitPro/libctru/lib\libcitro3d.a(renderqueue.o)
                0x001194dc                C3D_RenderTargetDelete
 .text.C3Di_RenderQueueExit
                0x00119558       0x84 c:/devkitPro/libctru/lib\libcitro3d.a(renderqueue.o)
 .text.C3D_RenderTargetSetClear
                0x001195dc       0x50 c:/devkitPro/libctru/lib\libcitro3d.a(renderqueue.o)
                0x001195dc                C3D_RenderTargetSetClear
 .text.C3D_RenderTargetSetOutput
                0x0011962c       0x58 c:/devkitPro/libctru/lib\libcitro3d.a(renderqueue.o)
                0x0011962c                C3D_RenderTargetSetOutput
 .text.C3Di_AptEventHook
                0x00119684       0x88 c:/devkitPro/libctru/lib\libcitro3d.a(base.o)
 .text.C3D_Init
                0x0011970c      0x174 c:/devkitPro/libctru/lib\libcitro3d.a(base.o)
                0x0011970c                C3D_Init
 .text.C3D_SetViewport
                0x00119880       0x98 c:/devkitPro/libctru/lib\libcitro3d.a(base.o)
                0x00119880                C3D_SetViewport
 .text.C3Di_UpdateContext
                0x00119918      0x584 c:/devkitPro/libctru/lib\libcitro3d.a(base.o)
                0x00119918                C3Di_UpdateContext
 .text.C3Di_FinalizeFrame
                0x00119e9c       0xe0 c:/devkitPro/libctru/lib\libcitro3d.a(base.o)
                0x00119e9c                C3Di_FinalizeFrame
 .text.C3D_Fini
                0x00119f7c       0x48 c:/devkitPro/libctru/lib\libcitro3d.a(base.o)
                0x00119f7c                C3D_Fini
 .text.C3D_BindProgram
                0x00119fc4       0xd4 c:/devkitPro/libctru/lib\libcitro3d.a(base.o)
                0x00119fc4                C3D_BindProgram
 .text.Mtx_OrthoTilt
                0x0011a098       0xc8 c:/devkitPro/libctru/lib\libcitro3d.a(mtx_orthotilt.o)
                0x0011a098                Mtx_OrthoTilt
 .text.C3D_RenderBufInit
                0x0011a160       0xa4 c:/devkitPro/libctru/lib\libcitro3d.a(renderbuffer.o)
                0x0011a160                C3D_RenderBufInit
 .text.C3D_RenderBufClearAsync
                0x0011a204       0x80 c:/devkitPro/libctru/lib\libcitro3d.a(renderbuffer.o)
                0x0011a204                C3D_RenderBufClearAsync
 .text.C3D_RenderBufTransferAsync
                0x0011a284       0x28 c:/devkitPro/libctru/lib\libcitro3d.a(renderbuffer.o)
                0x0011a284                C3D_RenderBufTransferAsync
 .text.C3D_RenderBufBind
                0x0011a2ac       0x38 c:/devkitPro/libctru/lib\libcitro3d.a(renderbuffer.o)
                0x0011a2ac                C3D_RenderBufBind
 .text.C3Di_RenderBufBind
                0x0011a2e4      0x170 c:/devkitPro/libctru/lib\libcitro3d.a(renderbuffer.o)
                0x0011a2e4                C3Di_RenderBufBind
 .text.C3D_RenderBufDelete
                0x0011a454       0x18 c:/devkitPro/libctru/lib\libcitro3d.a(renderbuffer.o)
                0x0011a454                C3D_RenderBufDelete
 .text.C3D_ImmSendAttrib
                0x0011a46c       0xb4 c:/devkitPro/libctru/lib\libcitro3d.a(immediate.o)
                0x0011a46c                C3D_ImmSendAttrib
 .text._ZL21addrMapNodeComparatorPK11rbtree_nodeS1_
                0x0011a520       0x24 c:/devkitPro/libctru/lib\libctru.a(linear.o)
 .text._ZL21addrMapNodeDestructorP11rbtree_node
                0x0011a544        0x4 c:/devkitPro/libctru/lib\libctru.a(linear.o)
 .text.linearMemAlign
                0x0011a548      0x13c c:/devkitPro/libctru/lib\libctru.a(linear.o)
                0x0011a548                linearMemAlign
 .text.linearAlloc
                0x0011a684        0x8 c:/devkitPro/libctru/lib\libctru.a(linear.o)
                0x0011a684                linearAlloc
 .text.linearFree
                0x0011a68c       0x50 c:/devkitPro/libctru/lib\libctru.a(linear.o)
                0x0011a68c                linearFree
 .text._ZL21addrMapNodeComparatorPK11rbtree_nodeS1_
                0x0011a6dc       0x24 c:/devkitPro/libctru/lib\libctru.a(vram.o)
 .text._ZL21addrMapNodeDestructorP11rbtree_node
                0x0011a700        0x4 c:/devkitPro/libctru/lib\libctru.a(vram.o)
 .text.vramMemAlign
                0x0011a704      0x12c c:/devkitPro/libctru/lib\libctru.a(vram.o)
                0x0011a704                vramMemAlign
 .text.vramAlloc
                0x0011a830        0x8 c:/devkitPro/libctru/lib\libctru.a(vram.o)
                0x0011a830                vramAlloc
 .text.vramFree
                0x0011a838       0x50 c:/devkitPro/libctru/lib\libctru.a(vram.o)
                0x0011a838                vramFree
 .text.gfxSetFramebufferInfo.part.0
                0x0011a888       0x8c c:/devkitPro/libctru/lib\libctru.a(gfx.o)
 .text.gfxSet3D
                0x0011a914       0x10 c:/devkitPro/libctru/lib\libctru.a(gfx.o)
                0x0011a914                gfxSet3D
 .text.gfxIs3D  0x0011a924       0x10 c:/devkitPro/libctru/lib\libctru.a(gfx.o)
                0x0011a924                gfxIs3D
 .text.__get_bytes_per_pixel
                0x0011a934       0x18 c:/devkitPro/libctru/lib\libctru.a(gfx.o)
                0x0011a934                __get_bytes_per_pixel
 .text.gfxSetScreenFormat
                0x0011a94c      0x174 c:/devkitPro/libctru/lib\libctru.a(gfx.o)
                0x0011a94c                gfxSetScreenFormat
 .text.gfxSetDoubleBuffering
                0x0011aac0       0x14 c:/devkitPro/libctru/lib\libctru.a(gfx.o)
                0x0011aac0                gfxSetDoubleBuffering
 .text.gfxSetFramebufferInfo
                0x0011aad4       0x70 c:/devkitPro/libctru/lib\libctru.a(gfx.o)
                0x0011aad4                gfxSetFramebufferInfo
 .text.gfxWriteFramebufferInfo
                0x0011ab44       0x88 c:/devkitPro/libctru/lib\libctru.a(gfx.o)
                0x0011ab44                gfxWriteFramebufferInfo
 .text.gfxInit  0x0011abcc      0x1fc c:/devkitPro/libctru/lib\libctru.a(gfx.o)
                0x0011abcc                gfxInit
 .text.gfxInitDefault
                0x0011adc8       0x10 c:/devkitPro/libctru/lib\libctru.a(gfx.o)
                0x0011adc8                gfxInitDefault
 .text.gfxExit  0x0011add8       0xe0 c:/devkitPro/libctru/lib\libctru.a(gfx.o)
                0x0011add8                gfxExit
 .text.gfxGetFramebuffer
                0x0011aeb8       0xb0 c:/devkitPro/libctru/lib\libctru.a(gfx.o)
                0x0011aeb8                gfxGetFramebuffer
 .text.gfxFlushBuffers
                0x0011af68       0xc8 c:/devkitPro/libctru/lib\libctru.a(gfx.o)
                0x0011af68                gfxFlushBuffers
 .text.gfxConfigScreen
                0x0011b030       0x70 c:/devkitPro/libctru/lib\libctru.a(gfx.o)
                0x0011b030                gfxConfigScreen
 .text.gfxSwapBuffersGpu
                0x0011b0a0       0x20 c:/devkitPro/libctru/lib\libctru.a(gfx.o)
                0x0011b0a0                gfxSwapBuffersGpu
 .text.debug_write
                0x0011b0c0       0x1c c:/devkitPro/libctru/lib\libctru.a(console.o)
                0x0011b0c0                debug_write
 .text.consoleDrawChar
                0x0011b0dc      0x1b0 c:/devkitPro/libctru/lib\libctru.a(console.o)
                0x0011b0dc                consoleDrawChar
 .text.consolePrintChar
                0x0011b28c      0x124 c:/devkitPro/libctru/lib\libctru.a(console.o)
                0x0011b28c                consolePrintChar
 .text.consoleCls
                0x0011b3b0      0x190 c:/devkitPro/libctru/lib\libctru.a(console.o)
 .text.consoleInit
                0x0011b540       0xf8 c:/devkitPro/libctru/lib\libctru.a(console.o)
                0x0011b540                consoleInit
 .text.consoleClearLine
                0x0011b638      0x144 c:/devkitPro/libctru/lib\libctru.a(console.o)
 .text.newRow   0x0011b77c       0xbc c:/devkitPro/libctru/lib\libctru.a(console.o)
 .text.con_write
                0x0011b838      0x79c c:/devkitPro/libctru/lib\libctru.a(console.o)
                0x0011b838                con_write
 .text.getSysTime
                0x0011bfd4       0x58 c:/devkitPro/libctru/lib\libctru.a(os.o)
 .text.osConvertVirtToPhys
                0x0011c02c       0x4c c:/devkitPro/libctru/lib\libctru.a(os.o)
                0x0011c02c                osConvertVirtToPhys
 .text.osGetMemRegionUsed
                0x0011c078       0x24 c:/devkitPro/libctru/lib\libctru.a(os.o)
                0x0011c078                osGetMemRegionUsed
 *fill*         0x0011c09c        0x4 
 .text.__libctru_gtod
                0x0011c0a0       0xf4 c:/devkitPro/libctru/lib\libctru.a(os.o)
                0x0011c0a0                __libctru_gtod
 *fill*         0x0011c194        0x4 
 .text.osGetTime
                0x0011c198       0x78 c:/devkitPro/libctru/lib\libctru.a(os.o)
                0x0011c198                osGetTime
 .text.__ctru_speedup_config
                0x0011c210       0x34 c:/devkitPro/libctru/lib\libctru.a(os.o)
                0x0011c210                __ctru_speedup_config
 .text.GPUCMD_SetBuffer
                0x0011c244       0x2c c:/devkitPro/libctru/lib\libctru.a(gpu.o)
                0x0011c244                GPUCMD_SetBuffer
 .text.GPUCMD_GetBuffer
                0x0011c270       0x40 c:/devkitPro/libctru/lib\libctru.a(gpu.o)
                0x0011c270                GPUCMD_GetBuffer
 .text.GPUCMD_Add
                0x0011c2b0      0x108 c:/devkitPro/libctru/lib\libctru.a(gpu.o)
                0x0011c2b0                GPUCMD_Add
 .text.GPUCMD_Finalize
                0x0011c3b8       0x98 c:/devkitPro/libctru/lib\libctru.a(gpu.o)
                0x0011c3b8                GPUCMD_Finalize
 .text.f32tof24
                0x0011c450       0x44 c:/devkitPro/libctru/lib\libctru.a(gpu.o)
                0x0011c450                f32tof24
 .text.f32tof31
                0x0011c494       0x40 c:/devkitPro/libctru/lib\libctru.a(gpu.o)
                0x0011c494                f32tof31
 .text.GX_ProcessCommandList
                0x0011c4d4       0x54 c:/devkitPro/libctru/lib\libctru.a(gx.o)
                0x0011c4d4                GX_ProcessCommandList
 .text.GX_MemoryFill
                0x0011c528       0x60 c:/devkitPro/libctru/lib\libctru.a(gx.o)
                0x0011c528                GX_MemoryFill
 .text.GX_DisplayTransfer
                0x0011c588       0x50 c:/devkitPro/libctru/lib\libctru.a(gx.o)
                0x0011c588                GX_DisplayTransfer
 .text.GX_FlushCacheRegions
                0x0011c5d8       0x54 c:/devkitPro/libctru/lib\libctru.a(gx.o)
                0x0011c5d8                GX_FlushCacheRegions
 .text.DVLB_Free
                0x0011c62c       0x38 c:/devkitPro/libctru/lib\libctru.a(shbin.o)
                0x0011c62c                DVLB_Free
 .text.DVLE_GetUniformRegister
                0x0011c664       0x78 c:/devkitPro/libctru/lib\libctru.a(shbin.o)
                0x0011c664                DVLE_GetUniformRegister
 .text.DVLE_GenerateOutmap
                0x0011c6dc      0x1ec c:/devkitPro/libctru/lib\libctru.a(shbin.o)
                0x0011c6dc                DVLE_GenerateOutmap
 .text.DVLB_ParseFile
                0x0011c8c8      0x1c0 c:/devkitPro/libctru/lib\libctru.a(shbin.o)
                0x0011c8c8                DVLB_ParseFile
 .text.shaderInstanceInit
                0x0011ca88      0x1f4 c:/devkitPro/libctru/lib\libctru.a(shaderProgram.o)
                0x0011ca88                shaderInstanceInit
 .text.shaderInstanceFree
                0x0011cc7c       0x34 c:/devkitPro/libctru/lib\libctru.a(shaderProgram.o)
                0x0011cc7c                shaderInstanceFree
 .text.shaderInstanceGetUniformLocation
                0x0011ccb0       0x18 c:/devkitPro/libctru/lib\libctru.a(shaderProgram.o)
                0x0011ccb0                shaderInstanceGetUniformLocation
 .text.shaderProgramInit
                0x0011ccc8       0x18 c:/devkitPro/libctru/lib\libctru.a(shaderProgram.o)
                0x0011ccc8                shaderProgramInit
 .text.shaderProgramFree
                0x0011cce0       0x2c c:/devkitPro/libctru/lib\libctru.a(shaderProgram.o)
                0x0011cce0                shaderProgramFree
 .text.shaderProgramSetVsh
                0x0011cd0c       0x6c c:/devkitPro/libctru/lib\libctru.a(shaderProgram.o)
                0x0011cd0c                shaderProgramSetVsh
 .text.shaderProgramConfigure
                0x0011cd78      0x894 c:/devkitPro/libctru/lib\libctru.a(shaderProgram.o)
                0x0011cd78                shaderProgramConfigure
 .text.ptmSysmInit
                0x0011d60c       0x70 c:/devkitPro/libctru/lib\libctru.a(ptmsysm.o)
                0x0011d60c                ptmSysmInit
 .text.ptmSysmExit
                0x0011d67c       0x34 c:/devkitPro/libctru/lib\libctru.a(ptmsysm.o)
                0x0011d67c                ptmSysmExit
 .text.PTMSYSM_ConfigureNew3DSCPU
                0x0011d6b0       0x34 c:/devkitPro/libctru/lib\libctru.a(ptmsysm.o)
                0x0011d6b0                PTMSYSM_ConfigureNew3DSCPU
 .text.hidExit  0x0011d6e4       0xd0 c:/devkitPro/libctru/lib\libctru.a(hid.o)
                0x0011d6e4                hidExit
 .text.hidScanInput
                0x0011d7b4      0x234 c:/devkitPro/libctru/lib\libctru.a(hid.o)
                0x0011d7b4                hidScanInput
 .text.hidKeysDown
                0x0011d9e8       0x10 c:/devkitPro/libctru/lib\libctru.a(hid.o)
                0x0011d9e8                hidKeysDown
 .text.hidKeysUp
                0x0011d9f8       0x10 c:/devkitPro/libctru/lib\libctru.a(hid.o)
                0x0011d9f8                hidKeysUp
 .text.hidTouchRead
                0x0011da08       0x18 c:/devkitPro/libctru/lib\libctru.a(hid.o)
                0x0011da08                hidTouchRead
 .text.HIDUSER_GetHandles
                0x0011da20       0x90 c:/devkitPro/libctru/lib\libctru.a(hid.o)
                0x0011da20                HIDUSER_GetHandles
 .text.hidInit  0x0011dab0      0x18c c:/devkitPro/libctru/lib\libctru.a(hid.o)
                0x0011dab0                hidInit
 .text._aptDebug
                0x0011dc3c        0x4 c:/devkitPro/libctru/lib\libctru.a(apt.o)
                0x0011dc3c                _aptDebug
 .text.aptSendCommand
                0x0011dc40      0x130 c:/devkitPro/libctru/lib\libctru.a(apt.o)
                0x0011dc40                aptSendCommand
 .text.aptExitProcess
                0x0011dd70       0x3c c:/devkitPro/libctru/lib\libctru.a(apt.o)
 .text.aptHook  0x0011ddac       0x38 c:/devkitPro/libctru/lib\libctru.a(apt.o)
                0x0011ddac                aptHook
 .text.aptUnhook
                0x0011dde4       0x2c c:/devkitPro/libctru/lib\libctru.a(apt.o)
                0x0011dde4                aptUnhook
 .text.APT_InquireNotification
                0x0011de10       0x4c c:/devkitPro/libctru/lib\libctru.a(apt.o)
                0x0011de10                APT_InquireNotification
 .text.aptEventHandler
                0x0011de5c      0x19c c:/devkitPro/libctru/lib\libctru.a(apt.o)
 .text.APT_AppletUtility
                0x0011dff8       0x74 c:/devkitPro/libctru/lib\libctru.a(apt.o)
                0x0011dff8                APT_AppletUtility
 .text.aptSetSleepAllowed
                0x0011e06c       0xb4 c:/devkitPro/libctru/lib\libctru.a(apt.o)
                0x0011e06c                aptSetSleepAllowed
 .text.APT_GlanceParameter
                0x0011e120       0xb4 c:/devkitPro/libctru/lib\libctru.a(apt.o)
                0x0011e120                APT_GlanceParameter
 .text.APT_ReceiveParameter
                0x0011e1d4       0xc0 c:/devkitPro/libctru/lib\libctru.a(apt.o)
                0x0011e1d4                APT_ReceiveParameter
 .text.aptReceiveParameter.constprop.1
                0x0011e294       0xa8 c:/devkitPro/libctru/lib\libctru.a(apt.o)
 *fill*         0x0011e33c        0x4 
 .text.aptScreenTransfer
                0x0011e340      0x1ec c:/devkitPro/libctru/lib\libctru.a(apt.o)
 .text.aptWaitForWakeUp
                0x0011e52c      0x228 c:/devkitPro/libctru/lib\libctru.a(apt.o)
 .text.APT_CancelParameter
                0x0011e754       0x70 c:/devkitPro/libctru/lib\libctru.a(apt.o)
                0x0011e754                APT_CancelParameter
 .text.aptInit  0x0011e7c4      0x230 c:/devkitPro/libctru/lib\libctru.a(apt.o)
                0x0011e7c4                aptInit
 .text.aptClearParamQueue
                0x0011e9f4       0x8c c:/devkitPro/libctru/lib\libctru.a(apt.o)
 .text.aptMainLoop
                0x0011ea80      0x214 c:/devkitPro/libctru/lib\libctru.a(apt.o)
                0x0011ea80                aptMainLoop
 .text.aptExit  0x0011ec94      0x148 c:/devkitPro/libctru/lib\libctru.a(apt.o)
                0x0011ec94                aptExit
 .text.APT_CheckNew3DS
                0x0011eddc       0x70 c:/devkitPro/libctru/lib\libctru.a(apt.o)
                0x0011eddc                APT_CheckNew3DS
 .text.gspEventThreadMain
                0x0011ee4c      0x160 c:/devkitPro/libctru/lib\libctru.a(gspgpu.o)
 .text.gspInit  0x0011efac       0x74 c:/devkitPro/libctru/lib\libctru.a(gspgpu.o)
                0x0011efac                gspInit
 .text.gspExit  0x0011f020       0x3c c:/devkitPro/libctru/lib\libctru.a(gspgpu.o)
                0x0011f020                gspExit
 .text.gspSetEventCallback
                0x0011f05c       0x2c c:/devkitPro/libctru/lib\libctru.a(gspgpu.o)
                0x0011f05c                gspSetEventCallback
 .text.gspInitEventHandler
                0x0011f088       0x88 c:/devkitPro/libctru/lib\libctru.a(gspgpu.o)
                0x0011f088                gspInitEventHandler
 .text.gspExitEventHandler
                0x0011f110       0x30 c:/devkitPro/libctru/lib\libctru.a(gspgpu.o)
                0x0011f110                gspExitEventHandler
 .text.gspWaitForEvent
                0x0011f140       0x44 c:/devkitPro/libctru/lib\libctru.a(gspgpu.o)
                0x0011f140                gspWaitForEvent
 .text.gspWaitForAnyEvent
                0x0011f184       0x6c c:/devkitPro/libctru/lib\libctru.a(gspgpu.o)
                0x0011f184                gspWaitForAnyEvent
 .text.gspSubmitGxCommand
                0x0011f1f0      0x124 c:/devkitPro/libctru/lib\libctru.a(gspgpu.o)
                0x0011f1f0                gspSubmitGxCommand
 .text.GSPGPU_SetBufferSwap
                0x0011f314       0x6c c:/devkitPro/libctru/lib\libctru.a(gspgpu.o)
                0x0011f314                GSPGPU_SetBufferSwap
 .text.GSPGPU_FlushDataCache
                0x0011f380       0x4c c:/devkitPro/libctru/lib\libctru.a(gspgpu.o)
                0x0011f380                GSPGPU_FlushDataCache
 .text.GSPGPU_SetLcdForceBlack
                0x0011f3cc       0x34 c:/devkitPro/libctru/lib\libctru.a(gspgpu.o)
                0x0011f3cc                GSPGPU_SetLcdForceBlack
 .text.GSPGPU_RegisterInterruptRelayQueue
                0x0011f400       0x64 c:/devkitPro/libctru/lib\libctru.a(gspgpu.o)
                0x0011f400                GSPGPU_RegisterInterruptRelayQueue
 .text.GSPGPU_UnregisterInterruptRelayQueue
                0x0011f464       0x2c c:/devkitPro/libctru/lib\libctru.a(gspgpu.o)
                0x0011f464                GSPGPU_UnregisterInterruptRelayQueue
 .text.GSPGPU_AcquireRight
                0x0011f490       0x48 c:/devkitPro/libctru/lib\libctru.a(gspgpu.o)
                0x0011f490                GSPGPU_AcquireRight
 .text.GSPGPU_ReleaseRight
                0x0011f4d8       0x2c c:/devkitPro/libctru/lib\libctru.a(gspgpu.o)
                0x0011f4d8                GSPGPU_ReleaseRight
 .text.GSPGPU_ImportDisplayCaptureInfo
                0x0011f504       0x80 c:/devkitPro/libctru/lib\libctru.a(gspgpu.o)
                0x0011f504                GSPGPU_ImportDisplayCaptureInfo
 .text.GSPGPU_SaveVramSysArea
                0x0011f584       0x2c c:/devkitPro/libctru/lib\libctru.a(gspgpu.o)
                0x0011f584                GSPGPU_SaveVramSysArea
 .text.GSPGPU_RestoreVramSysArea
                0x0011f5b0       0x2c c:/devkitPro/libctru/lib\libctru.a(gspgpu.o)
                0x0011f5b0                GSPGPU_RestoreVramSysArea
 .text.irrstScanInput
                0x0011f5dc       0xb0 c:/devkitPro/libctru/lib\libctru.a(irrst.o)
                0x0011f5dc                irrstScanInput
 .text.irrstKeysHeld
                0x0011f68c       0x1c c:/devkitPro/libctru/lib\libctru.a(irrst.o)
                0x0011f68c                irrstKeysHeld
 .text.IRRST_GetHandles
                0x0011f6a8       0x50 c:/devkitPro/libctru/lib\libctru.a(irrst.o)
                0x0011f6a8                IRRST_GetHandles
 .text.irrstInit
                0x0011f6f8      0x150 c:/devkitPro/libctru/lib\libctru.a(irrst.o)
                0x0011f6f8                irrstInit
 .text.IRRST_Shutdown
                0x0011f848       0x2c c:/devkitPro/libctru/lib\libctru.a(irrst.o)
                0x0011f848                IRRST_Shutdown
 .text.irrstExit
                0x0011f874       0xac c:/devkitPro/libctru/lib\libctru.a(irrst.o)
                0x0011f874                irrstExit
 .text.rbtree_find
                0x0011f920       0x70 c:/devkitPro/libctru/lib\libctru.a(rbtree_find.o)
                0x0011f920                rbtree_find
 .text.rbtree_remove
                0x0011f990      0x324 c:/devkitPro/libctru/lib\libctru.a(rbtree_remove.o)
                0x0011f990                rbtree_remove
 .text.rbtree_node_next
                0x0011fcb4       0x74 c:/devkitPro/libctru/lib\libctru.a(rbtree_iterator.o)
                0x0011fcb4                rbtree_node_next
 .text.rbtree_rotate
                0x0011fd28       0x94 c:/devkitPro/libctru/lib\libctru.a(rbtree_rotate.o)
                0x0011fd28                rbtree_rotate
 .text.do_insert
                0x0011fdbc      0x18c c:/devkitPro/libctru/lib\libctru.a(rbtree_insert.o)
 .text.rbtree_insert
                0x0011ff48        0x8 c:/devkitPro/libctru/lib\libctru.a(rbtree_insert.o)
                0x0011ff48                rbtree_insert
 .text.rbtree_init
                0x0011ff50       0x14 c:/devkitPro/libctru/lib\libctru.a(rbtree_init.o)
                0x0011ff50                rbtree_init
 .text.__system_initArgv
                0x0011ff64       0xe8 c:/devkitPro/libctru/lib\libctru.a(initArgv.o)
                0x0011ff64                __system_initArgv
 .text.osGetMemRegionSize
                0x0012004c       0x58 c:/devkitPro/libctru/lib\libctru.a(allocateHeaps.o)
 .text.__system_allocateHeaps
                0x001200a4      0x104 c:/devkitPro/libctru/lib\libctru.a(allocateHeaps.o)
                0x001200a4                __system_allocateHeaps
 .text.__libctru_init
                0x001201a8       0x38 c:/devkitPro/libctru/lib\libctru.a(initSystem.o)
                0x001201a8                __libctru_init
 .text.svcControlMemory
                0x001201e0       0x20 c:/devkitPro/libctru/lib\libctru.a(svc.o)
                0x001201e0                svcControlMemory
 .text.svcExitProcess
                0x00120200        0x8 c:/devkitPro/libctru/lib\libctru.a(svc.o)
                0x00120200                svcExitProcess
 .text.svcCreateThread
                0x00120208       0x20 c:/devkitPro/libctru/lib\libctru.a(svc.o)
                0x00120208                svcCreateThread
 .text.svcExitThread
                0x00120228        0x8 c:/devkitPro/libctru/lib\libctru.a(svc.o)
                0x00120228                svcExitThread
 .text.svcSleepThread
                0x00120230        0x8 c:/devkitPro/libctru/lib\libctru.a(svc.o)
                0x00120230                svcSleepThread
 .text.svcReleaseMutex
                0x00120238        0x8 c:/devkitPro/libctru/lib\libctru.a(svc.o)
                0x00120238                svcReleaseMutex
 .text.svcCreateEvent
                0x00120240       0x14 c:/devkitPro/libctru/lib\libctru.a(svc.o)
                0x00120240                svcCreateEvent
 .text.svcSignalEvent
                0x00120254        0x8 c:/devkitPro/libctru/lib\libctru.a(svc.o)
                0x00120254                svcSignalEvent
 .text.svcClearEvent
                0x0012025c        0x8 c:/devkitPro/libctru/lib\libctru.a(svc.o)
                0x0012025c                svcClearEvent
 .text.svcMapMemoryBlock
                0x00120264        0x8 c:/devkitPro/libctru/lib\libctru.a(svc.o)
                0x00120264                svcMapMemoryBlock
 .text.svcUnmapMemoryBlock
                0x0012026c        0x8 c:/devkitPro/libctru/lib\libctru.a(svc.o)
                0x0012026c                svcUnmapMemoryBlock
 .text.svcCreateAddressArbiter
                0x00120274       0x14 c:/devkitPro/libctru/lib\libctru.a(svc.o)
                0x00120274                svcCreateAddressArbiter
 .text.svcArbitrateAddress
                0x00120288       0x18 c:/devkitPro/libctru/lib\libctru.a(svc.o)
                0x00120288                svcArbitrateAddress
 .text.svcCloseHandle
                0x001202a0        0x8 c:/devkitPro/libctru/lib\libctru.a(svc.o)
                0x001202a0                svcCloseHandle
 .text.svcWaitSynchronization
                0x001202a8        0x8 c:/devkitPro/libctru/lib\libctru.a(svc.o)
                0x001202a8                svcWaitSynchronization
 .text.svcWaitSynchronizationN
                0x001202b0       0x28 c:/devkitPro/libctru/lib\libctru.a(svc.o)
                0x001202b0                svcWaitSynchronizationN
 .text.svcDuplicateHandle
                0x001202d8       0x14 c:/devkitPro/libctru/lib\libctru.a(svc.o)
                0x001202d8                svcDuplicateHandle
 .text.svcGetSystemTick
                0x001202ec        0x8 c:/devkitPro/libctru/lib\libctru.a(svc.o)
                0x001202ec                svcGetSystemTick
 .text.svcGetSystemInfo
                0x001202f4       0x18 c:/devkitPro/libctru/lib\libctru.a(svc.o)
                0x001202f4                svcGetSystemInfo
 .text.svcConnectToPort
                0x0012030c       0x14 c:/devkitPro/libctru/lib\libctru.a(svc.o)
                0x0012030c                svcConnectToPort
 .text.svcSendSyncRequest
                0x00120320        0x8 c:/devkitPro/libctru/lib\libctru.a(svc.o)
                0x00120320                svcSendSyncRequest
 .text.svcBreak
                0x00120328        0x8 c:/devkitPro/libctru/lib\libctru.a(svc.o)
                0x00120328                svcBreak
 .text.svcOutputDebugString
                0x00120330        0x8 c:/devkitPro/libctru/lib\libctru.a(svc.o)
                0x00120330                svcOutputDebugString
 .text._ZN7MemPool13CoalesceRightEP8MemBlock
                0x00120338       0x98 c:/devkitPro/libctru/lib\libctru.a(mem_pool.o)
                0x00120338                MemPool::CoalesceRight(MemBlock*)
 .text._ZN7MemPool8AllocateER8MemChunkmi
                0x001203d0      0x178 c:/devkitPro/libctru/lib\libctru.a(mem_pool.o)
                0x001203d0                MemPool::Allocate(MemChunk&, unsigned long, int)
 .text._ZN7MemPool10DeallocateERK8MemChunk
                0x00120548      0x100 c:/devkitPro/libctru/lib\libctru.a(mem_pool.o)
                0x00120548                MemPool::Deallocate(MemChunk const&)
 .text._ZL21addrMapNodeComparatorPK11rbtree_nodeS1_
                0x00120648       0x24 c:/devkitPro/libctru/lib\libctru.a(mappable.o)
 .text._ZL21addrMapNodeDestructorP11rbtree_node
                0x0012066c        0x4 c:/devkitPro/libctru/lib\libctru.a(mappable.o)
 .text.mappableAlloc
                0x00120670       0xf4 c:/devkitPro/libctru/lib\libctru.a(mappable.o)
                0x00120670                mappableAlloc
 .text.mappableFree
                0x00120764       0x50 c:/devkitPro/libctru/lib\libctru.a(mappable.o)
                0x00120764                mappableFree
 .text.threadCreate
                0x001207b4      0x1bc c:/devkitPro/libctru/lib\libctru.a(thread.o)
                0x001207b4                threadCreate
 .text.threadJoin
                0x00120970       0x24 c:/devkitPro/libctru/lib\libctru.a(thread.o)
                0x00120970                threadJoin
 .text.threadExit
                0x00120994       0x70 c:/devkitPro/libctru/lib\libctru.a(thread.o)
                0x00120994                threadExit
 .text._thread_begin
                0x00120a04       0x40 c:/devkitPro/libctru/lib\libctru.a(thread.o)
 .text.srvExit  0x00120a44       0x50 c:/devkitPro/libctru/lib\libctru.a(srv.o)
                0x00120a44                srvExit
 .text.srvRegisterClient
                0x00120a94       0x38 c:/devkitPro/libctru/lib\libctru.a(srv.o)
                0x00120a94                srvRegisterClient
 .text.srvInit  0x00120acc       0x78 c:/devkitPro/libctru/lib\libctru.a(srv.o)
                0x00120acc                srvInit
 .text.srvGetServiceHandleDirect
                0x00120b44       0x68 c:/devkitPro/libctru/lib\libctru.a(srv.o)
                0x00120b44                srvGetServiceHandleDirect
 .text.srvGetServiceHandle
                0x00120bac       0x38 c:/devkitPro/libctru/lib\libctru.a(srv.o)
                0x00120bac                srvGetServiceHandle
 .text.envGetHandle
                0x00120be4       0x84 c:/devkitPro/libctru/lib\libctru.a(env.o)
                0x00120be4                envGetHandle
 .text.envDestroyHandles
                0x00120c68       0x4c c:/devkitPro/libctru/lib\libctru.a(env.o)
                0x00120c68                envDestroyHandles
 .text.LightLock_Unlock.part.1
                0x00120cb4       0x34 c:/devkitPro/libctru/lib\libctru.a(synchronization.o)
 .text.__sync_init
                0x00120ce8        0xc c:/devkitPro/libctru/lib\libctru.a(synchronization.o)
                0x00120ce8                __sync_init
 .text.__sync_fini
                0x00120cf4       0x18 c:/devkitPro/libctru/lib\libctru.a(synchronization.o)
                0x00120cf4                __sync_fini
 .text.__sync_get_arbiter
                0x00120d0c       0x10 c:/devkitPro/libctru/lib\libctru.a(synchronization.o)
                0x00120d0c                __sync_get_arbiter
 .text.LightLock_Init
                0x00120d1c       0x18 c:/devkitPro/libctru/lib\libctru.a(synchronization.o)
                0x00120d1c                LightLock_Init
 .text.LightLock_Lock
                0x00120d34       0xa0 c:/devkitPro/libctru/lib\libctru.a(synchronization.o)
                0x00120d34                LightLock_Lock
 .text.LightLock_TryLock
                0x00120dd4       0x34 c:/devkitPro/libctru/lib\libctru.a(synchronization.o)
                0x00120dd4                LightLock_TryLock
 .text.LightLock_Unlock
                0x00120e08       0x20 c:/devkitPro/libctru/lib\libctru.a(synchronization.o)
                0x00120e08                LightLock_Unlock
 .text.RecursiveLock_Init
                0x00120e28       0x24 c:/devkitPro/libctru/lib\libctru.a(synchronization.o)
                0x00120e28                RecursiveLock_Init
 .text.RecursiveLock_Lock
                0x00120e4c       0x30 c:/devkitPro/libctru/lib\libctru.a(synchronization.o)
                0x00120e4c                RecursiveLock_Lock
 .text.RecursiveLock_TryLock
                0x00120e7c       0x58 c:/devkitPro/libctru/lib\libctru.a(synchronization.o)
                0x00120e7c                RecursiveLock_TryLock
 .text.RecursiveLock_Unlock
                0x00120ed4       0x38 c:/devkitPro/libctru/lib\libctru.a(synchronization.o)
                0x00120ed4                RecursiveLock_Unlock
 .text.LightEvent_Init
                0x00120f0c       0x38 c:/devkitPro/libctru/lib\libctru.a(synchronization.o)
                0x00120f0c                LightEvent_Init
 .text.LightEvent_Clear
                0x00120f44       0x7c c:/devkitPro/libctru/lib\libctru.a(synchronization.o)
                0x00120f44                LightEvent_Clear
 .text.LightEvent_Signal
                0x00120fc0       0xdc c:/devkitPro/libctru/lib\libctru.a(synchronization.o)
                0x00120fc0                LightEvent_Signal
 .text.LightEvent_Wait
                0x0012109c       0xd0 c:/devkitPro/libctru/lib\libctru.a(synchronization.o)
                0x0012109c                LightEvent_Wait
 .text.__libctru_exit
                0x0012116c       0xa4 c:/devkitPro/libctru/lib\libctru.a(ctru_exit.o)
                0x0012116c                __libctru_exit
 .text.__appExit
                0x00121210       0x1c c:/devkitPro/libctru/lib\libctru.a(appExit.o)
                0x00121210                __appExit
 .text.__ctru_get_reent
                0x0012122c       0x30 c:/devkitPro/libctru/lib\libctru.a(syscalls.o)
 .text.__system_initSyscalls
                0x0012125c       0xe4 c:/devkitPro/libctru/lib\libctru.a(syscalls.o)
                0x0012125c                __system_initSyscalls
 .text.__appInit
                0x00121340       0x1c c:/devkitPro/libctru/lib\libctru.a(appInit.o)
                0x00121340                __appInit
 .text.sdmc_link
                0x0012135c       0x10 c:/devkitPro/libctru/lib\libctru.a(sdmc_dev.o)
 .text.sdmc_dirreset
                0x0012136c       0x10 c:/devkitPro/libctru/lib\libctru.a(sdmc_dev.o)
 .text.sdmc_fchmod
                0x0012137c       0x10 c:/devkitPro/libctru/lib\libctru.a(sdmc_dev.o)
 .text.error_cmp
                0x0012138c       0x24 c:/devkitPro/libctru/lib\libctru.a(sdmc_dev.o)
 .text.sdmc_translate_error
                0x001213b0       0x50 c:/devkitPro/libctru/lib\libctru.a(sdmc_dev.o)
 .text.sdmc_fsync
                0x00121400       0x34 c:/devkitPro/libctru/lib\libctru.a(sdmc_dev.o)
 .text.sdmc_ftruncate
                0x00121434       0x54 c:/devkitPro/libctru/lib\libctru.a(sdmc_dev.o)
 .text.sdmc_statvfs
                0x00121488       0xb8 c:/devkitPro/libctru/lib\libctru.a(sdmc_dev.o)
 .text.sdmc_dirclose
                0x00121540       0x38 c:/devkitPro/libctru/lib\libctru.a(sdmc_dev.o)
 .text.sdmc_dirnext
                0x00121578      0x138 c:/devkitPro/libctru/lib\libctru.a(sdmc_dev.o)
 .text.sdmc_close
                0x001216b0       0x34 c:/devkitPro/libctru/lib\libctru.a(sdmc_dev.o)
 .text.sdmc_fstat
                0x001216e4       0x74 c:/devkitPro/libctru/lib\libctru.a(sdmc_dev.o)
 .text.sdmc_seek
                0x00121758       0xd8 c:/devkitPro/libctru/lib\libctru.a(sdmc_dev.o)
 .text.sdmc_read
                0x00121830       0x84 c:/devkitPro/libctru/lib\libctru.a(sdmc_dev.o)
 .text.sdmc_write
                0x001218b4       0xb8 c:/devkitPro/libctru/lib\libctru.a(sdmc_dev.o)
 .text.sdmc_utf16path
                0x0012196c      0x1b4 c:/devkitPro/libctru/lib\libctru.a(sdmc_dev.o)
 .text.sdmc_rmdir
                0x00121b20       0x74 c:/devkitPro/libctru/lib\libctru.a(sdmc_dev.o)
 .text.sdmc_diropen
                0x00121b94       0xa4 c:/devkitPro/libctru/lib\libctru.a(sdmc_dev.o)
 .text.sdmc_chdir
                0x00121c38       0xa0 c:/devkitPro/libctru/lib\libctru.a(sdmc_dev.o)
 .text.sdmc_mkdir
                0x00121cd8       0x98 c:/devkitPro/libctru/lib\libctru.a(sdmc_dev.o)
 .text.sdmc_rename
                0x00121d70      0x108 c:/devkitPro/libctru/lib\libctru.a(sdmc_dev.o)
 .text.sdmc_unlink
                0x00121e78       0x74 c:/devkitPro/libctru/lib\libctru.a(sdmc_dev.o)
 .text.sdmc_stat
                0x00121eec      0x108 c:/devkitPro/libctru/lib\libctru.a(sdmc_dev.o)
 .text.sdmc_open
                0x00121ff4      0x188 c:/devkitPro/libctru/lib\libctru.a(sdmc_dev.o)
 .text.sdmc_chmod
                0x0012217c       0x10 c:/devkitPro/libctru/lib\libctru.a(sdmc_dev.o)
 .text.sdmcInit
                0x0012218c      0x15c c:/devkitPro/libctru/lib\libctru.a(sdmc_dev.o)
                0x0012218c                sdmcInit
 .text.sdmcExit
                0x001222e8       0x58 c:/devkitPro/libctru/lib\libctru.a(sdmc_dev.o)
                0x001222e8                sdmcExit
 .text.fsSessionForArchive.part.0
                0x00122340       0x28 c:/devkitPro/libctru/lib\libctru.a(fs.o)
 .text.fsInit   0x00122368       0xc8 c:/devkitPro/libctru/lib\libctru.a(fs.o)
                0x00122368                fsInit
 .text.fsExit   0x00122430       0x38 c:/devkitPro/libctru/lib\libctru.a(fs.o)
                0x00122430                fsExit
 .text.fsExemptFromSession
                0x00122468       0xa0 c:/devkitPro/libctru/lib\libctru.a(fs.o)
                0x00122468                fsExemptFromSession
 .text.fsUnexemptFromSession
                0x00122508       0x54 c:/devkitPro/libctru/lib\libctru.a(fs.o)
                0x00122508                fsUnexemptFromSession
 .text.FSUSER_OpenFile
                0x0012255c       0xbc c:/devkitPro/libctru/lib\libctru.a(fs.o)
                0x0012255c                FSUSER_OpenFile
 .text.FSUSER_DeleteFile
                0x00122618       0xa4 c:/devkitPro/libctru/lib\libctru.a(fs.o)
                0x00122618                FSUSER_DeleteFile
 .text.FSUSER_RenameFile
                0x001226bc       0xe0 c:/devkitPro/libctru/lib\libctru.a(fs.o)
                0x001226bc                FSUSER_RenameFile
 .text.FSUSER_DeleteDirectory
                0x0012279c       0xa4 c:/devkitPro/libctru/lib\libctru.a(fs.o)
                0x0012279c                FSUSER_DeleteDirectory
 .text.FSUSER_CreateFile
                0x00122840       0xbc c:/devkitPro/libctru/lib\libctru.a(fs.o)
                0x00122840                FSUSER_CreateFile
 .text.FSUSER_CreateDirectory
                0x001228fc       0xac c:/devkitPro/libctru/lib\libctru.a(fs.o)
                0x001228fc                FSUSER_CreateDirectory
 .text.FSUSER_RenameDirectory
                0x001229a8       0xe0 c:/devkitPro/libctru/lib\libctru.a(fs.o)
                0x001229a8                FSUSER_RenameDirectory
 .text.FSUSER_OpenDirectory
                0x00122a88       0xa4 c:/devkitPro/libctru/lib\libctru.a(fs.o)
                0x00122a88                FSUSER_OpenDirectory
 .text.FSUSER_OpenArchive
                0x00122b2c       0x98 c:/devkitPro/libctru/lib\libctru.a(fs.o)
                0x00122b2c                FSUSER_OpenArchive
 .text.FSUSER_CloseArchive
                0x00122bc4       0x74 c:/devkitPro/libctru/lib\libctru.a(fs.o)
                0x00122bc4                FSUSER_CloseArchive
 .text.FSUSER_GetSdmcArchiveResource
                0x00122c38       0x78 c:/devkitPro/libctru/lib\libctru.a(fs.o)
                0x00122c38                FSUSER_GetSdmcArchiveResource
 .text.FSUSER_IsSdmcWritable
                0x00122cb0       0x64 c:/devkitPro/libctru/lib\libctru.a(fs.o)
                0x00122cb0                FSUSER_IsSdmcWritable
 .text.FSFILE_Read
                0x00122d14       0x5c c:/devkitPro/libctru/lib\libctru.a(fs.o)
                0x00122d14                FSFILE_Read
 .text.FSFILE_Write
                0x00122d70       0x64 c:/devkitPro/libctru/lib\libctru.a(fs.o)
                0x00122d70                FSFILE_Write
 .text.FSFILE_GetSize
                0x00122dd4       0x3c c:/devkitPro/libctru/lib\libctru.a(fs.o)
                0x00122dd4                FSFILE_GetSize
 .text.FSFILE_SetSize
                0x00122e10       0x2c c:/devkitPro/libctru/lib\libctru.a(fs.o)
                0x00122e10                FSFILE_SetSize
 .text.FSFILE_Close
                0x00122e3c       0x3c c:/devkitPro/libctru/lib\libctru.a(fs.o)
                0x00122e3c                FSFILE_Close
 .text.FSFILE_Flush
                0x00122e78       0x24 c:/devkitPro/libctru/lib\libctru.a(fs.o)
                0x00122e78                FSFILE_Flush
 .text.FSDIR_Read
                0x00122e9c       0x54 c:/devkitPro/libctru/lib\libctru.a(fs.o)
                0x00122e9c                FSDIR_Read
 .text.FSDIR_Close
                0x00122ef0       0x3c c:/devkitPro/libctru/lib\libctru.a(fs.o)
                0x00122ef0                FSDIR_Close
 .text.utf8_to_utf16
                0x00122f2c       0xc0 c:/devkitPro/libctru/lib\libctru.a(utf8_to_utf16.o)
                0x00122f2c                utf8_to_utf16
 .text.decode_utf8
                0x00122fec      0x138 c:/devkitPro/libctru/lib\libctru.a(decode_utf8.o)
                0x00122fec                decode_utf8
 .text.utf16_to_utf8
                0x00123124       0xe8 c:/devkitPro/libctru/lib\libctru.a(utf16_to_utf8.o)
                0x00123124                utf16_to_utf8
 .text.encode_utf8
                0x0012320c      0x104 c:/devkitPro/libctru/lib\libctru.a(encode_utf8.o)
                0x0012320c                encode_utf8
 .text.encode_utf16
                0x00123310       0x68 c:/devkitPro/libctru/lib\libctru.a(encode_utf16.o)
                0x00123310                encode_utf16
 .text.__aeabi_read_tp
                0x00123378        0xc c:/devkitPro/libctru/lib\libctru.a(readtp.o)
                0x00123378                __aeabi_read_tp
 .text.decode_utf16
                0x00123384       0x60 c:/devkitPro/libctru/lib\libctru.a(decode_utf16.o)
                0x00123384                decode_utf16
 .text.cosf     0x001233e4       0xc4 c:/devkitpro/devkitarm/bin/../lib/gcc/arm-none-eabi/6.3.0/../../../../arm-none-eabi/lib/armv6k/fpu\libm.a(lib_a-sf_cos.o)
                0x001233e4                cosf
 .text.floor    0x001234a8      0x184 c:/devkitpro/devkitarm/bin/../lib/gcc/arm-none-eabi/6.3.0/../../../../arm-none-eabi/lib/armv6k/fpu\libm.a(lib_a-s_floor.o)
                0x001234a8                floor
 *fill*         0x0012362c        0x4 
 .text.frexp    0x00123630       0x9c c:/devkitpro/devkitarm/bin/../lib/gcc/arm-none-eabi/6.3.0/../../../../arm-none-eabi/lib/armv6k/fpu\libm.a(lib_a-s_frexp.o)
                0x00123630                frexp
 .text.sinf     0x001236cc       0xcc c:/devkitpro/devkitarm/bin/../lib/gcc/arm-none-eabi/6.3.0/../../../../arm-none-eabi/lib/armv6k/fpu\libm.a(lib_a-sf_sin.o)
                0x001236cc                sinf
 .text.pow      0x00123798      0x398 c:/devkitpro/devkitarm/bin/../lib/gcc/arm-none-eabi/6.3.0/../../../../arm-none-eabi/lib/armv6k/fpu\libm.a(lib_a-w_pow.o)
                0x00123798                pow
 .text.__ieee754_rem_pio2f
                0x00123b30      0x2e8 c:/devkitpro/devkitarm/bin/../lib/gcc/arm-none-eabi/6.3.0/../../../../arm-none-eabi/lib/armv6k/fpu\libm.a(lib_a-ef_rem_pio2.o)
                0x00123b30                __ieee754_rem_pio2f
 .text.__ieee754_pow
                0x00123e18      0x8bc c:/devkitpro/devkitarm/bin/../lib/gcc/arm-none-eabi/6.3.0/../../../../arm-none-eabi/lib/armv6k/fpu\libm.a(lib_a-e_pow.o)
                0x00123e18                __ieee754_pow
 .text.__ieee754_sqrt
                0x001246d4      0x214 c:/devkitpro/devkitarm/bin/../lib/gcc/arm-none-eabi/6.3.0/../../../../arm-none-eabi/lib/armv6k/fpu\libm.a(lib_a-e_sqrt.o)
                0x001246d4                __ieee754_sqrt
 .text.__kernel_cosf
                0x001248e8      0x124 c:/devkitpro/devkitarm/bin/../lib/gcc/arm-none-eabi/6.3.0/../../../../arm-none-eabi/lib/armv6k/fpu\libm.a(lib_a-kf_cos.o)
                0x001248e8                __kernel_cosf
 .text.__kernel_rem_pio2f
                0x00124a0c      0x898 c:/devkitpro/devkitarm/bin/../lib/gcc/arm-none-eabi/6.3.0/../../../../arm-none-eabi/lib/armv6k/fpu\libm.a(lib_a-kf_rem_pio2.o)
                0x00124a0c                __kernel_rem_pio2f
 .text.__kernel_sinf
                0x001252a4       0xa0 c:/devkitpro/devkitarm/bin/../lib/gcc/arm-none-eabi/6.3.0/../../../../arm-none-eabi/lib/armv6k/fpu\libm.a(lib_a-kf_sin.o)
                0x001252a4                __kernel_sinf
 .text.fabs     0x00125344       0x10 c:/devkitpro/devkitarm/bin/../lib/gcc/arm-none-eabi/6.3.0/../../../../arm-none-eabi/lib/armv6k/fpu\libm.a(lib_a-s_fabs.o)
                0x00125344                fabs
 .text.fabsf    0x00125354       0x10 c:/devkitpro/devkitarm/bin/../lib/gcc/arm-none-eabi/6.3.0/../../../../arm-none-eabi/lib/armv6k/fpu\libm.a(lib_a-sf_fabs.o)
                0x00125354                fabsf
 .text.floorf   0x00125364       0xbc c:/devkitpro/devkitarm/bin/../lib/gcc/arm-none-eabi/6.3.0/../../../../arm-none-eabi/lib/armv6k/fpu\libm.a(lib_a-sf_floor.o)
                0x00125364                floorf
 .text.finite   0x00125420       0x14 c:/devkitpro/devkitarm/bin/../lib/gcc/arm-none-eabi/6.3.0/../../../../arm-none-eabi/lib/armv6k/fpu\libm.a(lib_a-s_finite.o)
                0x00125420                finite
 .text.scalbnf  0x00125434      0x114 c:/devkitpro/devkitarm/bin/../lib/gcc/arm-none-eabi/6.3.0/../../../../arm-none-eabi/lib/armv6k/fpu\libm.a(lib_a-sf_scalbn.o)
                0x00125434                scalbnf
 .text.matherr  0x00125548        0x8 c:/devkitpro/devkitarm/bin/../lib/gcc/arm-none-eabi/6.3.0/../../../../arm-none-eabi/lib/armv6k/fpu\libm.a(lib_a-s_matherr.o)
                0x00125548                matherr
 .text.nan      0x00125550       0x10 c:/devkitpro/devkitarm/bin/../lib/gcc/arm-none-eabi/6.3.0/../../../../arm-none-eabi/lib/armv6k/fpu\libm.a(lib_a-s_nan.o)
                0x00125550                nan
 .text.rint     0x00125560      0x178 c:/devkitpro/devkitarm/bin/../lib/gcc/arm-none-eabi/6.3.0/../../../../arm-none-eabi/lib/armv6k/fpu\libm.a(lib_a-s_rint.o)
                0x00125560                rint
 .text.scalbn   0x001256d8      0x170 c:/devkitpro/devkitarm/bin/../lib/gcc/arm-none-eabi/6.3.0/../../../../arm-none-eabi/lib/armv6k/fpu\libm.a(lib_a-s_scalbn.o)
                0x001256d8                scalbn
 .text.copysign
                0x00125848       0x1c c:/devkitpro/devkitarm/bin/../lib/gcc/arm-none-eabi/6.3.0/../../../../arm-none-eabi/lib/armv6k/fpu\libm.a(lib_a-s_copysign.o)
                0x00125848                copysign
 .text.copysignf
                0x00125864       0x1c c:/devkitpro/devkitarm/bin/../lib/gcc/arm-none-eabi/6.3.0/../../../../arm-none-eabi/lib/armv6k/fpu\libm.a(lib_a-sf_copysign.o)
                0x00125864                copysignf
 .text.__udivmoddi4
                0x00125880      0x128 c:/devkitpro/devkitarm/bin/../lib/gcc/arm-none-eabi/6.3.0/armv6k/fpu\libgcc.a(_udivmoddi4.o)
                0x00125880                __udivmoddi4
 .text.abort    0x001259a8       0x14 c:/devkitpro/devkitarm/bin/../lib/gcc/arm-none-eabi/6.3.0/../../../../arm-none-eabi/lib/armv6k/fpu\libg.a(lib_a-abort.o)
                0x001259a8                abort
 .text.bsearch  0x001259bc       0x74 c:/devkitpro/devkitarm/bin/../lib/gcc/arm-none-eabi/6.3.0/../../../../arm-none-eabi/lib/armv6k/fpu\libg.a(lib_a-bsearch.o)
                0x001259bc                bsearch
 .text.calloc   0x00125a30       0x20 c:/devkitpro/devkitarm/bin/../lib/gcc/arm-none-eabi/6.3.0/../../../../arm-none-eabi/lib/armv6k/fpu\libg.a(lib_a-calloc.o)
                0x00125a30                calloc
 .text._calloc_r
                0x00125a50       0x90 c:/devkitpro/devkitarm/bin/../lib/gcc/arm-none-eabi/6.3.0/../../../../arm-none-eabi/lib/armv6k/fpu\libg.a(lib_a-callocr.o)
                0x00125a50                _calloc_r
 .text.__errno  0x00125ae0        0xc c:/devkitpro/devkitarm/bin/../lib/gcc/arm-none-eabi/6.3.0/../../../../arm-none-eabi/lib/armv6k/fpu\libg.a(lib_a-errno.o)
                0x00125ae0                __errno
 .text._fclose_r
                0x00125aec      0x154 c:/devkitpro/devkitarm/bin/../lib/gcc/arm-none-eabi/6.3.0/../../../../arm-none-eabi/lib/armv6k/fpu\libg.a(lib_a-fclose.o)
                0x00125aec                _fclose_r
 .text.__sflush_r
                0x00125c40      0x254 c:/devkitpro/devkitarm/bin/../lib/gcc/arm-none-eabi/6.3.0/../../../../arm-none-eabi/lib/armv6k/fpu\libg.a(lib_a-fflush.o)
                0x00125c40                __sflush_r
 .text._fflush_r
                0x00125e94       0x94 c:/devkitpro/devkitarm/bin/../lib/gcc/arm-none-eabi/6.3.0/../../../../arm-none-eabi/lib/armv6k/fpu\libg.a(lib_a-fflush.o)
                0x00125e94                _fflush_r
 .text.fflush   0x00125f28       0x38 c:/devkitpro/devkitarm/bin/../lib/gcc/arm-none-eabi/6.3.0/../../../../arm-none-eabi/lib/armv6k/fpu\libg.a(lib_a-fflush.o)
                0x00125f28                fflush
 .text._cleanup_r
                0x00125f60        0xc c:/devkitpro/devkitarm/bin/../lib/gcc/arm-none-eabi/6.3.0/../../../../arm-none-eabi/lib/armv6k/fpu\libg.a(lib_a-findfp.o)
                0x00125f60                _cleanup_r
 .text.std.isra.0
                0x00125f6c       0x80 c:/devkitpro/devkitarm/bin/../lib/gcc/arm-none-eabi/6.3.0/../../../../arm-none-eabi/lib/armv6k/fpu\libg.a(lib_a-findfp.o)
 .text.__sinit  0x00125fec       0x8c c:/devkitpro/devkitarm/bin/../lib/gcc/arm-none-eabi/6.3.0/../../../../arm-none-eabi/lib/armv6k/fpu\libg.a(lib_a-findfp.o)
                0x00125fec                __sinit
 .text.__sfp_lock_acquire
                0x00126078        0xc c:/devkitpro/devkitarm/bin/../lib/gcc/arm-none-eabi/6.3.0/../../../../arm-none-eabi/lib/armv6k/fpu\libg.a(lib_a-findfp.o)
                0x00126078                __sfp_lock_acquire
 .text.__sfp_lock_release
                0x00126084        0xc c:/devkitpro/devkitarm/bin/../lib/gcc/arm-none-eabi/6.3.0/../../../../arm-none-eabi/lib/armv6k/fpu\libg.a(lib_a-findfp.o)
                0x00126084                __sfp_lock_release
 .text.__libc_fini_array
                0x00126090       0x40 c:/devkitpro/devkitarm/bin/../lib/gcc/arm-none-eabi/6.3.0/../../../../arm-none-eabi/lib/armv6k/fpu\libg.a(lib_a-fini.o)
                0x00126090                __libc_fini_array
 .text.fprintf  0x001260d0       0x3c c:/devkitpro/devkitarm/bin/../lib/gcc/arm-none-eabi/6.3.0/../../../../arm-none-eabi/lib/armv6k/fpu\libg.a(lib_a-fprintf.o)
                0x001260d0                fprintf
 .text.fputc    0x0012610c       0x94 c:/devkitpro/devkitarm/bin/../lib/gcc/arm-none-eabi/6.3.0/../../../../arm-none-eabi/lib/armv6k/fpu\libg.a(lib_a-fputc.o)
                0x0012610c                fputc
 .text._fread_r
                0x001261a0      0x2d4 c:/devkitpro/devkitarm/bin/../lib/gcc/arm-none-eabi/6.3.0/../../../../arm-none-eabi/lib/armv6k/fpu\libg.a(lib_a-fread.o)
                0x001261a0                _fread_r
 .text.fread    0x00126474       0x38 c:/devkitpro/devkitarm/bin/../lib/gcc/arm-none-eabi/6.3.0/../../../../arm-none-eabi/lib/armv6k/fpu\libg.a(lib_a-fread.o)
                0x00126474                fread
 .text._malloc_trim_r
                0x001264ac       0xf8 c:/devkitpro/devkitarm/bin/../lib/gcc/arm-none-eabi/6.3.0/../../../../arm-none-eabi/lib/armv6k/fpu\libg.a(lib_a-freer.o)
                0x001264ac                _malloc_trim_r
 .text._free_r  0x001265a4      0x2e4 c:/devkitpro/devkitarm/bin/../lib/gcc/arm-none-eabi/6.3.0/../../../../arm-none-eabi/lib/armv6k/fpu\libg.a(lib_a-freer.o)
                0x001265a4                _free_r
 .text._fwalk   0x00126888       0x78 c:/devkitpro/devkitarm/bin/../lib/gcc/arm-none-eabi/6.3.0/../../../../arm-none-eabi/lib/armv6k/fpu\libg.a(lib_a-fwalk.o)
                0x00126888                _fwalk
 .text._fwalk_reent
                0x00126900       0x80 c:/devkitpro/devkitarm/bin/../lib/gcc/arm-none-eabi/6.3.0/../../../../arm-none-eabi/lib/armv6k/fpu\libg.a(lib_a-fwalk.o)
                0x00126900                _fwalk_reent
 .text.__libc_init_array
                0x00126980       0x78 c:/devkitpro/devkitarm/bin/../lib/gcc/arm-none-eabi/6.3.0/../../../../arm-none-eabi/lib/armv6k/fpu\libg.a(lib_a-init.o)
                0x00126980                __libc_init_array
 .text.__swhatbuf_r
                0x001269f8       0x94 c:/devkitpro/devkitarm/bin/../lib/gcc/arm-none-eabi/6.3.0/../../../../arm-none-eabi/lib/armv6k/fpu\libg.a(lib_a-makebuf.o)
                0x001269f8                __swhatbuf_r
 .text.__smakebuf_r
                0x00126a8c       0xf4 c:/devkitpro/devkitarm/bin/../lib/gcc/arm-none-eabi/6.3.0/../../../../arm-none-eabi/lib/armv6k/fpu\libg.a(lib_a-makebuf.o)
                0x00126a8c                __smakebuf_r
 .text.memalign
                0x00126b80       0x20 c:/devkitpro/devkitarm/bin/../lib/gcc/arm-none-eabi/6.3.0/../../../../arm-none-eabi/lib/armv6k/fpu\libg.a(lib_a-malign.o)
                0x00126b80                memalign
 .text._memalign_r
                0x00126ba0      0x158 c:/devkitpro/devkitarm/bin/../lib/gcc/arm-none-eabi/6.3.0/../../../../arm-none-eabi/lib/armv6k/fpu\libg.a(lib_a-malignr.o)
                0x00126ba0                _memalign_r
 .text.malloc   0x00126cf8       0x18 c:/devkitpro/devkitarm/bin/../lib/gcc/arm-none-eabi/6.3.0/../../../../arm-none-eabi/lib/armv6k/fpu\libg.a(lib_a-malloc.o)
                0x00126cf8                malloc
 .text.free     0x00126d10       0x18 c:/devkitpro/devkitarm/bin/../lib/gcc/arm-none-eabi/6.3.0/../../../../arm-none-eabi/lib/armv6k/fpu\libg.a(lib_a-malloc.o)
                0x00126d10                free
 .text._malloc_r
                0x00126d28      0x78c c:/devkitpro/devkitarm/bin/../lib/gcc/arm-none-eabi/6.3.0/../../../../arm-none-eabi/lib/armv6k/fpu\libg.a(lib_a-mallocr.o)
                0x00126d28                _malloc_r