Archive member included to satisfy reference by file (symbol)

c:/devkitPro/libctru/lib\libsfil.a(sfil_png.o)
                              main.o (sfil_load_PNG_buffer)
c:/devkitPro/portlibs/armv6k/lib\libpng.a(png.o)
                              c:/devkitPro/libctru/lib\libsfil.a(sfil_png.o) (png_set_sig_bytes)
c:/devkitPro/portlibs/armv6k/lib\libpng.a(pngerror.o)
                              c:/devkitPro/portlibs/armv6k/lib\libpng.a(png.o) (png_safecat)
c:/devkitPro/portlibs/armv6k/lib\libpng.a(pngget.o)
                              c:/devkitPro/libctru/lib\libsfil.a(sfil_png.o) (png_get_valid)
c:/devkitPro/portlibs/armv6k/lib\libpng.a(pngmem.o)
                              c:/devkitPro/portlibs/armv6k/lib\libpng.a(png.o) (png_calloc)
c:/devkitPro/portlibs/armv6k/lib\libpng.a(pngread.o)
                              c:/devkitPro/libctru/lib\libsfil.a(sfil_png.o) (png_create_read_struct)
c:/devkitPro/portlibs/armv6k/lib\libpng.a(pngrio.o)
                              c:/devkitPro/libctru/lib\libsfil.a(sfil_png.o) (png_set_read_fn)
c:/devkitPro/portlibs/armv6k/lib\libpng.a(pngrtran.o)
                              c:/devkitPro/portlibs/armv6k/lib\libpng.a(pngread.o) (png_set_background_fixed)
c:/devkitPro/portlibs/armv6k/lib\libpng.a(pngrutil.o)
                              c:/devkitPro/portlibs/armv6k/lib\libpng.a(pngread.o) (png_read_sig)
c:/devkitPro/portlibs/armv6k/lib\libpng.a(pngset.o)
                              c:/devkitPro/portlibs/armv6k/lib\libpng.a(pngrutil.o) (png_set_bKGD)
c:/devkitPro/portlibs/armv6k/lib\libpng.a(pngtrans.o)
                              c:/devkitPro/portlibs/armv6k/lib\libpng.a(pngread.o) (png_set_bgr)
c:/devkitPro/portlibs/armv6k/lib\libpng.a(pngwrite.o)
                              c:/devkitPro/portlibs/armv6k/lib\libpng.a(png.o) (png_destroy_write_struct)
c:/devkitPro/portlibs/armv6k/lib\libpng.a(pngwtran.o)
                              c:/devkitPro/portlibs/armv6k/lib\libpng.a(pngwrite.o) (png_do_write_transformations)
c:/devkitPro/portlibs/armv6k/lib\libpng.a(pngwutil.o)
                              c:/devkitPro/portlibs/armv6k/lib\libpng.a(png.o) (png_save_uint_32)
c:/devkitPro/portlibs/armv6k/lib\libpng.a(pngwio.o)
                              c:/devkitPro/portlibs/armv6k/lib\libpng.a(pngwutil.o) (png_write_data)
c:/devkitPro/portlibs/armv6k/lib\libz.a(adler32.o)
                              c:/devkitPro/portlibs/armv6k/lib\libpng.a(png.o) (adler32)
c:/devkitPro/portlibs/armv6k/lib\libz.a(crc32.o)
                              c:/devkitPro/portlibs/armv6k/lib\libpng.a(png.o) (crc32)
c:/devkitPro/portlibs/armv6k/lib\libz.a(deflate.o)
                              c:/devkitPro/portlibs/armv6k/lib\libpng.a(pngwutil.o) (deflateReset)
c:/devkitPro/portlibs/armv6k/lib\libz.a(inflate.o)
                              c:/devkitPro/portlibs/armv6k/lib\libpng.a(png.o) (inflateReset)
c:/devkitPro/portlibs/armv6k/lib\libz.a(inftrees.o)
                              c:/devkitPro/portlibs/armv6k/lib\libz.a(inflate.o) (inflate_table)
c:/devkitPro/portlibs/armv6k/lib\libz.a(trees.o)
                              c:/devkitPro/portlibs/armv6k/lib\libz.a(deflate.o) (_tr_init)
c:/devkitPro/portlibs/armv6k/lib\libz.a(zutil.o)
                              c:/devkitPro/portlibs/armv6k/lib\libz.a(deflate.o) (zcalloc)
c:/devkitPro/portlibs/armv6k/lib\libz.a(inffast.o)
                              c:/devkitPro/portlibs/armv6k/lib\libz.a(inflate.o) (inflate_fast)
c:/devkitPro/libctru/lib\libsf2d.a(sf2d.o)
                              main.o (sf2d_fini)
c:/devkitPro/libctru/lib\libsf2d.a(sf2d_texture.o)
                              c:/devkitPro/libctru/lib\libsfil.a(sfil_png.o) (sf2d_create_texture)
c:/devkitPro/libctru/lib\libsf2d.a(shader.shbin.o)
                              c:/devkitPro/libctru/lib\libsf2d.a(sf2d.o) (shader_shbin_size)
c:/devkitPro/libctru/lib\libcitro3d.a(uniforms.o)
                              c:/devkitPro/libctru/lib\libsf2d.a(sf2d.o) (C3D_FVUnifDirty)
c:/devkitPro/libctru/lib\libcitro3d.a(attribs.o)
                              c:/devkitPro/libctru/lib\libsf2d.a(sf2d_texture.o) (AttrInfo_Init)
c:/devkitPro/libctru/lib\libcitro3d.a(effect.o)
                              c:/devkitPro/libctru/lib\libsf2d.a(sf2d.o) (C3D_CullFace)
c:/devkitPro/libctru/lib\libcitro3d.a(drawArrays.o)
                              c:/devkitPro/libctru/lib\libsf2d.a(sf2d_texture.o) (C3D_DrawArrays)
c:/devkitPro/libctru/lib\libcitro3d.a(buffers.o)
                              c:/devkitPro/libctru/lib\libsf2d.a(sf2d_texture.o) (BufInfo_Init)
c:/devkitPro/libctru/lib\libcitro3d.a(texenv.o)
                              c:/devkitPro/libctru/lib\libsf2d.a(sf2d_texture.o) (C3D_GetTexEnv)
c:/devkitPro/libctru/lib\libcitro3d.a(texture.o)
                              c:/devkitPro/libctru/lib\libsf2d.a(sf2d_texture.o) (C3D_TexInit)
c:/devkitPro/libctru/lib\libcitro3d.a(renderqueue.o)
                              c:/devkitPro/libctru/lib\libsf2d.a(sf2d.o) (C3D_FrameBegin)
[...]
Memory Configuration

Name             Origin             Length             Attributes
*default*        0x00000000         0xffffffff

Linker script and memory map

                0x00100000                PROVIDE (__start__, 0x100000)
                0x00100000                . = __start__

.text           0x00100000    0x3d488
 *(.crt0)
 .crt0          0x00100000       0x94 c:/devkitpro/devkitarm/bin/../lib/gcc/arm-none-eabi/6.3.0/../../../../arm-none-eabi/lib/armv6k/fpu/3dsx_crt0.o
                0x00100000                _start
                0x00100008                __service_ptr
                0x0010000c                __apt_appid
                0x00100010                __heap_size
                0x00100014                __linear_heap_size
                0x00100018                __system_arglist
                0x0010001c                __system_runflags
 *(.init)
 .init          0x00100094        0xc c:/devkitpro/devkitarm/bin/../lib/gcc/arm-none-eabi/6.3.0/armv6k/fpu/crti.o
                0x00100094                _init
 .init          0x001000a0        0xc c:/devkitpro/devkitarm/bin/../lib/gcc/arm-none-eabi/6.3.0/armv6k/fpu/crtn.o
                0x001000ac                . = ALIGN (0x4)
 *(.text)
 .text          0x001000ac       0x64 c:/devkitPro/libctru/lib\libctru.a(stack_adjust.o)
                0x001000ac                initSystem
                0x001000f0                __ctru_exit
 .text          0x00100110      0x20c c:/devkitpro/devkitarm/bin/../lib/gcc/arm-none-eabi/6.3.0/armv6k/fpu\libgcc.a(_udivsi3.o)
                0x00100110                __aeabi_uidiv
                0x00100110                __udivsi3
                0x001002fc                __aeabi_uidivmod
 .text          0x0010031c      0x240 c:/devkitpro/devkitarm/bin/../lib/gcc/arm-none-eabi/6.3.0/armv6k/fpu\libgcc.a(_divsi3.o)
                0x0010031c                __divsi3
                0x0010031c                __aeabi_idiv
                0x0010053c                __aeabi_idivmod
 .text          0x0010055c        0x4 c:/devkitpro/devkitarm/bin/../lib/gcc/arm-none-eabi/6.3.0/armv6k/fpu\libgcc.a(_dvmd_tls.o)
                0x0010055c                __aeabi_idiv0
                0x0010055c                __aeabi_ldiv0
 .text          0x00100560      0x250 c:/devkitpro/devkitarm/bin/../lib/gcc/arm-none-eabi/6.3.0/armv6k/fpu\libgcc.a(_arm_addsubsf3.o)
                0x00100560                __aeabi_frsub
                0x00100568                __subsf3
                0x00100568                __aeabi_fsub
                0x0010056c                __aeabi_fadd
                0x0010056c                __addsf3
                0x001006fc                __aeabi_ui2f
                0x001006fc                __floatunsisf
                0x00100704                __aeabi_i2f
                0x00100704                __floatsisf
                0x00100724                __aeabi_ul2f
                0x00100724                __floatundisf
                0x00100734                __aeabi_l2f
                0x00100734                __floatdisf
 .text          0x001007b0       0x3c c:/devkitpro/devkitarm/bin/../lib/gcc/arm-none-eabi/6.3.0/armv6k/fpu\libgcc.a(_aeabi_uldivmod.o)
                0x001007b0                __aeabi_uldivmod
 .text          0x001007ec       0x2c c:/devkitpro/devkitarm/bin/../lib/gcc/arm-none-eabi/6.3.0/../../../../arm-none-eabi/lib/armv6k/fpu\libg.a(lib_a-setjmp.o)
                0x001007ec                setjmp
                0x00100800                longjmp
 *fill*         0x00100818        0x8 
 .text          0x00100820      0x390 c:/devkitpro/devkitarm/bin/../lib/gcc/arm-none-eabi/6.3.0/../../../../arm-none-eabi/lib/armv6k/fpu\libg.a(lib_a-strcmp.o)
                0x00100828                strcmp
 *(.text.*)
 .text.deregister_tm_clones
                0x00100bb0       0x30 c:/devkitpro/devkitarm/bin/../lib/gcc/arm-none-eabi/6.3.0/armv6k/fpu/crtbegin.o
 .text.register_tm_clones
                0x00100be0       0x38 c:/devkitpro/devkitarm/bin/../lib/gcc/arm-none-eabi/6.3.0/armv6k/fpu/crtbegin.o
 .text.__do_global_dtors_aux
                0x00100c18       0x44 c:/devkitpro/devkitarm/bin/../lib/gcc/arm-none-eabi/6.3.0/armv6k/fpu/crtbegin.o
 .text.frame_dummy
                0x00100c5c       0x5c c:/devkitpro/devkitarm/bin/../lib/gcc/arm-none-eabi/6.3.0/armv6k/fpu/crtbegin.o
 .text.startup  0x00100cb8      0x1c4 main.o
                0x00100cb8                main
 .text._sfil_load_PNG_generic
                0x00100e7c      0x2f8 c:/devkitPro/libctru/lib\libsfil.a(sfil_png.o)
 .text._sfil_read_png_buffer_fn
                0x00101174       0x34 c:/devkitPro/libctru/lib\libsfil.a(sfil_png.o)
 .text.sfil_load_PNG_buffer
                0x001011a8       0x4c c:/devkitPro/libctru/lib\libsfil.a(sfil_png.o)
                0x001011a8                sfil_load_PNG_buffer
 .text.png_zalloc
                0x001011f4       0x50 c:/devkitPro/portlibs/armv6k/lib\libpng.a(png.o)
                0x001011f4                png_zalloc
 .text.png_zfree
                0x00101244        0x4 c:/devkitPro/portlibs/armv6k/lib\libpng.a(png.o)
                0x00101244                png_zfree
 .text.png_build_16bit_table
                0x00101248      0x1d0 c:/devkitPro/portlibs/armv6k/lib\libpng.a(png.o)
 .text.png_colorspace_endpoints_match
                0x00101418      0x114 c:/devkitPro/portlibs/armv6k/lib\libpng.a(png.o)
 .text.png_free_data.part.3
                0x0010152c      0x498 c:/devkitPro/portlibs/armv6k/lib\libpng.a(png.o)
 *fill*         0x001019c4        0x4 
 .text.png_muldiv.part.9
                0x001019c8       0x88 c:/devkitPro/portlibs/armv6k/lib\libpng.a(png.o)
 .text.png_gamma_8bit_correct.part.15
                0x00101a50       0x70 c:/devkitPro/portlibs/armv6k/lib\libpng.a(png.o)
 .text.png_icc_profile_error
                0x00101ac0      0x200 c:/devkitPro/portlibs/armv6k/lib\libpng.a(png.o)
 .text.png_set_sig_bytes
                0x00101cc0       0x3c c:/devkitPro/portlibs/armv6k/lib\libpng.a(png.o)
                0x00101cc0                png_set_sig_bytes
 .text.png_sig_cmp
                0x00101cfc       0x70 c:/devkitPro/portlibs/armv6k/lib\libpng.a(png.o)
                0x00101cfc                png_sig_cmp
 .text.png_reset_crc
                0x00101d6c       0x20 c:/devkitPro/portlibs/armv6k/lib\libpng.a(png.o)
                0x00101d6c                png_reset_crc
 .text.png_calculate_crc
                0x00101d8c       0x54 c:/devkitPro/portlibs/armv6k/lib\libpng.a(png.o)
                0x00101d8c                png_calculate_crc
 .text.png_user_version_check
                0x00101de0      0x110 c:/devkitPro/portlibs/armv6k/lib\libpng.a(png.o)
                0x00101de0                png_user_version_check
 .text.png_create_png_struct
                0x00101ef0      0x114 c:/devkitPro/portlibs/armv6k/lib\libpng.a(png.o)
                0x00101ef0                png_create_png_struct
 .text.png_create_info_struct
                0x00102004       0x40 c:/devkitPro/portlibs/armv6k/lib\libpng.a(png.o)
                0x00102004                png_create_info_struct
 .text.png_destroy_info_struct
                0x00102044      0x3a0 c:/devkitPro/portlibs/armv6k/lib\libpng.a(png.o)
                0x00102044                png_destroy_info_struct
 .text.png_free_data
                0x001023e4       0x10 c:/devkitPro/portlibs/armv6k/lib\libpng.a(png.o)
                0x001023e4                png_free_data
 .text.png_get_io_ptr
                0x001023f4        0xc c:/devkitPro/portlibs/armv6k/lib\libpng.a(png.o)
                0x001023f4                png_get_io_ptr
 .text.png_chunk_unknown_handling
                0x00102400       0x94 c:/devkitPro/portlibs/armv6k/lib\libpng.a(png.o)
                0x00102400                png_chunk_unknown_handling
 .text.png_zstream_error
                0x00102494       0xe4 c:/devkitPro/portlibs/armv6k/lib\libpng.a(png.o)
                0x00102494                png_zstream_error
 .text.png_colorspace_set_gamma
                0x00102578      0x158 c:/devkitPro/portlibs/armv6k/lib\libpng.a(png.o)
                0x00102578                png_colorspace_set_gamma
 .text.png_colorspace_sync
                0x001026d0       0x84 c:/devkitPro/portlibs/armv6k/lib\libpng.a(png.o)
                0x001026d0                png_colorspace_sync
 *fill*         0x00102754        0x4 
 .text.png_colorspace_set_sRGB
                0x00102758      0x204 c:/devkitPro/portlibs/armv6k/lib\libpng.a(png.o)
                0x00102758                png_colorspace_set_sRGB
 .text.png_icc_check_length
                0x0010295c      0x198 c:/devkitPro/portlibs/armv6k/lib\libpng.a(png.o)
                0x0010295c                png_icc_check_length
 .text.png_icc_check_header
                0x00102af4      0x37c c:/devkitPro/portlibs/armv6k/lib\libpng.a(png.o)
                0x00102af4                png_icc_check_header
 .text.png_icc_check_tag_table
                0x00102e70      0x138 c:/devkitPro/portlibs/armv6k/lib\libpng.a(png.o)
                0x00102e70                png_icc_check_tag_table
 .text.png_icc_set_sRGB
                0x00102fa8      0x250 c:/devkitPro/portlibs/armv6k/lib\libpng.a(png.o)
                0x00102fa8                png_icc_set_sRGB
 .text.png_colorspace_set_rgb_coefficients
                0x001031f8      0x284 c:/devkitPro/portlibs/armv6k/lib\libpng.a(png.o)
                0x001031f8                png_colorspace_set_rgb_coefficients
 .text.png_check_IHDR
                0x0010347c      0x2ac c:/devkitPro/portlibs/armv6k/lib\libpng.a(png.o)
                0x0010347c                png_check_IHDR
 .text.png_check_fp_number
                0x00103728      0x2a8 c:/devkitPro/portlibs/armv6k/lib\libpng.a(png.o)
                0x00103728                png_check_fp_number
 .text.png_check_fp_string
                0x001039d0      0x2d4 c:/devkitPro/portlibs/armv6k/lib\libpng.a(png.o)
                0x001039d0                png_check_fp_string
 *fill*         0x00103ca4        0x4 
 .text.png_muldiv
                0x00103ca8       0xc8 c:/devkitPro/portlibs/armv6k/lib\libpng.a(png.o)
                0x00103ca8                png_muldiv
 .text.png_reciprocal
                0x00103d70       0x78 c:/devkitPro/portlibs/armv6k/lib\libpng.a(png.o)
                0x00103d70                png_reciprocal
 .text.png_colorspace_set_chromaticities
                0x00103de8      0xb6c c:/devkitPro/portlibs/armv6k/lib\libpng.a(png.o)
                0x00103de8                png_colorspace_set_chromaticities
 .text.png_gamma_significant
                0x00104954       0x20 c:/devkitPro/portlibs/armv6k/lib\libpng.a(png.o)
                0x00104954                png_gamma_significant
 *fill*         0x00104974        0x4 
 .text.png_reciprocal2
                0x00104978       0xa0 c:/devkitPro/portlibs/armv6k/lib\libpng.a(png.o)
                0x00104978                png_reciprocal2
 .text.png_gamma_8bit_correct
                0x00104a18       0x90 c:/devkitPro/portlibs/armv6k/lib\libpng.a(png.o)
                0x00104a18                png_gamma_8bit_correct
 .text.png_gamma_correct
                0x00104aa8      0x104 c:/devkitPro/portlibs/armv6k/lib\libpng.a(png.o)
                0x00104aa8                png_gamma_correct
 .text.png_destroy_gamma_table
                0x00104bac      0x134 c:/devkitPro/portlibs/armv6k/lib\libpng.a(png.o)
                0x00104bac                png_destroy_gamma_table
 .text.png_build_gamma_table
                0x00104ce0      0x880 c:/devkitPro/portlibs/armv6k/lib\libpng.a(png.o)
                0x00104ce0                png_build_gamma_table
 .text.png_format_buffer.isra.0
                0x00105560      0x1f0 c:/devkitPro/portlibs/armv6k/lib\libpng.a(pngerror.o)
 .text.png_safecat
                0x00105750       0x78 c:/devkitPro/portlibs/armv6k/lib\libpng.a(pngerror.o)
                0x00105750                png_safecat
 .text.png_format_number
                0x001057c8      0x170 c:/devkitPro/portlibs/armv6k/lib\libpng.a(pngerror.o)
                0x001057c8                png_format_number
 .text.png_warning
                0x00105938      0x14c c:/devkitPro/portlibs/armv6k/lib\libpng.a(pngerror.o)
                0x00105938                png_warning
 .text.png_chunk_warning
                0x00105a84      0x1ac c:/devkitPro/portlibs/armv6k/lib\libpng.a(pngerror.o)
                0x00105a84                png_chunk_warning
 .text.png_free_jmpbuf
                0x00105c30       0x94 c:/devkitPro/portlibs/armv6k/lib\libpng.a(pngerror.o)
                0x00105c30                png_free_jmpbuf
 .text.png_longjmp
                0x00105cc4       0x2c c:/devkitPro/portlibs/armv6k/lib\libpng.a(pngerror.o)
                0x00105cc4                png_longjmp
 .text.png_error
                0x00105cf0       0x60 c:/devkitPro/portlibs/armv6k/lib\libpng.a(pngerror.o)
                0x00105cf0                png_error
 .text.png_app_warning
                0x00105d50      0x15c c:/devkitPro/portlibs/armv6k/lib\libpng.a(pngerror.o)
                0x00105d50                png_app_warning
 .text.png_app_error
                0x00105eac      0x15c c:/devkitPro/portlibs/armv6k/lib\libpng.a(pngerror.o)
                0x00105eac                png_app_error
 .text.png_chunk_error
                0x00106008       0x2c c:/devkitPro/portlibs/armv6k/lib\libpng.a(pngerror.o)
                0x00106008                png_chunk_error
 .text.png_chunk_benign_error
                0x00106034      0x1a4 c:/devkitPro/portlibs/armv6k/lib\libpng.a(pngerror.o)
                0x00106034                png_chunk_benign_error
 .text.png_benign_error
                0x001061d8      0x2d4 c:/devkitPro/portlibs/armv6k/lib\libpng.a(pngerror.o)
                0x001061d8                png_benign_error
 .text.png_set_longjmp_fn
                0x001064ac       0xf0 c:/devkitPro/portlibs/armv6k/lib\libpng.a(pngerror.o)
                0x001064ac                png_set_longjmp_fn
 .text.png_chunk_report
                0x0010659c      0x2dc c:/devkitPro/portlibs/armv6k/lib\libpng.a(pngerror.o)
                0x0010659c                png_chunk_report
 .text.png_set_error_fn
                0x00106878       0x14 c:/devkitPro/portlibs/armv6k/lib\libpng.a(pngerror.o)
                0x00106878                png_set_error_fn
 .text.png_get_valid
                0x0010688c       0x1c c:/devkitPro/portlibs/armv6k/lib\libpng.a(pngget.o)
                0x0010688c                png_get_valid
 .text.png_get_IHDR
                0x001068a8       0xa0 c:/devkitPro/portlibs/armv6k/lib\libpng.a(pngget.o)
                0x001068a8                png_get_IHDR
 .text.png_destroy_png_struct
                0x00106948       0x64 c:/devkitPro/portlibs/armv6k/lib\libpng.a(pngmem.o)
                0x00106948                png_destroy_png_struct
 .text.png_calloc
                0x001069ac       0x78 c:/devkitPro/portlibs/armv6k/lib\libpng.a(pngmem.o)
                0x001069ac                png_calloc
 .text.png_malloc_base
                0x00106a24       0x30 c:/devkitPro/portlibs/armv6k/lib\libpng.a(pngmem.o)
                0x00106a24                png_malloc_base
 .text.png_malloc_array
                0x00106a54       0x8c c:/devkitPro/portlibs/armv6k/lib\libpng.a(pngmem.o)
                0x00106a54                png_malloc_array
 .text.png_realloc_array
                0x00106ae0      0x104 c:/devkitPro/portlibs/armv6k/lib\libpng.a(pngmem.o)
                0x00106ae0                png_realloc_array
 .text.png_malloc
                0x00106be4       0x5c c:/devkitPro/portlibs/armv6k/lib\libpng.a(pngmem.o)
                0x00106be4                png_malloc
 .text.png_malloc_warn
                0x00106c40       0x64 c:/devkitPro/portlibs/armv6k/lib\libpng.a(pngmem.o)
                0x00106c40                png_malloc_warn
 .text.png_free
                0x00106ca4       0x24 c:/devkitPro/portlibs/armv6k/lib\libpng.a(pngmem.o)
                0x00106ca4                png_free
 .text.png_set_mem_fn
                0x00106cc8       0x14 c:/devkitPro/portlibs/armv6k/lib\libpng.a(pngmem.o)
                0x00106cc8                png_set_mem_fn
 .text.png_do_read_intrapixel
                0x00106cdc      0x110 c:/devkitPro/portlibs/armv6k/lib\libpng.a(pngread.o)
 .text.png_read_info.part.3
                0x00106dec      0x408 c:/devkitPro/portlibs/armv6k/lib\libpng.a(pngread.o)
 .text.png_create_read_struct
                0x001071f4       0x58 c:/devkitPro/portlibs/armv6k/lib\libpng.a(pngread.o)
                0x001071f4                png_create_read_struct
 .text.png_read_info
                0x0010724c       0x10 c:/devkitPro/portlibs/armv6k/lib\libpng.a(pngread.o)
                0x0010724c                png_read_info
 .text.png_read_update_info
                0x0010725c       0x40 c:/devkitPro/portlibs/armv6k/lib\libpng.a(pngread.o)
                0x0010725c                png_read_update_info
 .text.png_read_image
                0x0010729c      0x3bc c:/devkitPro/portlibs/armv6k/lib\libpng.a(pngread.o)
                0x0010729c                png_read_image
 .text.png_destroy_read_struct
                0x00107658      0x134 c:/devkitPro/portlibs/armv6k/lib\libpng.a(pngread.o)
                0x00107658                png_destroy_read_struct
 .text.png_default_read_data
                0x0010778c       0x38 c:/devkitPro/portlibs/armv6k/lib\libpng.a(pngrio.o)
                0x0010778c                png_default_read_data
 .text.png_read_data
                0x001077c4       0x20 c:/devkitPro/portlibs/armv6k/lib\libpng.a(pngrio.o)
                0x001077c4                png_read_data
 .text.png_set_read_fn
                0x001077e4       0x50 c:/devkitPro/portlibs/armv6k/lib\libpng.a(pngrio.o)
                0x001077e4                png_set_read_fn
 .text.png_do_gray_to_rgb
                0x00107834      0x218 c:/devkitPro/portlibs/armv6k/lib\libpng.a(pngrtran.o)
 .text.png_do_compose
                0x00107a4c     0x1170 c:/devkitPro/portlibs/armv6k/lib\libpng.a(pngrtran.o)
 .text.png_set_scale_16
                0x00108bbc       0x38 c:/devkitPro/portlibs/armv6k/lib\libpng.a(pngrtran.o)
                0x00108bbc                png_set_scale_16
 .text.png_set_expand
                0x00108bf4       0x3c c:/devkitPro/portlibs/armv6k/lib\libpng.a(pngrtran.o)
                0x00108bf4                png_set_expand
 .text.png_set_palette_to_rgb
                0x00108c30       0x3c c:/devkitPro/portlibs/armv6k/lib\libpng.a(pngrtran.o)
                0x00108c30                png_set_palette_to_rgb
 .text.png_set_tRNS_to_alpha
                0x00108c6c       0x3c c:/devkitPro/portlibs/armv6k/lib\libpng.a(pngrtran.o)
                0x00108c6c                png_set_tRNS_to_alpha
 .text.png_set_gray_to_rgb
                0x00108ca8       0x38 c:/devkitPro/portlibs/armv6k/lib\libpng.a(pngrtran.o)
                0x00108ca8                png_set_gray_to_rgb
 .text.png_init_read_transformations
                0x00108ce0      0xcc4 c:/devkitPro/portlibs/armv6k/lib\libpng.a(pngrtran.o)
                0x00108ce0                png_init_read_transformations
 .text.png_read_transform_info
                0x001099a4      0x2c4 c:/devkitPro/portlibs/armv6k/lib\libpng.a(pngrtran.o)
                0x001099a4                png_read_transform_info
 .text.png_do_read_transformations
                0x00109c68     0x23f0 c:/devkitPro/portlibs/armv6k/lib\libpng.a(pngrtran.o)
                0x00109c68                png_do_read_transformations
 .text.png_read_filter_row_sub
                0x0010c058      0x1d0 c:/devkitPro/portlibs/armv6k/lib\libpng.a(pngrutil.o)
 .text.png_read_filter_row_up
                0x0010c228      0x1ac c:/devkitPro/portlibs/armv6k/lib\libpng.a(pngrutil.o)
 .text.png_read_filter_row_avg
                0x0010c3d4       0x80 c:/devkitPro/portlibs/armv6k/lib\libpng.a(pngrutil.o)
 .text.png_read_filter_row_paeth_1byte_pixel
                0x0010c454       0x8c c:/devkitPro/portlibs/armv6k/lib\libpng.a(pngrutil.o)
 .text.png_read_filter_row_paeth_multibyte_pixel
                0x0010c4e0      0x26c c:/devkitPro/portlibs/armv6k/lib\libpng.a(pngrutil.o)
 .text.png_inflate_claim
                0x0010c74c      0x110 c:/devkitPro/portlibs/armv6k/lib\libpng.a(pngrutil.o)
 .text.png_inflate.constprop.7
                0x0010c85c      0x1d0 c:/devkitPro/portlibs/armv6k/lib\libpng.a(pngrutil.o)
 .text.png_inflate_read.part.3.constprop.5
                0x0010ca2c      0x158 c:/devkitPro/portlibs/armv6k/lib\libpng.a(pngrutil.o)
 .text.png_crc_finish.constprop.10
                0x0010cb84       0xdc c:/devkitPro/portlibs/armv6k/lib\libpng.a(pngrutil.o)
 .text.png_decompress_chunk.constprop.6
                0x0010cc60      0x2c8 c:/devkitPro/portlibs/armv6k/lib\libpng.a(pngrutil.o)
 .text.png_read_sig
                0x0010cf28       0xac c:/devkitPro/portlibs/armv6k/lib\libpng.a(pngrutil.o)
                0x0010cf28                png_read_sig
 .text.png_read_chunk_header
                0x0010cfd4      0x158 c:/devkitPro/portlibs/armv6k/lib\libpng.a(pngrutil.o)
                0x0010cfd4                png_read_chunk_header
 .text.png_crc_finish
                0x0010d12c      0x15c c:/devkitPro/portlibs/armv6k/lib\libpng.a(pngrutil.o)
                0x0010d12c                png_crc_finish
 .text.png_handle_IHDR
                0x0010d288      0x178 c:/devkitPro/portlibs/armv6k/lib\libpng.a(pngrutil.o)
                0x0010d288                png_handle_IHDR
 .text.png_handle_PLTE
                0x0010d400      0x250 c:/devkitPro/portlibs/armv6k/lib\libpng.a(pngrutil.o)
                0x0010d400                png_handle_PLTE
 .text.png_handle_IEND
                0x0010d650       0x54 c:/devkitPro/portlibs/armv6k/lib\libpng.a(pngrutil.o)
                0x0010d650                png_handle_IEND
 .text.png_handle_gAMA
                0x0010d6a4       0xe4 c:/devkitPro/portlibs/armv6k/lib\libpng.a(pngrutil.o)
                0x0010d6a4                png_handle_gAMA
 .text.png_handle_sBIT
                0x0010d788      0x214 c:/devkitPro/portlibs/armv6k/lib\libpng.a(pngrutil.o)
                0x0010d788                png_handle_sBIT
 .text.png_handle_cHRM
                0x0010d99c      0x300 c:/devkitPro/portlibs/armv6k/lib\libpng.a(pngrutil.o)
                0x0010d99c                png_handle_cHRM
 .text.png_handle_sRGB
                0x0010dc9c      0x108 c:/devkitPro/portlibs/armv6k/lib\libpng.a(pngrutil.o)
                0x0010dc9c                png_handle_sRGB
 .text.png_handle_iCCP
                0x0010dda4      0x5dc c:/devkitPro/portlibs/armv6k/lib\libpng.a(pngrutil.o)
                0x0010dda4                png_handle_iCCP
 .text.png_handle_sPLT
                0x0010e380      0x33c c:/devkitPro/portlibs/armv6k/lib\libpng.a(pngrutil.o)
                0x0010e380                png_handle_sPLT
 .text.png_handle_tRNS
                0x0010e6bc      0x23c c:/devkitPro/portlibs/armv6k/lib\libpng.a(pngrutil.o)
                0x0010e6bc                png_handle_tRNS
 .text.png_handle_bKGD
                0x0010e8f8      0x224 c:/devkitPro/portlibs/armv6k/lib\libpng.a(pngrutil.o)
                0x0010e8f8                png_handle_bKGD
 .text.png_handle_hIST
                0x0010eb1c      0x13c c:/devkitPro/portlibs/armv6k/lib\libpng.a(pngrutil.o)
                0x0010eb1c                png_handle_hIST
 .text.png_handle_pHYs
                0x0010ec58      0x13c c:/devkitPro/portlibs/armv6k/lib\libpng.a(pngrutil.o)
                0x0010ec58                png_handle_pHYs
 .text.png_handle_oFFs
                0x0010ed94      0x15c c:/devkitPro/portlibs/armv6k/lib\libpng.a(pngrutil.o)
                0x0010ed94                png_handle_oFFs
 .text.png_handle_pCAL
                0x0010eef0      0x378 c:/devkitPro/portlibs/armv6k/lib\libpng.a(pngrutil.o)
                0x0010eef0                png_handle_pCAL
 .text.png_handle_sCAL
                0x0010f268      0x284 c:/devkitPro/portlibs/armv6k/lib\libpng.a(pngrutil.o)
                0x0010f268                png_handle_sCAL
 .text.png_handle_tIME
                0x0010f4ec      0x114 c:/devkitPro/portlibs/armv6k/lib\libpng.a(pngrutil.o)
                0x0010f4ec                png_handle_tIME
 .text.png_handle_tEXt
                0x0010f600      0x1c4 c:/devkitPro/portlibs/armv6k/lib\libpng.a(pngrutil.o)
                0x0010f600                png_handle_tEXt
 .text.png_handle_zTXt
                0x0010f7c4      0x24c c:/devkitPro/portlibs/armv6k/lib\libpng.a(pngrutil.o)
                0x0010f7c4                png_handle_zTXt
 .text.png_handle_iTXt
                0x0010fa10      0x348 c:/devkitPro/portlibs/armv6k/lib\libpng.a(pngrutil.o)
                0x0010fa10                png_handle_iTXt
 .text.png_handle_unknown
                0x0010fd58      0x36c c:/devkitPro/portlibs/armv6k/lib\libpng.a(pngrutil.o)
                0x0010fd58                png_handle_unknown
 .text.png_combine_row
                0x001100c4      0x4dc c:/devkitPro/portlibs/armv6k/lib\libpng.a(pngrutil.o)
                0x001100c4                png_combine_row
 .text.png_do_read_interlace
                0x001105a0      0x484 c:/devkitPro/portlibs/armv6k/lib\libpng.a(pngrutil.o)
                0x001105a0                png_do_read_interlace
 .text.png_read_filter_row
                0x00110a24       0x90 c:/devkitPro/portlibs/armv6k/lib\libpng.a(pngrutil.o)
                0x00110a24                png_read_filter_row
 .text.png_read_IDAT_data
                0x00110ab4      0x508 c:/devkitPro/portlibs/armv6k/lib\libpng.a(pngrutil.o)
                0x00110ab4                png_read_IDAT_data
 .text.png_read_finish_row
                0x00110fbc      0x368 c:/devkitPro/portlibs/armv6k/lib\libpng.a(pngrutil.o)
                0x00110fbc                png_read_finish_row
 .text.png_read_start_row
                0x00111324      0x340 c:/devkitPro/portlibs/armv6k/lib\libpng.a(pngrutil.o)
                0x00111324                png_read_start_row
 .text.png_set_bKGD
                0x00111664       0x50 c:/devkitPro/portlibs/armv6k/lib\libpng.a(pngset.o)
                0x00111664                png_set_bKGD
 .text.png_set_hIST
                0x001116b4       0xac c:/devkitPro/portlibs/armv6k/lib\libpng.a(pngset.o)
                0x001116b4                png_set_hIST
 .text.png_set_IHDR
                0x00111760       0xdc c:/devkitPro/portlibs/armv6k/lib\libpng.a(pngset.o)
                0x00111760                png_set_IHDR
 .text.png_set_oFFs
                0x0011183c       0x2c c:/devkitPro/portlibs/armv6k/lib\libpng.a(pngset.o)
                0x0011183c                png_set_oFFs
 .text.png_set_pCAL
                0x00111868      0x268 c:/devkitPro/portlibs/armv6k/lib\libpng.a(pngset.o)
                0x00111868                png_set_pCAL
 .text.png_set_sCAL_s
                0x00111ad0      0x164 c:/devkitPro/portlibs/armv6k/lib\libpng.a(pngset.o)
                0x00111ad0                png_set_sCAL_s
 .text.png_set_pHYs
                0x00111c34       0x2c c:/devkitPro/portlibs/armv6k/lib\libpng.a(pngset.o)
                0x00111c34                png_set_pHYs
 .text.png_set_PLTE
                0x00111c60      0x13c c:/devkitPro/portlibs/armv6k/lib\libpng.a(pngset.o)
                0x00111c60                png_set_PLTE
 .text.png_set_sBIT
                0x00111d9c       0x44 c:/devkitPro/portlibs/armv6k/lib\libpng.a(pngset.o)
                0x00111d9c                png_set_sBIT
 .text.png_set_text_2
                0x00111de0      0x334 c:/devkitPro/portlibs/armv6k/lib\libpng.a(pngset.o)
                0x00111de0                png_set_text_2
 .text.png_set_tIME
                0x00112114       0xa0 c:/devkitPro/portlibs/armv6k/lib\libpng.a(pngset.o)
                0x00112114                png_set_tIME
 .text.png_set_tRNS
                0x001121b4      0x138 c:/devkitPro/portlibs/armv6k/lib\libpng.a(pngset.o)
                0x001121b4                png_set_tRNS
 .text.png_set_sPLT
                0x001122ec      0x184 c:/devkitPro/portlibs/armv6k/lib\libpng.a(pngset.o)
                0x001122ec                png_set_sPLT
 .text.png_set_unknown_chunks
                0x00112470      0x18c c:/devkitPro/portlibs/armv6k/lib\libpng.a(pngset.o)
                0x00112470                png_set_unknown_chunks
 .text.png_set_packing
                0x001125fc       0x28 c:/devkitPro/portlibs/armv6k/lib\libpng.a(pngtrans.o)
                0x001125fc                png_set_packing
 .text.png_set_interlace_handling
                0x00112624       0x30 c:/devkitPro/portlibs/armv6k/lib\libpng.a(pngtrans.o)
                0x00112624                png_set_interlace_handling
 .text.png_set_filler
                0x00112654       0x88 c:/devkitPro/portlibs/armv6k/lib\libpng.a(pngtrans.o)
                0x00112654                png_set_filler
 .text.png_do_invert
                0x001126dc      0x1ec c:/devkitPro/portlibs/armv6k/lib\libpng.a(pngtrans.o)
                0x001126dc                png_do_invert
 .text.png_do_swap
                0x001128c8       0x4c c:/devkitPro/portlibs/armv6k/lib\libpng.a(pngtrans.o)
                0x001128c8                png_do_swap
 .text.png_do_packswap
                0x00112914       0x6c c:/devkitPro/portlibs/armv6k/lib\libpng.a(pngtrans.o)
                0x00112914                png_do_packswap
 .text.png_do_strip_channel
                0x00112980      0x22c c:/devkitPro/portlibs/armv6k/lib\libpng.a(pngtrans.o)
                0x00112980                png_do_strip_channel
 .text.png_do_bgr
                0x00112bac      0x13c c:/devkitPro/portlibs/armv6k/lib\libpng.a(pngtrans.o)
                0x00112bac                png_do_bgr
 .text.png_do_check_palette_indexes
                0x00112ce8      0x1d0 c:/devkitPro/portlibs/armv6k/lib\libpng.a(pngtrans.o)
                0x00112ce8                png_do_check_palette_indexes
 .text.adler32  0x00112eb8      0x44c c:/devkitPro/portlibs/armv6k/lib\libz.a(adler32.o)
                0x00112eb8                adler32
 .text.crc32    0x00113304      0x59c c:/devkitPro/portlibs/armv6k/lib\libz.a(crc32.o)
                0x00113304                crc32
 .text.inflateReset
                0x001138a0       0x9c c:/devkitPro/portlibs/armv6k/lib\libz.a(inflate.o)
                0x001138a0                inflateReset
 .text.inflateReset2
                0x0011393c      0x120 c:/devkitPro/portlibs/armv6k/lib\libz.a(inflate.o)
                0x0011393c                inflateReset2
 .text.inflateInit2_
                0x00113a5c      0x178 c:/devkitPro/portlibs/armv6k/lib\libz.a(inflate.o)
                0x00113a5c                inflateInit2_
 .text.inflate  0x00113bd4     0x1ffc c:/devkitPro/portlibs/armv6k/lib\libz.a(inflate.o)
                0x00113bd4                inflate
 .text.inflateEnd
                0x00115bd0       0x60 c:/devkitPro/portlibs/armv6k/lib\libz.a(inflate.o)
                0x00115bd0                inflateEnd
 .text.inflate_table
                0x00115c30      0xb64 c:/devkitPro/portlibs/armv6k/lib\libz.a(inftrees.o)
                0x00115c30                inflate_table
 .text.zcalloc  0x00116794        0x8 c:/devkitPro/portlibs/armv6k/lib\libz.a(zutil.o)
                0x00116794                zcalloc
 .text.zcfree   0x0011679c        0x8 c:/devkitPro/portlibs/armv6k/lib\libz.a(zutil.o)
                0x0011679c                zcfree
 .text.inflate_fast
                0x001167a4      0xdf0 c:/devkitPro/portlibs/armv6k/lib\libz.a(inffast.o)
                0x001167a4                inflate_fast
 .text.sf2d_fini
                0x00117594       0x48 c:/devkitPro/libctru/lib\libsf2d.a(sf2d.o)
                0x00117594                sf2d_fini
 .text.sf2d_start_frame_target
                0x001175dc       0xa0 c:/devkitPro/libctru/lib\libsf2d.a(sf2d.o)
                0x001175dc                sf2d_start_frame_target
 .text.sf2d_start_frame
                0x0011767c       0x38 c:/devkitPro/libctru/lib\libsf2d.a(sf2d.o)
                0x0011767c                sf2d_start_frame
 .text.sf2d_end_frame
                0x001176b4        0x4 c:/devkitPro/libctru/lib\libsf2d.a(sf2d.o)
                0x001176b4                sf2d_end_frame
 .text.sf2d_swapbuffers
                0x001176b8       0xb0 c:/devkitPro/libctru/lib\libsf2d.a(sf2d.o)
                0x001176b8                sf2d_swapbuffers
 .text.sf2d_pool_memalign
                0x00117768       0x40 c:/devkitPro/libctru/lib\libsf2d.a(sf2d.o)
                0x00117768                sf2d_pool_memalign
 .text.sf2d_set_clear_color
                0x001177a8       0x38 c:/devkitPro/libctru/lib\libsf2d.a(sf2d.o)
                0x001177a8                sf2d_set_clear_color
 .text.sf2d_init_advanced.part.0
                0x001177e0      0x1ac c:/devkitPro/libctru/lib\libsf2d.a(sf2d.o)
 .text.sf2d_init
                0x0011798c       0x28 c:/devkitPro/libctru/lib\libsf2d.a(sf2d.o)
                0x0011798c                sf2d_init
 .text.sf2d_create_texture
                0x001179b4      0x118 c:/devkitPro/libctru/lib\libsf2d.a(sf2d_texture.o)
                0x001179b4                sf2d_create_texture
 .text.sf2d_create_rendertarget
                0x00117acc       0x94 c:/devkitPro/libctru/lib\libsf2d.a(sf2d_texture.o)
                0x00117acc                sf2d_create_rendertarget
 .text.sf2d_free_texture
                0x00117b60       0x20 c:/devkitPro/libctru/lib\libsf2d.a(sf2d_texture.o)
                0x00117b60                sf2d_free_texture
 .text.sf2d_clear_target
                0x00117b80       0x14 c:/devkitPro/libctru/lib\libsf2d.a(sf2d_texture.o)
                0x00117b80                sf2d_clear_target
 .text.sf2d_bind_texture
                0x00117b94       0x54 c:/devkitPro/libctru/lib\libsf2d.a(sf2d_texture.o)
                0x00117b94                sf2d_bind_texture
 .text.sf2d_draw_texture_rotate
                0x00117be8      0x1d4 c:/devkitPro/libctru/lib\libsf2d.a(sf2d_texture.o)
                0x00117be8                sf2d_draw_texture_rotate
 .text.sf2d_texture_tile32
                0x00117dbc      0x110 c:/devkitPro/libctru/lib\libsf2d.a(sf2d_texture.o)
                0x00117dbc                sf2d_texture_tile32
 .text.C3D_UpdateUniforms
                0x00117ecc      0x2b4 c:/devkitPro/libctru/lib\libcitro3d.a(uniforms.o)
                0x00117ecc                C3D_UpdateUniforms
 .text.C3Di_DirtyUniforms
                0x00118180       0xc0 c:/devkitPro/libctru/lib\libcitro3d.a(uniforms.o)
                0x00118180                C3Di_DirtyUniforms
 .text.C3Di_LoadShaderUniforms
                0x00118240       0xe8 c:/devkitPro/libctru/lib\libcitro3d.a(uniforms.o)
                0x00118240                C3Di_LoadShaderUniforms
 .text.C3Di_ClearShaderUniforms
                0x00118328       0x28 c:/devkitPro/libctru/lib\libcitro3d.a(uniforms.o)
                0x00118328                C3Di_ClearShaderUniforms
 .text.AttrInfo_Init
                0x00118350       0x28 c:/devkitPro/libctru/lib\libcitro3d.a(attribs.o)
                0x00118350                AttrInfo_Init
 .text.AttrInfo_AddLoader
                0x00118378       0xac c:/devkitPro/libctru/lib\libcitro3d.a(attribs.o)
                0x00118378                AttrInfo_AddLoader
 .text.C3D_GetAttrInfo
                0x00118424       0x24 c:/devkitPro/libctru/lib\libcitro3d.a(attribs.o)
                0x00118424                C3D_GetAttrInfo
 .text.C3Di_AttrInfoBind
                0x00118448       0x80 c:/devkitPro/libctru/lib\libcitro3d.a(attribs.o)
                0x00118448                C3Di_AttrInfoBind
 .text.C3D_DepthMap
                0x001184c8       0x3c c:/devkitPro/libctru/lib\libcitro3d.a(effect.o)
                0x001184c8                C3D_DepthMap
 .text.C3D_CullFace
                0x00118504       0x1c c:/devkitPro/libctru/lib\libcitro3d.a(effect.o)
                0x00118504                C3D_CullFace
 .text.C3D_StencilTest
                0x00118520       0x40 c:/devkitPro/libctru/lib\libcitro3d.a(effect.o)
                0x00118520                C3D_StencilTest
 .text.C3D_StencilOp
                0x00118560       0x24 c:/devkitPro/libctru/lib\libcitro3d.a(effect.o)
                0x00118560                C3D_StencilOp
 .text.C3D_BlendingColor
                0x00118584       0x1c c:/devkitPro/libctru/lib\libcitro3d.a(effect.o)
                0x00118584                C3D_BlendingColor
 .text.C3D_DepthTest
                0x001185a0       0x2c c:/devkitPro/libctru/lib\libcitro3d.a(effect.o)
                0x001185a0                C3D_DepthTest
 .text.C3D_AlphaTest
                0x001185cc       0x2c c:/devkitPro/libctru/lib\libcitro3d.a(effect.o)
                0x001185cc                C3D_AlphaTest
 .text.C3D_AlphaBlend
                0x001185f8       0x50 c:/devkitPro/libctru/lib\libcitro3d.a(effect.o)
                0x001185f8                C3D_AlphaBlend
 .text.C3D_FragOpMode
                0x00118648       0x30 c:/devkitPro/libctru/lib\libcitro3d.a(effect.o)
                0x00118648                C3D_FragOpMode
 .text.C3Di_EffectBind
                0x00118678      0x11c c:/devkitPro/libctru/lib\libcitro3d.a(effect.o)
                0x00118678                C3Di_EffectBind
 .text.C3D_DrawArrays
                0x00118794      0x148 c:/devkitPro/libctru/lib\libcitro3d.a(drawArrays.o)
                0x00118794                C3D_DrawArrays
 .text.BufInfo_Init
                0x001188dc       0x20 c:/devkitPro/libctru/lib\libcitro3d.a(buffers.o)
                0x001188dc                BufInfo_Init
 .text.BufInfo_Add
                0x001188fc       0x84 c:/devkitPro/libctru/lib\libcitro3d.a(buffers.o)
                0x001188fc                BufInfo_Add
 .text.C3D_GetBufInfo
                0x00118980       0x24 c:/devkitPro/libctru/lib\libcitro3d.a(buffers.o)
                0x00118980                C3D_GetBufInfo
 .text.C3Di_BufInfoBind
                0x001189a4       0x48 c:/devkitPro/libctru/lib\libcitro3d.a(buffers.o)
                0x001189a4                C3Di_BufInfoBind
 .text.TexEnv_Init
                0x001189ec       0x34 c:/devkitPro/libctru/lib\libcitro3d.a(texenv.o)
                0x001189ec                TexEnv_Init
 .text.C3D_GetTexEnv
                0x00118a20       0x34 c:/devkitPro/libctru/lib\libcitro3d.a(texenv.o)
                0x00118a20                C3D_GetTexEnv
 .text.C3Di_TexEnvBind
                0x00118a54       0x24 c:/devkitPro/libctru/lib\libcitro3d.a(texenv.o)
                0x00118a54                C3Di_TexEnvBind
 .text.C3D_TexInit
                0x00118a78       0xb8 c:/devkitPro/libctru/lib\libcitro3d.a(texture.o)
                0x00118a78                C3D_TexInit
 .text.C3D_TexInitVRAM
                0x00118b30       0xb8 c:/devkitPro/libctru/lib\libcitro3d.a(texture.o)
                0x00118b30                C3D_TexInitVRAM
 .text.C3D_TexSetWrap
                0x00118be8       0x28 c:/devkitPro/libctru/lib\libcitro3d.a(texture.o)
                0x00118be8                C3D_TexSetWrap
 .text.C3D_TexBind
                0x00118c10       0x34 c:/devkitPro/libctru/lib\libcitro3d.a(texture.o)
                0x00118c10                C3D_TexBind
 .text.C3D_TexDelete
                0x00118c44       0x3c c:/devkitPro/libctru/lib\libcitro3d.a(texture.o)
                0x00118c44                C3D_TexDelete
 .text.C3Di_RenderQueueWaitDone
                0x00118c80       0x3c c:/devkitPro/libctru/lib\libcitro3d.a(renderqueue.o)
 .text.performTransfer.part.0
                0x00118cbc       0x78 c:/devkitPro/libctru/lib\libcitro3d.a(renderqueue.o)
 .text.transferTarget
                0x00118d34       0x50 c:/devkitPro/libctru/lib\libcitro3d.a(renderqueue.o)
 .text.onVBlank1
                0x00118d84       0x24 c:/devkitPro/libctru/lib\libcitro3d.a(renderqueue.o)
 .text.onVBlank0
                0x00118da8       0x8c c:/devkitPro/libctru/lib\libcitro3d.a(renderqueue.o)
 .text.performClear.part.2
                0x00118e34       0x3c c:/devkitPro/libctru/lib\libcitro3d.a(renderqueue.o)
 .text.clearTarget
                0x00118e70       0x4c c:/devkitPro/libctru/lib\libcitro3d.a(renderqueue.o)
 .text.updateFrameQueue.part.4
                0x00118ebc       0xc0 c:/devkitPro/libctru/lib\libcitro3d.a(renderqueue.o)
 .text.onRenderFinish
                0x00118f7c       0xe0 c:/devkitPro/libctru/lib\libcitro3d.a(renderqueue.o)
 .text.onTransferFinish
                0x0011905c       0xbc c:/devkitPro/libctru/lib\libcitro3d.a(renderqueue.o)
 .text.checkRenderQueueInit.part.7
                0x00119118       0x5c c:/devkitPro/libctru/lib\libcitro3d.a(renderqueue.o)
 .text.onClearDone
                0x00119174       0x70 c:/devkitPro/libctru/lib\libcitro3d.a(renderqueue.o)
 .text.C3D_FrameBegin
                0x001191e4       0x6c c:/devkitPro/libctru/lib\libcitro3d.a(renderqueue.o)
                0x001191e4                C3D_FrameBegin
 .text.C3D_FrameDrawOn
                0x00119250       0x78 c:/devkitPro/libctru/lib\libcitro3d.a(renderqueue.o)
                0x00119250                C3D_FrameDrawOn
 .text.C3D_FrameEnd
                0x001192c8       0xcc c:/devkitPro/libctru/lib\libcitro3d.a(renderqueue.o)
                0x001192c8                C3D_FrameEnd
 .text.C3D_RenderTargetCreate
                0x00119394       0xe0 c:/devkitPro/libctru/lib\libcitro3d.a(renderqueue.o)
                0x00119394                C3D_RenderTargetCreate
 .text.C3D_RenderTargetDelete
                0x00119474       0x7c c:/devkitPro/libctru/lib\libcitro3d.a(renderqueue.o)
                0x00119474                C3D_RenderTargetDelete
 .text.C3Di_RenderQueueExit
                0x001194f0       0x84 c:/devkitPro/libctru/lib\libcitro3d.a(renderqueue.o)
 .text.C3D_RenderTargetSetClear
                0x00119574       0x50 c:/devkitPro/libctru/lib\libcitro3d.a(renderqueue.o)
                0x00119574                C3D_RenderTargetSetClear
 .text.C3D_RenderTargetSetOutput
                0x001195c4       0x58 c:/devkitPro/libctru/lib\libcitro3d.a(renderqueue.o)
                0x001195c4                C3D_RenderTargetSetOutput
 .text.C3Di_AptEventHook
                0x0011961c       0x88 c:/devkitPro/libctru/lib\libcitro3d.a(base.o)
 .text.C3D_Init
                0x001196a4      0x174 c:/devkitPro/libctru/lib\libcitro3d.a(base.o)
                0x001196a4                C3D_Init
 .text.C3D_SetViewport
                0x00119818       0x98 c:/devkitPro/libctru/lib\libcitro3d.a(base.o)
                0x00119818                C3D_SetViewport
 .text.C3Di_UpdateContext
                0x001198b0      0x584 c:/devkitPro/libctru/lib\libcitro3d.a(base.o)
                0x001198b0                C3Di_UpdateContext
 .text.C3Di_FinalizeFrame
                0x00119e34       0xe0 c:/devkitPro/libctru/lib\libcitro3d.a(base.o)
                0x00119e34                C3Di_FinalizeFrame
 .text.C3D_Fini
                0x00119f14       0x48 c:/devkitPro/libctru/lib\libcitro3d.a(base.o)
                0x00119f14                C3D_Fini
 .text.C3D_BindProgram
                0x00119f5c       0xd4 c:/devkitPro/libctru/lib\libcitro3d.a(base.o)
                0x00119f5c                C3D_BindProgram
 .text.Mtx_OrthoTilt
                0x0011a030       0xc8 c:/devkitPro/libctru/lib\libcitro3d.a(mtx_orthotilt.o)
                0x0011a030                Mtx_OrthoTilt
 .text.C3D_RenderBufInit
                0x0011a0f8       0xa4 c:/devkitPro/libctru/lib\libcitro3d.a(renderbuffer.o)
                0x0011a0f8                C3D_RenderBufInit
 .text.C3D_RenderBufClearAsync
                0x0011a19c       0x80 c:/devkitPro/libctru/lib\libcitro3d.a(renderbuffer.o)
                0x0011a19c                C3D_RenderBufClearAsync
 .text.C3D_RenderBufTransferAsync
                0x0011a21c       0x28 c:/devkitPro/libctru/lib\libcitro3d.a(renderbuffer.o)
                0x0011a21c                C3D_RenderBufTransferAsync
 .text.C3D_RenderBufBind
                0x0011a244       0x38 c:/devkitPro/libctru/lib\libcitro3d.a(renderbuffer.o)
                0x0011a244                C3D_RenderBufBind
 .text.C3Di_RenderBufBind
                0x0011a27c      0x170 c:/devkitPro/libctru/lib\libcitro3d.a(renderbuffer.o)
                0x0011a27c                C3Di_RenderBufBind
 .text.C3D_RenderBufDelete
                0x0011a3ec       0x18 c:/devkitPro/libctru/lib\libcitro3d.a(renderbuffer.o)
                0x0011a3ec                C3D_RenderBufDelete
 .text.C3D_ImmSendAttrib
                0x0011a404       0xb4 c:/devkitPro/libctru/lib\libcitro3d.a(immediate.o)
                0x0011a404                C3D_ImmSendAttrib
 .text._ZL21addrMapNodeComparatorPK11rbtree_nodeS1_
                0x0011a4b8       0x24 c:/devkitPro/libctru/lib\libctru.a(linear.o)
 .text._ZL21addrMapNodeDestructorP11rbtree_node
                0x0011a4dc        0x4 c:/devkitPro/libctru/lib\libctru.a(linear.o)
 .text.linearMemAlign
                0x0011a4e0      0x13c c:/devkitPro/libctru/lib\libctru.a(linear.o)
                0x0011a4e0                linearMemAlign
 .text.linearAlloc
                0x0011a61c        0x8 c:/devkitPro/libctru/lib\libctru.a(linear.o)
                0x0011a61c                linearAlloc
 .text.linearFree
                0x0011a624       0x50 c:/devkitPro/libctru/lib\libctru.a(linear.o)
                0x0011a624                linearFree
 .text._ZL21addrMapNodeComparatorPK11rbtree_nodeS1_
                0x0011a674       0x24 c:/devkitPro/libctru/lib\libctru.a(vram.o)
 .text._ZL21addrMapNodeDestructorP11rbtree_node
                0x0011a698        0x4 c:/devkitPro/libctru/lib\libctru.a(vram.o)
 .text.vramMemAlign
                0x0011a69c      0x12c c:/devkitPro/libctru/lib\libctru.a(vram.o)
                0x0011a69c                vramMemAlign
 .text.vramAlloc
                0x0011a7c8        0x8 c:/devkitPro/libctru/lib\libctru.a(vram.o)
                0x0011a7c8                vramAlloc
 .text.vramFree
                0x0011a7d0       0x50 c:/devkitPro/libctru/lib\libctru.a(vram.o)
                0x0011a7d0                vramFree
 .text.gfxSetFramebufferInfo.part.0
                0x0011a820       0x8c c:/devkitPro/libctru/lib\libctru.a(gfx.o)
 .text.gfxSet3D
                0x0011a8ac       0x10 c:/devkitPro/libctru/lib\libctru.a(gfx.o)
                0x0011a8ac                gfxSet3D
 .text.gfxIs3D  0x0011a8bc       0x10 c:/devkitPro/libctru/lib\libctru.a(gfx.o)
                0x0011a8bc                gfxIs3D
 .text.__get_bytes_per_pixel
                0x0011a8cc       0x18 c:/devkitPro/libctru/lib\libctru.a(gfx.o)
                0x0011a8cc                __get_bytes_per_pixel
 .text.gfxSetScreenFormat
                0x0011a8e4      0x174 c:/devkitPro/libctru/lib\libctru.a(gfx.o)
                0x0011a8e4                gfxSetScreenFormat
 .text.gfxSetDoubleBuffering
                0x0011aa58       0x14 c:/devkitPro/libctru/lib\libctru.a(gfx.o)
                0x0011aa58                gfxSetDoubleBuffering
 .text.gfxSetFramebufferInfo
                0x0011aa6c       0x70 c:/devkitPro/libctru/lib\libctru.a(gfx.o)
                0x0011aa6c                gfxSetFramebufferInfo
 .text.gfxWriteFramebufferInfo
                0x0011aadc       0x88 c:/devkitPro/libctru/lib\libctru.a(gfx.o)
                0x0011aadc                gfxWriteFramebufferInfo
 .text.gfxInit  0x0011ab64      0x1fc c:/devkitPro/libctru/lib\libctru.a(gfx.o)
                0x0011ab64                gfxInit
 .text.gfxInitDefault
                0x0011ad60       0x10 c:/devkitPro/libctru/lib\libctru.a(gfx.o)
                0x0011ad60                gfxInitDefault
 .text.gfxExit  0x0011ad70       0xe0 c:/devkitPro/libctru/lib\libctru.a(gfx.o)
                0x0011ad70                gfxExit
 .text.gfxGetFramebuffer
                0x0011ae50       0xb0 c:/devkitPro/libctru/lib\libctru.a(gfx.o)
                0x0011ae50                gfxGetFramebuffer
 .text.gfxFlushBuffers
                0x0011af00       0xc8 c:/devkitPro/libctru/lib\libctru.a(gfx.o)
                0x0011af00                gfxFlushBuffers
 .text.gfxConfigScreen
                0x0011afc8       0x70 c:/devkitPro/libctru/lib\libctru.a(gfx.o)
                0x0011afc8                gfxConfigScreen
 .text.gfxSwapBuffersGpu
                0x0011b038       0x20 c:/devkitPro/libctru/lib\libctru.a(gfx.o)
                0x0011b038                gfxSwapBuffersGpu
 .text.debug_write
                0x0011b058       0x1c c:/devkitPro/libctru/lib\libctru.a(console.o)
                0x0011b058                debug_write
 .text.consoleDrawChar
                0x0011b074      0x1b0 c:/devkitPro/libctru/lib\libctru.a(console.o)
                0x0011b074                consoleDrawChar
 .text.consolePrintChar
                0x0011b224      0x124 c:/devkitPro/libctru/lib\libctru.a(console.o)
                0x0011b224                consolePrintChar
 .text.consoleCls
                0x0011b348      0x190 c:/devkitPro/libctru/lib\libctru.a(console.o)
 .text.consoleInit
                0x0011b4d8       0xf8 c:/devkitPro/libctru/lib\libctru.a(console.o)
                0x0011b4d8                consoleInit
 .text.consoleClearLine
                0x0011b5d0      0x144 c:/devkitPro/libctru/lib\libctru.a(console.o)
 .text.newRow   0x0011b714       0xbc c:/devkitPro/libctru/lib\libctru.a(console.o)
 .text.con_write
                0x0011b7d0      0x79c c:/devkitPro/libctru/lib\libctru.a(console.o)
                0x0011b7d0                con_write
 .text.getSysTime
                0x0011bf6c       0x58 c:/devkitPro/libctru/lib\libctru.a(os.o)
 .text.osConvertVirtToPhys
                0x0011bfc4       0x4c c:/devkitPro/libctru/lib\libctru.a(os.o)
                0x0011bfc4                osConvertVirtToPhys
 .text.osGetMemRegionUsed
                0x0011c010       0x24 c:/devkitPro/libctru/lib\libctru.a(os.o)
                0x0011c010                osGetMemRegionUsed
 *fill*         0x0011c034        0x4 
 .text.__libctru_gtod
                0x0011c038       0xf4 c:/devkitPro/libctru/lib\libctru.a(os.o)
                0x0011c038                __libctru_gtod
 *fill*         0x0011c12c        0x4 
 .text.osGetTime
                0x0011c130       0x78 c:/devkitPro/libctru/lib\libctru.a(os.o)
                0x0011c130                osGetTime
 .text.__ctru_speedup_config
                0x0011c1a8       0x34 c:/devkitPro/libctru/lib\libctru.a(os.o)
                0x0011c1a8                __ctru_speedup_config
 .text.GPUCMD_SetBuffer
                0x0011c1dc       0x2c c:/devkitPro/libctru/lib\libctru.a(gpu.o)
                0x0011c1dc                GPUCMD_SetBuffer
 .text.GPUCMD_GetBuffer
                0x0011c208       0x40 c:/devkitPro/libctru/lib\libctru.a(gpu.o)
                0x0011c208                GPUCMD_GetBuffer
 .text.GPUCMD_Add
                0x0011c248      0x108 c:/devkitPro/libctru/lib\libctru.a(gpu.o)
                0x0011c248                GPUCMD_Add
 .text.GPUCMD_Finalize
                0x0011c350       0x98 c:/devkitPro/libctru/lib\libctru.a(gpu.o)
                0x0011c350                GPUCMD_Finalize
 .text.f32tof24
                0x0011c3e8       0x44 c:/devkitPro/libctru/lib\libctru.a(gpu.o)
                0x0011c3e8                f32tof24
 .text.f32tof31
                0x0011c42c       0x40 c:/devkitPro/libctru/lib\libctru.a(gpu.o)
                0x0011c42c                f32tof31
 .text.GX_ProcessCommandList
                0x0011c46c       0x54 c:/devkitPro/libctru/lib\libctru.a(gx.o)
                0x0011c46c                GX_ProcessCommandList
 .text.GX_MemoryFill
                0x0011c4c0       0x60 c:/devkitPro/libctru/lib\libctru.a(gx.o)
                0x0011c4c0                GX_MemoryFill
 .text.GX_DisplayTransfer
                0x0011c520       0x50 c:/devkitPro/libctru/lib\libctru.a(gx.o)
                0x0011c520                GX_DisplayTransfer
 .text.GX_FlushCacheRegions
                0x0011c570       0x54 c:/devkitPro/libctru/lib\libctru.a(gx.o)
                0x0011c570                GX_FlushCacheRegions
 .text.DVLB_Free
                0x0011c5c4       0x38 c:/devkitPro/libctru/lib\libctru.a(shbin.o)
                0x0011c5c4                DVLB_Free
 .text.DVLE_GetUniformRegister
                0x0011c5fc       0x78 c:/devkitPro/libctru/lib\libctru.a(shbin.o)
                0x0011c5fc                DVLE_GetUniformRegister
 .text.DVLE_GenerateOutmap
                0x0011c674      0x1ec c:/devkitPro/libctru/lib\libctru.a(shbin.o)
                0x0011c674                DVLE_GenerateOutmap
 .text.DVLB_ParseFile
                0x0011c860      0x1c0 c:/devkitPro/libctru/lib\libctru.a(shbin.o)
                0x0011c860                DVLB_ParseFile
 .text.shaderInstanceInit
                0x0011ca20      0x1f4 c:/devkitPro/libctru/lib\libctru.a(shaderProgram.o)
                0x0011ca20                shaderInstanceInit
 .text.shaderInstanceFree
                0x0011cc14       0x34 c:/devkitPro/libctru/lib\libctru.a(shaderProgram.o)
                0x0011cc14                shaderInstanceFree
 .text.shaderInstanceGetUniformLocation
                0x0011cc48       0x18 c:/devkitPro/libctru/lib\libctru.a(shaderProgram.o)
                0x0011cc48                shaderInstanceGetUniformLocation
 .text.shaderProgramInit
                0x0011cc60       0x18 c:/devkitPro/libctru/lib\libctru.a(shaderProgram.o)
                0x0011cc60                shaderProgramInit
 .text.shaderProgramFree
                0x0011cc78       0x2c c:/devkitPro/libctru/lib\libctru.a(shaderProgram.o)
                0x0011cc78                shaderProgramFree
 .text.shaderProgramSetVsh
                0x0011cca4       0x6c c:/devkitPro/libctru/lib\libctru.a(shaderProgram.o)
                0x0011cca4                shaderProgramSetVsh
 .text.shaderProgramConfigure
                0x0011cd10      0x894 c:/devkitPro/libctru/lib\libctru.a(shaderProgram.o)
                0x0011cd10                shaderProgramConfigure
 .text.ptmSysmInit
                0x0011d5a4       0x70 c:/devkitPro/libctru/lib\libctru.a(ptmsysm.o)
                0x0011d5a4                ptmSysmInit
 .text.ptmSysmExit
                0x0011d614       0x34 c:/devkitPro/libctru/lib\libctru.a(ptmsysm.o)
                0x0011d614                ptmSysmExit
 .text.PTMSYSM_ConfigureNew3DSCPU
                0x0011d648       0x34 c:/devkitPro/libctru/lib\libctru.a(ptmsysm.o)
                0x0011d648                PTMSYSM_ConfigureNew3DSCPU
 .text.hidExit  0x0011d67c       0xd0 c:/devkitPro/libctru/lib\libctru.a(hid.o)
                0x0011d67c                hidExit
 .text.hidScanInput
                0x0011d74c      0x234 c:/devkitPro/libctru/lib\libctru.a(hid.o)
                0x0011d74c                hidScanInput
 .text.hidKeysDown
                0x0011d980       0x10 c:/devkitPro/libctru/lib\libctru.a(hid.o)
                0x0011d980                hidKeysDown
 .text.hidKeysUp
                0x0011d990       0x10 c:/devkitPro/libctru/lib\libctru.a(hid.o)
                0x0011d990                hidKeysUp
 .text.hidTouchRead
                0x0011d9a0       0x18 c:/devkitPro/libctru/lib\libctru.a(hid.o)
                0x0011d9a0                hidTouchRead
 .text.HIDUSER_GetHandles
                0x0011d9b8       0x90 c:/devkitPro/libctru/lib\libctru.a(hid.o)
                0x0011d9b8                HIDUSER_GetHandles
 .text.hidInit  0x0011da48      0x18c c:/devkitPro/libctru/lib\libctru.a(hid.o)
                0x0011da48                hidInit
 .text._aptDebug
                0x0011dbd4        0x4 c:/devkitPro/libctru/lib\libctru.a(apt.o)
                0x0011dbd4                _aptDebug
 .text.aptSendCommand
                0x0011dbd8      0x130 c:/devkitPro/libctru/lib\libctru.a(apt.o)
                0x0011dbd8                aptSendCommand
 .text.aptExitProcess
                0x0011dd08       0x3c c:/devkitPro/libctru/lib\libctru.a(apt.o)
 .text.aptHook  0x0011dd44       0x38 c:/devkitPro/libctru/lib\libctru.a(apt.o)
                0x0011dd44                aptHook
 .text.aptUnhook
                0x0011dd7c       0x2c c:/devkitPro/libctru/lib\libctru.a(apt.o)
                0x0011dd7c                aptUnhook
 .text.APT_InquireNotification
                0x0011dda8       0x4c c:/devkitPro/libctru/lib\libctru.a(apt.o)
                0x0011dda8                APT_InquireNotification
 .text.aptEventHandler
                0x0011ddf4      0x19c c:/devkitPro/libctru/lib\libctru.a(apt.o)
 .text.APT_AppletUtility
                0x0011df90       0x74 c:/devkitPro/libctru/lib\libctru.a(apt.o)
                0x0011df90                APT_AppletUtility
 .text.aptSetSleepAllowed
                0x0011e004       0xb4 c:/devkitPro/libctru/lib\libctru.a(apt.o)
                0x0011e004                aptSetSleepAllowed
 .text.APT_GlanceParameter
                0x0011e0b8       0xb4 c:/devkitPro/libctru/lib\libctru.a(apt.o)
                0x0011e0b8                APT_GlanceParameter
 .text.APT_ReceiveParameter
                0x0011e16c       0xc0 c:/devkitPro/libctru/lib\libctru.a(apt.o)
                0x0011e16c                APT_ReceiveParameter
 .text.aptReceiveParameter.constprop.1
                0x0011e22c       0xa8 c:/devkitPro/libctru/lib\libctru.a(apt.o)
 *fill*         0x0011e2d4        0x4 
 .text.aptScreenTransfer
                0x0011e2d8      0x1ec c:/devkitPro/libctru/lib\libctru.a(apt.o)
 .text.aptWaitForWakeUp
                0x0011e4c4      0x228 c:/devkitPro/libctru/lib\libctru.a(apt.o)
 .text.APT_CancelParameter
                0x0011e6ec       0x70 c:/devkitPro/libctru/lib\libctru.a(apt.o)
                0x0011e6ec                APT_CancelParameter
 .text.aptInit  0x0011e75c      0x230 c:/devkitPro/libctru/lib\libctru.a(apt.o)
                0x0011e75c                aptInit
 .text.aptClearParamQueue
                0x0011e98c       0x8c c:/devkitPro/libctru/lib\libctru.a(apt.o)
 .text.aptMainLoop
                0x0011ea18      0x214 c:/devkitPro/libctru/lib\libctru.a(apt.o)
                0x0011ea18                aptMainLoop
 .text.aptExit  0x0011ec2c      0x148 c:/devkitPro/libctru/lib\libctru.a(apt.o)
                0x0011ec2c                aptExit
 .text.APT_CheckNew3DS
                0x0011ed74       0x70 c:/devkitPro/libctru/lib\libctru.a(apt.o)
                0x0011ed74                APT_CheckNew3DS
 .text.gspEventThreadMain
                0x0011ede4      0x160 c:/devkitPro/libctru/lib\libctru.a(gspgpu.o)
 .text.gspInit  0x0011ef44       0x74 c:/devkitPro/libctru/lib\libctru.a(gspgpu.o)
                0x0011ef44                gspInit
 .text.gspExit  0x0011efb8       0x3c c:/devkitPro/libctru/lib\libctru.a(gspgpu.o)
                0x0011efb8                gspExit
 .text.gspSetEventCallback
                0x0011eff4       0x2c c:/devkitPro/libctru/lib\libctru.a(gspgpu.o)
                0x0011eff4                gspSetEventCallback
 .text.gspInitEventHandler
                0x0011f020       0x88 c:/devkitPro/libctru/lib\libctru.a(gspgpu.o)
                0x0011f020                gspInitEventHandler
 .text.gspExitEventHandler
                0x0011f0a8       0x30 c:/devkitPro/libctru/lib\libctru.a(gspgpu.o)
                0x0011f0a8                gspExitEventHandler
 .text.gspWaitForEvent
                0x0011f0d8       0x44 c:/devkitPro/libctru/lib\libctru.a(gspgpu.o)
                0x0011f0d8                gspWaitForEvent
 .text.gspWaitForAnyEvent
                0x0011f11c       0x6c c:/devkitPro/libctru/lib\libctru.a(gspgpu.o)
                0x0011f11c                gspWaitForAnyEvent
 .text.gspSubmitGxCommand
                0x0011f188      0x124 c:/devkitPro/libctru/lib\libctru.a(gspgpu.o)
                0x0011f188                gspSubmitGxCommand
 .text.GSPGPU_SetBufferSwap
                0x0011f2ac       0x6c c:/devkitPro/libctru/lib\libctru.a(gspgpu.o)
                0x0011f2ac                GSPGPU_SetBufferSwap
 .text.GSPGPU_FlushDataCache
                0x0011f318       0x4c c:/devkitPro/libctru/lib\libctru.a(gspgpu.o)
                0x0011f318                GSPGPU_FlushDataCache
 .text.GSPGPU_SetLcdForceBlack
                0x0011f364       0x34 c:/devkitPro/libctru/lib\libctru.a(gspgpu.o)
                0x0011f364                GSPGPU_SetLcdForceBlack
 .text.GSPGPU_RegisterInterruptRelayQueue
                0x0011f398       0x64 c:/devkitPro/libctru/lib\libctru.a(gspgpu.o)
                0x0011f398                GSPGPU_RegisterInterruptRelayQueue
 .text.GSPGPU_UnregisterInterruptRelayQueue
                0x0011f3fc       0x2c c:/devkitPro/libctru/lib\libctru.a(gspgpu.o)
                0x0011f3fc                GSPGPU_UnregisterInterruptRelayQueue
 .text.GSPGPU_AcquireRight
                0x0011f428       0x48 c:/devkitPro/libctru/lib\libctru.a(gspgpu.o)
                0x0011f428                GSPGPU_AcquireRight
 .text.GSPGPU_ReleaseRight
                0x0011f470       0x2c c:/devkitPro/libctru/lib\libctru.a(gspgpu.o)
                0x0011f470                GSPGPU_ReleaseRight
 .text.GSPGPU_ImportDisplayCaptureInfo
                0x0011f49c       0x80 c:/devkitPro/libctru/lib\libctru.a(gspgpu.o)
                0x0011f49c                GSPGPU_ImportDisplayCaptureInfo
 .text.GSPGPU_SaveVramSysArea
                0x0011f51c       0x2c c:/devkitPro/libctru/lib\libctru.a(gspgpu.o)
                0x0011f51c                GSPGPU_SaveVramSysArea
 .text.GSPGPU_RestoreVramSysArea
                0x0011f548       0x2c c:/devkitPro/libctru/lib\libctru.a(gspgpu.o)
                0x0011f548                GSPGPU_RestoreVramSysArea
 .text.irrstScanInput
                0x0011f574       0xb0 c:/devkitPro/libctru/lib\libctru.a(irrst.o)
                0x0011f574                irrstScanInput
 .text.irrstKeysHeld
                0x0011f624       0x1c c:/devkitPro/libctru/lib\libctru.a(irrst.o)
                0x0011f624                irrstKeysHeld
 .text.IRRST_GetHandles
                0x0011f640       0x50 c:/devkitPro/libctru/lib\libctru.a(irrst.o)
                0x0011f640                IRRST_GetHandles
 .text.irrstInit
                0x0011f690      0x150 c:/devkitPro/libctru/lib\libctru.a(irrst.o)
                0x0011f690                irrstInit
 .text.IRRST_Shutdown
                0x0011f7e0       0x2c c:/devkitPro/libctru/lib\libctru.a(irrst.o)
                0x0011f7e0                IRRST_Shutdown
 .text.irrstExit
                0x0011f80c       0xac c:/devkitPro/libctru/lib\libctru.a(irrst.o)
                0x0011f80c                irrstExit
 .text.rbtree_find
                0x0011f8b8       0x70 c:/devkitPro/libctru/lib\libctru.a(rbtree_find.o)
                0x0011f8b8                rbtree_find
 .text.rbtree_remove
                0x0011f928      0x324 c:/devkitPro/libctru/lib\libctru.a(rbtree_remove.o)
                0x0011f928                rbtree_remove
 .text.rbtree_node_next
                0x0011fc4c       0x74 c:/devkitPro/libctru/lib\libctru.a(rbtree_iterator.o)
                0x0011fc4c                rbtree_node_next
 .text.rbtree_rotate
                0x0011fcc0       0x94 c:/devkitPro/libctru/lib\libctru.a(rbtree_rotate.o)
                0x0011fcc0                rbtree_rotate
 .text.do_insert
                0x0011fd54      0x18c c:/devkitPro/libctru/lib\libctru.a(rbtree_insert.o)
 .text.rbtree_insert
                0x0011fee0        0x8 c:/devkitPro/libctru/lib\libctru.a(rbtree_insert.o)
                0x0011fee0                rbtree_insert
 .text.rbtree_init
                0x0011fee8       0x14 c:/devkitPro/libctru/lib\libctru.a(rbtree_init.o)
                0x0011fee8                rbtree_init
 .text.__system_initArgv
                0x0011fefc       0xe8 c:/devkitPro/libctru/lib\libctru.a(initArgv.o)
                0x0011fefc                __system_initArgv
 .text.osGetMemRegionSize
                0x0011ffe4       0x58 c:/devkitPro/libctru/lib\libctru.a(allocateHeaps.o)
 .text.__system_allocateHeaps
                0x0012003c      0x104 c:/devkitPro/libctru/lib\libctru.a(allocateHeaps.o)
                0x0012003c                __system_allocateHeaps
 .text.__libctru_init
                0x00120140       0x38 c:/devkitPro/libctru/lib\libctru.a(initSystem.o)
                0x00120140                __libctru_init
 .text.svcControlMemory
                0x00120178       0x20 c:/devkitPro/libctru/lib\libctru.a(svc.o)
                0x00120178                svcControlMemory
 .text.svcExitProcess
                0x00120198        0x8 c:/devkitPro/libctru/lib\libctru.a(svc.o)
                0x00120198                svcExitProcess
 .text.svcCreateThread
                0x001201a0       0x20 c:/devkitPro/libctru/lib\libctru.a(svc.o)
                0x001201a0                svcCreateThread
 .text.svcExitThread
                0x001201c0        0x8 c:/devkitPro/libctru/lib\libctru.a(svc.o)
                0x001201c0                svcExitThread
 .text.svcSleepThread
                0x001201c8        0x8 c:/devkitPro/libctru/lib\libctru.a(svc.o)
                0x001201c8                svcSleepThread
 .text.svcReleaseMutex
                0x001201d0        0x8 c:/devkitPro/libctru/lib\libctru.a(svc.o)
                0x001201d0                svcReleaseMutex
 .text.svcCreateEvent
                0x001201d8       0x14 c:/devkitPro/libctru/lib\libctru.a(svc.o)
                0x001201d8                svcCreateEvent
 .text.svcSignalEvent
                0x001201ec        0x8 c:/devkitPro/libctru/lib\libctru.a(svc.o)
                0x001201ec                svcSignalEvent
 .text.svcClearEvent
                0x001201f4        0x8 c:/devkitPro/libctru/lib\libctru.a(svc.o)
                0x001201f4                svcClearEvent
 .text.svcMapMemoryBlock
                0x001201fc        0x8 c:/devkitPro/libctru/lib\libctru.a(svc.o)
                0x001201fc                svcMapMemoryBlock
 .text.svcUnmapMemoryBlock
                0x00120204        0x8 c:/devkitPro/libctru/lib\libctru.a(svc.o)
                0x00120204                svcUnmapMemoryBlock
 .text.svcCreateAddressArbiter
                0x0012020c       0x14 c:/devkitPro/libctru/lib\libctru.a(svc.o)
                0x0012020c                svcCreateAddressArbiter
 .text.svcArbitrateAddress
                0x00120220       0x18 c:/devkitPro/libctru/lib\libctru.a(svc.o)
                0x00120220                svcArbitrateAddress
 .text.svcCloseHandle
                0x00120238        0x8 c:/devkitPro/libctru/lib\libctru.a(svc.o)
                0x00120238                svcCloseHandle
 .text.svcWaitSynchronization
                0x00120240        0x8 c:/devkitPro/libctru/lib\libctru.a(svc.o)
                0x00120240                svcWaitSynchronization
 .text.svcWaitSynchronizationN
                0x00120248       0x28 c:/devkitPro/libctru/lib\libctru.a(svc.o)
                0x00120248                svcWaitSynchronizationN
 .text.svcDuplicateHandle
                0x00120270       0x14 c:/devkitPro/libctru/lib\libctru.a(svc.o)
                0x00120270                svcDuplicateHandle
 .text.svcGetSystemTick
                0x00120284        0x8 c:/devkitPro/libctru/lib\libctru.a(svc.o)
                0x00120284                svcGetSystemTick
 .text.svcGetSystemInfo
                0x0012028c       0x18 c:/devkitPro/libctru/lib\libctru.a(svc.o)
                0x0012028c                svcGetSystemInfo
 .text.svcConnectToPort
                0x001202a4       0x14 c:/devkitPro/libctru/lib\libctru.a(svc.o)
                0x001202a4                svcConnectToPort
 .text.svcSendSyncRequest
                0x001202b8        0x8 c:/devkitPro/libctru/lib\libctru.a(svc.o)
                0x001202b8                svcSendSyncRequest
 .text.svcBreak
                0x001202c0        0x8 c:/devkitPro/libctru/lib\libctru.a(svc.o)
                0x001202c0                svcBreak
 .text.svcOutputDebugString
                0x001202c8        0x8 c:/devkitPro/libctru/lib\libctru.a(svc.o)
                0x001202c8                svcOutputDebugString
 .text._ZN7MemPool13CoalesceRightEP8MemBlock
                0x001202d0       0x98 c:/devkitPro/libctru/lib\libctru.a(mem_pool.o)
                0x001202d0                MemPool::CoalesceRight(MemBlock*)
 .text._ZN7MemPool8AllocateER8MemChunkmi
                0x00120368      0x178 c:/devkitPro/libctru/lib\libctru.a(mem_pool.o)
                0x00120368                MemPool::Allocate(MemChunk&, unsigned long, int)
 .text._ZN7MemPool10DeallocateERK8MemChunk
                0x001204e0      0x100 c:/devkitPro/libctru/lib\libctru.a(mem_pool.o)
                0x001204e0                MemPool::Deallocate(MemChunk const&)
 .text._ZL21addrMapNodeComparatorPK11rbtree_nodeS1_
                0x001205e0       0x24 c:/devkitPro/libctru/lib\libctru.a(mappable.o)
 .text._ZL21addrMapNodeDestructorP11rbtree_node
                0x00120604        0x4 c:/devkitPro/libctru/lib\libctru.a(mappable.o)
 .text.mappableAlloc
                0x00120608       0xf4 c:/devkitPro/libctru/lib\libctru.a(mappable.o)
                0x00120608                mappableAlloc
 .text.mappableFree
                0x001206fc       0x50 c:/devkitPro/libctru/lib\libctru.a(mappable.o)
                0x001206fc                mappableFree
 .text.threadCreate
                0x0012074c      0x1bc c:/devkitPro/libctru/lib\libctru.a(thread.o)
                0x0012074c                threadCreate
 .text.threadJoin
                0x00120908       0x24 c:/devkitPro/libctru/lib\libctru.a(thread.o)
                0x00120908                threadJoin
 .text.threadExit
                0x0012092c       0x70 c:/devkitPro/libctru/lib\libctru.a(thread.o)
                0x0012092c                threadExit
 .text._thread_begin
                0x0012099c       0x40 c:/devkitPro/libctru/lib\libctru.a(thread.o)
 .text.srvExit  0x001209dc       0x50 c:/devkitPro/libctru/lib\libctru.a(srv.o)
                0x001209dc                srvExit
 .text.srvRegisterClient
                0x00120a2c       0x38 c:/devkitPro/libctru/lib\libctru.a(srv.o)
                0x00120a2c                srvRegisterClient
 .text.srvInit  0x00120a64       0x78 c:/devkitPro/libctru/lib\libctru.a(srv.o)
                0x00120a64                srvInit
 .text.srvGetServiceHandleDirect
                0x00120adc       0x68 c:/devkitPro/libctru/lib\libctru.a(srv.o)
                0x00120adc                srvGetServiceHandleDirect
 .text.srvGetServiceHandle
                0x00120b44       0x38 c:/devkitPro/libctru/lib\libctru.a(srv.o)
                0x00120b44                srvGetServiceHandle
 .text.envGetHandle
                0x00120b7c       0x84 c:/devkitPro/libctru/lib\libctru.a(env.o)
                0x00120b7c                envGetHandle
 .text.envDestroyHandles
                0x00120c00       0x4c c:/devkitPro/libctru/lib\libctru.a(env.o)
                0x00120c00                envDestroyHandles
 .text.LightLock_Unlock.part.1
                0x00120c4c       0x34 c:/devkitPro/libctru/lib\libctru.a(synchronization.o)
 .text.__sync_init
                0x00120c80        0xc c:/devkitPro/libctru/lib\libctru.a(synchronization.o)
                0x00120c80                __sync_init
 .text.__sync_fini
                0x00120c8c       0x18 c:/devkitPro/libctru/lib\libctru.a(synchronization.o)
                0x00120c8c                __sync_fini
 .text.__sync_get_arbiter
                0x00120ca4       0x10 c:/devkitPro/libctru/lib\libctru.a(synchronization.o)
                0x00120ca4                __sync_get_arbiter
 .text.LightLock_Init
                0x00120cb4       0x18 c:/devkitPro/libctru/lib\libctru.a(synchronization.o)
                0x00120cb4                LightLock_Init
 .text.LightLock_Lock
                0x00120ccc       0xa0 c:/devkitPro/libctru/lib\libctru.a(synchronization.o)
                0x00120ccc                LightLock_Lock
 .text.LightLock_TryLock
                0x00120d6c       0x34 c:/devkitPro/libctru/lib\libctru.a(synchronization.o)
                0x00120d6c                LightLock_TryLock
 .text.LightLock_Unlock
                0x00120da0       0x20 c:/devkitPro/libctru/lib\libctru.a(synchronization.o)
                0x00120da0                LightLock_Unlock
 .text.RecursiveLock_Init
                0x00120dc0       0x24 c:/devkitPro/libctru/lib\libctru.a(synchronization.o)
                0x00120dc0                RecursiveLock_Init
 .text.RecursiveLock_Lock
                0x00120de4       0x30 c:/devkitPro/libctru/lib\libctru.a(synchronization.o)
                0x00120de4                RecursiveLock_Lock
 .text.RecursiveLock_TryLock
                0x00120e14       0x58 c:/devkitPro/libctru/lib\libctru.a(synchronization.o)
                0x00120e14                RecursiveLock_TryLock
 .text.RecursiveLock_Unlock
                0x00120e6c       0x38 c:/devkitPro/libctru/lib\libctru.a(synchronization.o)
                0x00120e6c                RecursiveLock_Unlock
 .text.LightEvent_Init
                0x00120ea4       0x38 c:/devkitPro/libctru/lib\libctru.a(synchronization.o)
                0x00120ea4                LightEvent_Init
 .text.LightEvent_Clear
                0x00120edc       0x7c c:/devkitPro/libctru/lib\libctru.a(synchronization.o)
                0x00120edc                LightEvent_Clear
 .text.LightEvent_Signal
                0x00120f58       0xdc c:/devkitPro/libctru/lib\libctru.a(synchronization.o)
                0x00120f58                LightEvent_Signal
 .text.LightEvent_Wait
                0x00121034       0xd0 c:/devkitPro/libctru/lib\libctru.a(synchronization.o)
                0x00121034                LightEvent_Wait
 .text.__libctru_exit
                0x00121104       0xa4 c:/devkitPro/libctru/lib\libctru.a(ctru_exit.o)
                0x00121104                __libctru_exit
 .text.__appExit
                0x001211a8       0x1c c:/devkitPro/libctru/lib\libctru.a(appExit.o)
                0x001211a8                __appExit
 .text.__ctru_get_reent
                0x001211c4       0x30 c:/devkitPro/libctru/lib\libctru.a(syscalls.o)
 .text.__system_initSyscalls
                0x001211f4       0xe4 c:/devkitPro/libctru/lib\libctru.a(syscalls.o)
                0x001211f4                __system_initSyscalls
 .text.__appInit
                0x001212d8       0x1c c:/devkitPro/libctru/lib\libctru.a(appInit.o)
                0x001212d8                __appInit
 .text.sdmc_link
                0x001212f4       0x10 c:/devkitPro/libctru/lib\libctru.a(sdmc_dev.o)
 .text.sdmc_dirreset
                0x00121304       0x10 c:/devkitPro/libctru/lib\libctru.a(sdmc_dev.o)
 .text.sdmc_fchmod
                0x00121314       0x10 c:/devkitPro/libctru/lib\libctru.a(sdmc_dev.o)
 .text.error_cmp
                0x00121324       0x24 c:/devkitPro/libctru/lib\libctru.a(sdmc_dev.o)
 .text.sdmc_translate_error
                0x00121348       0x50 c:/devkitPro/libctru/lib\libctru.a(sdmc_dev.o)
 .text.sdmc_fsync
                0x00121398       0x34 c:/devkitPro/libctru/lib\libctru.a(sdmc_dev.o)
 .text.sdmc_ftruncate
                0x001213cc       0x54 c:/devkitPro/libctru/lib\libctru.a(sdmc_dev.o)
 .text.sdmc_statvfs
                0x00121420       0xb8 c:/devkitPro/libctru/lib\libctru.a(sdmc_dev.o)
 .text.sdmc_dirclose
                0x001214d8       0x38 c:/devkitPro/libctru/lib\libctru.a(sdmc_dev.o)
 .text.sdmc_dirnext
                0x00121510      0x138 c:/devkitPro/libctru/lib\libctru.a(sdmc_dev.o)
 .text.sdmc_close
                0x00121648       0x34 c:/devkitPro/libctru/lib\libctru.a(sdmc_dev.o)
 .text.sdmc_fstat
                0x0012167c       0x74 c:/devkitPro/libctru/lib\libctru.a(sdmc_dev.o)
 .text.sdmc_seek
                0x001216f0       0xd8 c:/devkitPro/libctru/lib\libctru.a(sdmc_dev.o)
 .text.sdmc_read
                0x001217c8       0x84 c:/devkitPro/libctru/lib\libctru.a(sdmc_dev.o)
 .text.sdmc_write
                0x0012184c       0xb8 c:/devkitPro/libctru/lib\libctru.a(sdmc_dev.o)
 .text.sdmc_utf16path
                0x00121904      0x1b4 c:/devkitPro/libctru/lib\libctru.a(sdmc_dev.o)
 .text.sdmc_rmdir
                0x00121ab8       0x74 c:/devkitPro/libctru/lib\libctru.a(sdmc_dev.o)
 .text.sdmc_diropen
                0x00121b2c       0xa4 c:/devkitPro/libctru/lib\libctru.a(sdmc_dev.o)
 .text.sdmc_chdir
                0x00121bd0       0xa0 c:/devkitPro/libctru/lib\libctru.a(sdmc_dev.o)
 .text.sdmc_mkdir
                0x00121c70       0x98 c:/devkitPro/libctru/lib\libctru.a(sdmc_dev.o)
 .text.sdmc_rename
                0x00121d08      0x108 c:/devkitPro/libctru/lib\libctru.a(sdmc_dev.o)
 .text.sdmc_unlink
                0x00121e10       0x74 c:/devkitPro/libctru/lib\libctru.a(sdmc_dev.o)
 .text.sdmc_stat
                0x00121e84      0x108 c:/devkitPro/libctru/lib\libctru.a(sdmc_dev.o)
 .text.sdmc_open
                0x00121f8c      0x188 c:/devkitPro/libctru/lib\libctru.a(sdmc_dev.o)
 .text.sdmc_chmod
                0x00122114       0x10 c:/devkitPro/libctru/lib\libctru.a(sdmc_dev.o)
 .text.sdmcInit
                0x00122124      0x15c c:/devkitPro/libctru/lib\libctru.a(sdmc_dev.o)
                0x00122124                sdmcInit
 .text.sdmcExit
                0x00122280       0x58 c:/devkitPro/libctru/lib\libctru.a(sdmc_dev.o)
                0x00122280                sdmcExit
 .text.fsSessionForArchive.part.0
                0x001222d8       0x28 c:/devkitPro/libctru/lib\libctru.a(fs.o)
 .text.fsInit   0x00122300       0xc8 c:/devkitPro/libctru/lib\libctru.a(fs.o)
                0x00122300                fsInit
 .text.fsExit   0x001223c8       0x38 c:/devkitPro/libctru/lib\libctru.a(fs.o)
                0x001223c8                fsExit
 .text.fsExemptFromSession
                0x00122400       0xa0 c:/devkitPro/libctru/lib\libctru.a(fs.o)
                0x00122400                fsExemptFromSession
 .text.fsUnexemptFromSession
                0x001224a0       0x54 c:/devkitPro/libctru/lib\libctru.a(fs.o)
                0x001224a0                fsUnexemptFromSession
 .text.FSUSER_OpenFile
                0x001224f4       0xbc c:/devkitPro/libctru/lib\libctru.a(fs.o)
                0x001224f4                FSUSER_OpenFile
 .text.FSUSER_DeleteFile
                0x001225b0       0xa4 c:/devkitPro/libctru/lib\libctru.a(fs.o)
                0x001225b0                FSUSER_DeleteFile
 .text.FSUSER_RenameFile
                0x00122654       0xe0 c:/devkitPro/libctru/lib\libctru.a(fs.o)
                0x00122654                FSUSER_RenameFile
 .text.FSUSER_DeleteDirectory
                0x00122734       0xa4 c:/devkitPro/libctru/lib\libctru.a(fs.o)
                0x00122734                FSUSER_DeleteDirectory
 .text.FSUSER_CreateFile
                0x001227d8       0xbc c:/devkitPro/libctru/lib\libctru.a(fs.o)
                0x001227d8                FSUSER_CreateFile
 .text.FSUSER_CreateDirectory
                0x00122894       0xac c:/devkitPro/libctru/lib\libctru.a(fs.o)
                0x00122894                FSUSER_CreateDirectory
 .text.FSUSER_RenameDirectory
                0x00122940       0xe0 c:/devkitPro/libctru/lib\libctru.a(fs.o)
                0x00122940                FSUSER_RenameDirectory
 .text.FSUSER_OpenDirectory
                0x00122a20       0xa4 c:/devkitPro/libctru/lib\libctru.a(fs.o)
                0x00122a20                FSUSER_OpenDirectory
 .text.FSUSER_OpenArchive
                0x00122ac4       0x98 c:/devkitPro/libctru/lib\libctru.a(fs.o)
                0x00122ac4                FSUSER_OpenArchive
 .text.FSUSER_CloseArchive
                0x00122b5c       0x74 c:/devkitPro/libctru/lib\libctru.a(fs.o)
                0x00122b5c                FSUSER_CloseArchive
 .text.FSUSER_GetSdmcArchiveResource
                0x00122bd0       0x78 c:/devkitPro/libctru/lib\libctru.a(fs.o)
                0x00122bd0                FSUSER_GetSdmcArchiveResource
 .text.FSUSER_IsSdmcWritable
                0x00122c48       0x64 c:/devkitPro/libctru/lib\libctru.a(fs.o)
                0x00122c48                FSUSER_IsSdmcWritable
 .text.FSFILE_Read
                0x00122cac       0x5c c:/devkitPro/libctru/lib\libctru.a(fs.o)
                0x00122cac                FSFILE_Read
 .text.FSFILE_Write
                0x00122d08       0x64 c:/devkitPro/libctru/lib\libctru.a(fs.o)
                0x00122d08                FSFILE_Write
 .text.FSFILE_GetSize
                0x00122d6c       0x3c c:/devkitPro/libctru/lib\libctru.a(fs.o)
                0x00122d6c                FSFILE_GetSize
 .text.FSFILE_SetSize
                0x00122da8       0x2c c:/devkitPro/libctru/lib\libctru.a(fs.o)
                0x00122da8                FSFILE_SetSize
 .text.FSFILE_Close
                0x00122dd4       0x3c c:/devkitPro/libctru/lib\libctru.a(fs.o)
                0x00122dd4                FSFILE_Close
 .text.FSFILE_Flush
                0x00122e10       0x24 c:/devkitPro/libctru/lib\libctru.a(fs.o)
                0x00122e10                FSFILE_Flush
 .text.FSDIR_Read
                0x00122e34       0x54 c:/devkitPro/libctru/lib\libctru.a(fs.o)
                0x00122e34                FSDIR_Read
 .text.FSDIR_Close
                0x00122e88       0x3c c:/devkitPro/libctru/lib\libctru.a(fs.o)
                0x00122e88                FSDIR_Close
 .text.utf8_to_utf16
                0x00122ec4       0xc0 c:/devkitPro/libctru/lib\libctru.a(utf8_to_utf16.o)
                0x00122ec4                utf8_to_utf16
 .text.decode_utf8
                0x00122f84      0x138 c:/devkitPro/libctru/lib\libctru.a(decode_utf8.o)
                0x00122f84                decode_utf8
 .text.utf16_to_utf8
                0x001230bc       0xe8 c:/devkitPro/libctru/lib\libctru.a(utf16_to_utf8.o)
                0x001230bc                utf16_to_utf8
 .text.encode_utf8
                0x001231a4      0x104 c:/devkitPro/libctru/lib\libctru.a(encode_utf8.o)
                0x001231a4                encode_utf8
 .text.encode_utf16
                0x001232a8       0x68 c:/devkitPro/libctru/lib\libctru.a(encode_utf16.o)
                0x001232a8                encode_utf16
 .text.__aeabi_read_tp
                0x00123310        0xc c:/devkitPro/libctru/lib\libctru.a(readtp.o)
                0x00123310                __aeabi_read_tp
 .text.decode_utf16
                0x0012331c       0x60 c:/devkitPro/libctru/lib\libctru.a(decode_utf16.o)
                0x0012331c                decode_utf16
 .text.cosf     0x0012337c       0xc4 c:/devkitpro/devkitarm/bin/../lib/gcc/arm-none-eabi/6.3.0/../../../../arm-none-eabi/lib/armv6k/fpu\libm.a(lib_a-sf_cos.o)
                0x0012337c                cosf
 .text.floor    0x00123440      0x184 c:/devkitpro/devkitarm/bin/../lib/gcc/arm-none-eabi/6.3.0/../../../../arm-none-eabi/lib/armv6k/fpu\libm.a(lib_a-s_floor.o)
                0x00123440                floor
 *fill*         0x001235c4        0x4 
 .text.frexp    0x001235c8       0x9c c:/devkitpro/devkitarm/bin/../lib/gcc/arm-none-eabi/6.3.0/../../../../arm-none-eabi/lib/armv6k/fpu\libm.a(lib_a-s_frexp.o)
                0x001235c8                frexp
 .text.sinf     0x00123664       0xcc c:/devkitpro/devkitarm/bin/../lib/gcc/arm-none-eabi/6.3.0/../../../../arm-none-eabi/lib/armv6k/fpu\libm.a(lib_a-sf_sin.o)
                0x00123664                sinf
 .text.pow      0x00123730      0x398 c:/devkitpro/devkitarm/bin/../lib/gcc/arm-none-eabi/6.3.0/../../../../arm-none-eabi/lib/armv6k/fpu\libm.a(lib_a-w_pow.o)
                0x00123730                pow
 .text.__ieee754_rem_pio2f
                0x00123ac8      0x2e8 c:/devkitpro/devkitarm/bin/../lib/gcc/arm-none-eabi/6.3.0/../../../../arm-none-eabi/lib/armv6k/fpu\libm.a(lib_a-ef_rem_pio2.o)
                0x00123ac8                __ieee754_rem_pio2f
 .text.__ieee754_pow
                0x00123db0      0x8bc c:/devkitpro/devkitarm/bin/../lib/gcc/arm-none-eabi/6.3.0/../../../../arm-none-eabi/lib/armv6k/fpu\libm.a(lib_a-e_pow.o)
                0x00123db0                __ieee754_pow
 .text.__ieee754_sqrt
                0x0012466c      0x214 c:/devkitpro/devkitarm/bin/../lib/gcc/arm-none-eabi/6.3.0/../../../../arm-none-eabi/lib/armv6k/fpu\libm.a(lib_a-e_sqrt.o)
                0x0012466c                __ieee754_sqrt
 .text.__kernel_cosf
                0x00124880      0x124 c:/devkitpro/devkitarm/bin/../lib/gcc/arm-none-eabi/6.3.0/../../../../arm-none-eabi/lib/armv6k/fpu\libm.a(lib_a-kf_cos.o)
                0x00124880                __kernel_cosf
 .text.__kernel_rem_pio2f
                0x001249a4      0x898 c:/devkitpro/devkitarm/bin/../lib/gcc/arm-none-eabi/6.3.0/../../../../arm-none-eabi/lib/armv6k/fpu\libm.a(lib_a-kf_rem_pio2.o)
                0x001249a4                __kernel_rem_pio2f
 .text.__kernel_sinf
                0x0012523c       0xa0 c:/devkitpro/devkitarm/bin/../lib/gcc/arm-none-eabi/6.3.0/../../../../arm-none-eabi/lib/armv6k/fpu\libm.a(lib_a-kf_sin.o)
                0x0012523c                __kernel_sinf
 .text.fabs     0x001252dc       0x10 c:/devkitpro/devkitarm/bin/../lib/gcc/arm-none-eabi/6.3.0/../../../../arm-none-eabi/lib/armv6k/fpu\libm.a(lib_a-s_fabs.o)
                0x001252dc                fabs
 .text.fabsf    0x001252ec       0x10 c:/devkitpro/devkitarm/bin/../lib/gcc/arm-none-eabi/6.3.0/../../../../arm-none-eabi/lib/armv6k/fpu\libm.a(lib_a-sf_fabs.o)
                0x001252ec                fabsf
 .text.floorf   0x001252fc       0xbc c:/devkitpro/devkitarm/bin/../lib/gcc/arm-none-eabi/6.3.0/../../../../arm-none-eabi/lib/armv6k/fpu\libm.a(lib_a-sf_floor.o)
                0x001252fc                floorf
 .text.finite   0x001253b8       0x14 c:/devkitpro/devkitarm/bin/../lib/gcc/arm-none-eabi/6.3.0/../../../../arm-none-eabi/lib/armv6k/fpu\libm.a(lib_a-s_finite.o)
                0x001253b8                finite
 .text.scalbnf  0x001253cc      0x114 c:/devkitpro/devkitarm/bin/../lib/gcc/arm-none-eabi/6.3.0/../../../../arm-none-eabi/lib/armv6k/fpu\libm.a(lib_a-sf_scalbn.o)
                0x001253cc                scalbnf
 .text.matherr  0x001254e0        0x8 c:/devkitpro/devkitarm/bin/../lib/gcc/arm-none-eabi/6.3.0/../../../../arm-none-eabi/lib/armv6k/fpu\libm.a(lib_a-s_matherr.o)
                0x001254e0                matherr
 .text.nan      0x001254e8       0x10 c:/devkitpro/devkitarm/bin/../lib/gcc/arm-none-eabi/6.3.0/../../../../arm-none-eabi/lib/armv6k/fpu\libm.a(lib_a-s_nan.o)
                0x001254e8                nan
 .text.rint     0x001254f8      0x178 c:/devkitpro/devkitarm/bin/../lib/gcc/arm-none-eabi/6.3.0/../../../../arm-none-eabi/lib/armv6k/fpu\libm.a(lib_a-s_rint.o)
                0x001254f8                rint
 .text.scalbn   0x00125670      0x170 c:/devkitpro/devkitarm/bin/../lib/gcc/arm-none-eabi/6.3.0/../../../../arm-none-eabi/lib/armv6k/fpu\libm.a(lib_a-s_scalbn.o)
                0x00125670                scalbn
 .text.copysign
                0x001257e0       0x1c c:/devkitpro/devkitarm/bin/../lib/gcc/arm-none-eabi/6.3.0/../../../../arm-none-eabi/lib/armv6k/fpu\libm.a(lib_a-s_copysign.o)
                0x001257e0                copysign
 .text.copysignf
                0x001257fc       0x1c c:/devkitpro/devkitarm/bin/../lib/gcc/arm-none-eabi/6.3.0/../../../../arm-none-eabi/lib/armv6k/fpu\libm.a(lib_a-sf_copysign.o)
                0x001257fc                copysignf
 .text.__udivmoddi4
                0x00125818      0x128 c:/devkitpro/devkitarm/bin/../lib/gcc/arm-none-eabi/6.3.0/armv6k/fpu\libgcc.a(_udivmoddi4.o)
                0x00125818                __udivmoddi4
 .text.abort    0x00125940       0x14 c:/devkitpro/devkitarm/bin/../lib/gcc/arm-none-eabi/6.3.0/../../../../arm-none-eabi/lib/armv6k/fpu\libg.a(lib_a-abort.o)
                0x00125940                abort
 .text.bsearch  0x00125954       0x74 c:/devkitpro/devkitarm/bin/../lib/gcc/arm-none-eabi/6.3.0/../../../../arm-none-eabi/lib/armv6k/fpu\libg.a(lib_a-bsearch.o)
                0x00125954                bsearch
 .text.calloc   0x001259c8       0x20 c:/devkitpro/devkitarm/bin/../lib/gcc/arm-none-eabi/6.3.0/../../../../arm-none-eabi/lib/armv6k/fpu\libg.a(lib_a-calloc.o)
                0x001259c8                calloc
 .text._calloc_r
                0x001259e8       0x90 c:/devkitpro/devkitarm/bin/../lib/gcc/arm-none-eabi/6.3.0/../../../../arm-none-eabi/lib/armv6k/fpu\libg.a(lib_a-callocr.o)
                0x001259e8                _calloc_r
 .text.__errno  0x00125a78        0xc c:/devkitpro/devkitarm/bin/../lib/gcc/arm-none-eabi/6.3.0/../../../../arm-none-eabi/lib/armv6k/fpu\libg.a(lib_a-errno.o)
                0x00125a78                __errno
 .text._fclose_r
                0x00125a84      0x154 c:/devkitpro/devkitarm/bin/../lib/gcc/arm-none-eabi/6.3.0/../../../../arm-none-eabi/lib/armv6k/fpu\libg.a(lib_a-fclose.o)
                0x00125a84                _fclose_r
 .text.__sflush_r
                0x00125bd8      0x254 c:/devkitpro/devkitarm/bin/../lib/gcc/arm-none-eabi/6.3.0/../../../../arm-none-eabi/lib/armv6k/fpu\libg.a(lib_a-fflush.o)
                0x00125bd8                __sflush_r
 .text._fflush_r
                0x00125e2c       0x94 c:/devkitpro/devkitarm/bin/../lib/gcc/arm-none-eabi/6.3.0/../../../../arm-none-eabi/lib/armv6k/fpu\libg.a(lib_a-fflush.o)
                0x00125e2c                _fflush_r
 .text.fflush   0x00125ec0       0x38 c:/devkitpro/devkitarm/bin/../lib/gcc/arm-none-eabi/6.3.0/../../../../arm-none-eabi/lib/armv6k/fpu\libg.a(lib_a-fflush.o)
                0x00125ec0                fflush
 .text._cleanup_r
                0x00125ef8        0xc c:/devkitpro/devkitarm/bin/../lib/gcc/arm-none-eabi/6.3.0/../../../../arm-none-eabi/lib/armv6k/fpu\libg.a(lib_a-findfp.o)
                0x00125ef8                _cleanup_r
 .text.std.isra.0
                0x00125f04       0x80 c:/devkitpro/devkitarm/bin/../lib/gcc/arm-none-eabi/6.3.0/../../../../arm-none-eabi/lib/armv6k/fpu\libg.a(lib_a-findfp.o)
 .text.__sinit  0x00125f84       0x8c c:/devkitpro/devkitarm/bin/../lib/gcc/arm-none-eabi/6.3.0/../../../../arm-none-eabi/lib/armv6k/fpu\libg.a(lib_a-findfp.o)
                0x00125f84                __sinit
 .text.__sfp_lock_acquire
                0x00126010        0xc c:/devkitpro/devkitarm/bin/../lib/gcc/arm-none-eabi/6.3.0/../../../../arm-none-eabi/lib/armv6k/fpu\libg.a(lib_a-findfp.o)
                0x00126010                __sfp_lock_acquire
 .text.__sfp_lock_release
                0x0012601c        0xc c:/devkitpro/devkitarm/bin/../lib/gcc/arm-none-eabi/6.3.0/../../../../arm-none-eabi/lib/armv6k/fpu\libg.a(lib_a-findfp.o)
                0x0012601c                __sfp_lock_release
 .text.__libc_fini_array
                0x00126028       0x40 c:/devkitpro/devkitarm/bin/../lib/gcc/arm-none-eabi/6.3.0/../../../../arm-none-eabi/lib/armv6k/fpu\libg.a(lib_a-fini.o)
                0x00126028                __libc_fini_array
 .text.fprintf  0x00126068       0x3c c:/devkitpro/devkitarm/bin/../lib/gcc/arm-none-eabi/6.3.0/../../../../arm-none-eabi/lib/armv6k/fpu\libg.a(lib_a-fprintf.o)
                0x00126068                fprintf
 .text.fputc    0x001260a4       0x94 c:/devkitpro/devkitarm/bin/../lib/gcc/arm-none-eabi/6.3.0/../../../../arm-none-eabi/lib/armv6k/fpu\libg.a(lib_a-fputc.o)
                0x001260a4                fputc
 .text._fread_r
                0x00126138      0x2d4 c:/devkitpro/devkitarm/bin/../lib/gcc/arm-none-eabi/6.3.0/../../../../arm-none-eabi/lib/armv6k/fpu\libg.a(lib_a-fread.o)
                0x00126138                _fread_r
 .text.fread    0x0012640c       0x38 c:/devkitpro/devkitarm/bin/../lib/gcc/arm-none-eabi/6.3.0/../../../../arm-none-eabi/lib/armv6k/fpu\libg.a(lib_a-fread.o)
                0x0012640c                fread
 .text._malloc_trim_r
                0x00126444       0xf8 c:/devkitpro/devkitarm/bin/../lib/gcc/arm-none-eabi/6.3.0/../../../../arm-none-eabi/lib/armv6k/fpu\libg.a(lib_a-freer.o)
                0x00126444                _malloc_trim_r
 .text._free_r  0x0012653c      0x2e4 c:/devkitpro/devkitarm/bin/../lib/gcc/arm-none-eabi/6.3.0/../../../../arm-none-eabi/lib/armv6k/fpu\libg.a(lib_a-freer.o)
                0x0012653c                _free_r
 .text._fwalk   0x00126820       0x78 c:/devkitpro/devkitarm/bin/../lib/gcc/arm-none-eabi/6.3.0/../../../../arm-none-eabi/lib/armv6k/fpu\libg.a(lib_a-fwalk.o)
                0x00126820                _fwalk
 .text._fwalk_reent
                0x00126898       0x80 c:/devkitpro/devkitarm/bin/../lib/gcc/arm-none-eabi/6.3.0/../../../../arm-none-eabi/lib/armv6k/fpu\libg.a(lib_a-fwalk.o)
                0x00126898                _fwalk_reent
 .text.__libc_init_array
                0x00126918       0x78 c:/devkitpro/devkitarm/bin/../lib/gcc/arm-none-eabi/6.3.0/../../../../arm-none-eabi/lib/armv6k/fpu\libg.a(lib_a-init.o)
                0x00126918                __libc_init_array
 .text.__swhatbuf_r
                0x00126990       0x94 c:/devkitpro/devkitarm/bin/../lib/gcc/arm-none-eabi/6.3.0/../../../../arm-none-eabi/lib/armv6k/fpu\libg.a(lib_a-makebuf.o)
                0x00126990                __swhatbuf_r
 .text.__smakebuf_r
                0x00126a24       0xf4 c:/devkitpro/devkitarm/bin/../lib/gcc/arm-none-eabi/6.3.0/../../../../arm-none-eabi/lib/armv6k/fpu\libg.a(lib_a-makebuf.o)
                0x00126a24                __smakebuf_r
 .text.memalign
                0x00126b18       0x20 c:/devkitpro/devkitarm/bin/../lib/gcc/arm-none-eabi/6.3.0/../../../../arm-none-eabi/lib/armv6k/fpu\libg.a(lib_a-malign.o)
                0x00126b18                memalign
 .text._memalign_r
                0x00126b38      0x158 c:/devkitpro/devkitarm/bin/../lib/gcc/arm-none-eabi/6.3.0/../../../../arm-none-eabi/lib/armv6k/fpu\libg.a(lib_a-malignr.o)
                0x00126b38                _memalign_r
 .text.malloc   0x00126c90       0x18 c:/devkitpro/devkitarm/bin/../lib/gcc/arm-none-eabi/6.3.0/../../../../arm-none-eabi/lib/armv6k/fpu\libg.a(lib_a-malloc.o)
                0x00126c90                malloc
 .text.free     0x00126ca8       0x18 c:/devkitpro/devkitarm/bin/../lib/gcc/arm-none-eabi/6.3.0/../../../../arm-none-eabi/lib/armv6k/fpu\libg.a(lib_a-malloc.o)
                0x00126ca8                free
 .text._malloc_r
                0x00126cc0      0x78c c:/devkitpro/devkitarm/bin/../lib/gcc/arm-none-eabi/6.3.0/../../../../arm-none-eabi/lib/armv6k/fpu\libg.a(lib_a-mallocr.o)
                0x00126cc0                _malloc_r
 .text.memchr   0x0012744c      0x104 c:/devkitpro/devkitarm/bin/../lib/gcc/arm-none-eabi/6.3.0/../../../../arm-none-eabi/lib/armv6k/fpu\libg.a(lib_a-memchr-stub.o)